Copyright 1986-2022 Xilinx, Inc. All Rights Reserved. Copyright 2022-2026 Advanced Micro Devices, Inc. All Rights Reserved.
---------------------------------------------------------------------------------------------------------------------------------------------
| Tool Version : Vivado v.2026.1 (win64) Build 6511674 Tue Jun 16 11:02:23 MDT 2026
| Date         : Sun Oct  4 00:36:06 2026
| Host         : Kiyopon running 64-bit major release  (build 9200)
| Command      : report_timing_summary -delay_type max -report_unconstrained -file reports/phase5b_timing_route.rpt
| Design       : canny_edge_detect_phase5b_top
| Device       : 7a100t-csg324
| Speed File   : -1  PRODUCTION 1.23 2018-06-13
| Design State : Routed
---------------------------------------------------------------------------------------------------------------------------------------------

Timing Summary Report

------------------------------------------------------------------------------------------------
| Timer Settings
| --------------
------------------------------------------------------------------------------------------------

  Enable Multi Corner Analysis               :  Yes
  Enable Pessimism Removal                   :  Yes
  Pessimism Removal Resolution               :  Nearest Common Node
  Enable Input Delay Default Clock           :  No
  Enable Preset / Clear Arcs                 :  No
  Disable Flight Delays                      :  No
  Ignore I/O Paths                           :  No
  Timing Early Launch at Borrowing Latches   :  No
  Borrow Time for Max Delay Exceptions       :  Yes
  Merge Timing Exceptions                    :  Yes
  Inter-SLR Compensation                     :  Conservative

  Corner  Analyze    Analyze    
  Name    Max Paths  Min Paths  
  ------  ---------  ---------  
  Slow    Yes        Yes        
  Fast    Yes        Yes        


------------------------------------------------------------------------------------------------
| Report Methodology
| ------------------
------------------------------------------------------------------------------------------------

Rule       Severity  Description                                 Violations  
---------  --------  ------------------------------------------  ----------  
SYNTH-6    Warning   Timing of a RAM block might be sub-optimal  8           
TIMING-18  Warning   Missing input or output delay               16          

Note: This report is based on the most recent report_methodology run and may not be up-to-date. Run report_methodology on the current design for the latest report.



check_timing report

Table of Contents
-----------------
1. checking no_clock (0)
2. checking constant_clock (0)
3. checking pulse_width_clock (0)
4. checking unconstrained_internal_endpoints (0)
5. checking no_input_delay (12)
6. checking no_output_delay (4)
7. checking multiple_clock (0)
8. checking generated_clocks (0)
9. checking loops (0)
10. checking partial_input_delay (0)
11. checking partial_output_delay (0)
12. checking latch_loops (0)

1. checking no_clock (0)
------------------------
 There are 0 register/latch pins with no clock.


2. checking constant_clock (0)
------------------------------
 There are 0 register/latch pins with constant_clock.


3. checking pulse_width_clock (0)
---------------------------------
 There are 0 register/latch pins which need pulse_width check


4. checking unconstrained_internal_endpoints (0)
------------------------------------------------
 There are 0 pins that are not constrained for maximum delay.

 There are 0 pins that are not constrained for maximum delay due to constant clock.


5. checking no_input_delay (12)
-------------------------------
 There are 12 input ports with no input delay specified. (HIGH)

 There are 0 input ports with no input delay but user has a false path constraint.


6. checking no_output_delay (4)
-------------------------------
 There are 4 ports with no output delay specified. (HIGH)

 There are 0 ports with no output delay but user has a false path constraint

 There are 0 ports with no output delay but with a timing clock defined on it or propagating through it


7. checking multiple_clock (0)
------------------------------
 There are 0 register/latch pins with multiple clocks.


8. checking generated_clocks (0)
--------------------------------
 There are 0 generated clocks that are not connected to a clock source.


9. checking loops (0)
---------------------
 There are 0 combinational loops in the design.


10. checking partial_input_delay (0)
------------------------------------
 There are 0 input ports with partial input delay specified.


11. checking partial_output_delay (0)
-------------------------------------
 There are 0 ports with partial output delay specified.


12. checking latch_loops (0)
----------------------------
 There are 0 combinational latch loops in the design through latch input



------------------------------------------------------------------------------------------------
| Design Timing Summary
| ---------------------
------------------------------------------------------------------------------------------------

    WNS(ns)      TNS(ns)  TNS Failing Endpoints  TNS Total Endpoints     WPWS(ns)     TPWS(ns)  TPWS Failing Endpoints  TPWS Total Endpoints  
    -------      -------  ---------------------  -------------------     --------     --------  ----------------------  --------------------  
      0.883        0.000                      0                 2485        4.020        0.000                       0                  1861  


All user specified timing constraints are met.


------------------------------------------------------------------------------------------------
| Clock Summary
| -------------
------------------------------------------------------------------------------------------------

Clock  Waveform(ns)       Period(ns)      Frequency(MHz)
-----  ------------       ----------      --------------
clk    {0.000 5.000}      10.000          100.000         


------------------------------------------------------------------------------------------------
| Intra Clock Table
| -----------------
------------------------------------------------------------------------------------------------

Clock             WNS(ns)      TNS(ns)  TNS Failing Endpoints  TNS Total Endpoints     WPWS(ns)     TPWS(ns)  TPWS Failing Endpoints  TPWS Total Endpoints  
-----             -------      -------  ---------------------  -------------------     --------     --------  ----------------------  --------------------  
clk                 0.883        0.000                      0                 2485        4.020        0.000                       0                  1861  


------------------------------------------------------------------------------------------------
| Inter Clock Table
| -----------------
------------------------------------------------------------------------------------------------

From Clock    To Clock          WNS(ns)      TNS(ns)  TNS Failing Endpoints  TNS Total Endpoints  
----------    --------          -------      -------  ---------------------  -------------------  


------------------------------------------------------------------------------------------------
| Other Path Groups Table
| -----------------------
------------------------------------------------------------------------------------------------

Path Group    From Clock    To Clock          WNS(ns)      TNS(ns)  TNS Failing Endpoints  TNS Total Endpoints  
----------    ----------    --------          -------      -------  ---------------------  -------------------  


------------------------------------------------------------------------------------------------
| User Ignored Path Table
| -----------------------
------------------------------------------------------------------------------------------------

Path Group    From Clock    To Clock    
----------    ----------    --------    


------------------------------------------------------------------------------------------------
| Unconstrained Path Table
| ------------------------
------------------------------------------------------------------------------------------------

Path Group    From Clock    To Clock    
----------    ----------    --------    
(none)        clk                         
(none)                      clk           


------------------------------------------------------------------------------------------------
| Timing Details
| --------------
------------------------------------------------------------------------------------------------


---------------------------------------------------------------------------------------------------
From Clock:  clk
  To Clock:  clk

Setup :            0  Failing Endpoints,  Worst Slack        0.883ns,  Total Violation        0.000ns
Hold  :           NA  Failing Endpoints,  Worst Slack           NA  ,  Total Violation           NA
PW    :            0  Failing Endpoints,  Worst Slack        4.020ns,  Total Violation        0.000ns
---------------------------------------------------------------------------------------------------


Max Delay Paths
--------------------------------------------------------------------------------------
Slack (MET) :             0.883ns  (required time - arrival time)
  Source:                 u_gradient/u_cordic/g_stage[15].x_reg_reg[3]/C
                            (rising edge-triggered cell FDCE clocked by clk  {rise@0.000ns fall@5.000ns period=10.000ns})
  Destination:            u_gradient/u_cordic/scaled_reg_reg[47]/D
                            (rising edge-triggered cell FDCE clocked by clk  {rise@0.000ns fall@5.000ns period=10.000ns})
  Path Group:             clk
  Path Type:              Setup (Max at Slow Process Corner)
  Requirement:            10.000ns  (clk rise@10.000ns - clk rise@0.000ns)
  Data Path Delay:        9.173ns  (logic 4.836ns (52.722%)  route 4.337ns (47.278%))
  Logic Levels:           16  (CARRY4=11 LUT2=1 LUT3=2 LUT4=1 LUT5=1)
  Clock Path Skew:        0.029ns (DCD - SCD + CPR)
    Destination Clock Delay (DCD):    4.410ns = ( 14.410 - 10.000 ) 
    Source Clock Delay      (SCD):    4.704ns
    Clock Pessimism Removal (CPR):    0.323ns
  Clock Uncertainty:      0.035ns  ((TSJ^2 + TIJ^2)^1/2 + DJ) / 2 + PE
    Total System Jitter     (TSJ):    0.071ns
    Total Input Jitter      (TIJ):    0.000ns
    Discrete Jitter          (DJ):    0.000ns
    Phase Error              (PE):    0.000ns

    Location             Delay type                Incr(ns)  Path(ns)    Netlist Resource(s)
  -------------------------------------------------------------------    -------------------
                         (clock clk rise edge)        0.000     0.000 r  <hidden>
    N15                                               0.000     0.000 r  clk
                         net (fo=0)                   0.000     0.000    clk
    N15                  IBUF (Prop_ibuf_I_O)         0.948     0.948 r  clk_IBUF_inst/O
                         net (fo=1, routed)           2.016     2.963    clk_IBUF
    BUFGCTRL_X0Y0        BUFG (Prop_bufg_I_O)         0.096     3.059 r  clk_IBUF_BUFG_inst/O
                         net (fo=1860, routed)        1.644     4.704    u_gradient/u_cordic/clk_IBUF_BUFG
    SLICE_X9Y55          FDCE                                         r  u_gradient/u_cordic/g_stage[15].x_reg_reg[3]/C
  -------------------------------------------------------------------    -------------------
    SLICE_X9Y55          FDCE (Prop_fdce_C_Q)         0.456     5.160 r  u_gradient/u_cordic/g_stage[15].x_reg_reg[3]/Q
                         net (fo=19, routed)          1.071     6.230    u_gradient/u_cordic/g_stage[15].x_reg[3]
    SLICE_X4Y58          LUT2 (Prop_lut2_I0_O)        0.124     6.354 r  u_gradient/u_cordic/scaled_reg[29]_i_184/O
                         net (fo=1, routed)           0.000     6.354    u_gradient/u_cordic/scaled_reg[29]_i_184_n_0
    SLICE_X4Y58          CARRY4 (Prop_carry4_S[1]_CO[3])
                                                      0.550     6.904 r  u_gradient/u_cordic/scaled_reg_reg[29]_i_167/CO[3]
                         net (fo=1, routed)           0.000     6.904    u_gradient/u_cordic/scaled_reg_reg[29]_i_167_n_0
    SLICE_X4Y59          CARRY4 (Prop_carry4_CI_CO[3])
                                                      0.114     7.018 r  u_gradient/u_cordic/scaled_reg_reg[29]_i_141/CO[3]
                         net (fo=1, routed)           0.000     7.018    u_gradient/u_cordic/scaled_reg_reg[29]_i_141_n_0
    SLICE_X4Y60          CARRY4 (Prop_carry4_CI_CO[3])
                                                      0.114     7.132 r  u_gradient/u_cordic/scaled_reg_reg[29]_i_110/CO[3]
                         net (fo=1, routed)           0.000     7.132    u_gradient/u_cordic/scaled_reg_reg[29]_i_110_n_0
    SLICE_X4Y61          CARRY4 (Prop_carry4_CI_O[0])
                                                      0.222     7.354 r  u_gradient/u_cordic/scaled_reg_reg[29]_i_82/O[0]
                         net (fo=2, routed)           0.825     8.179    u_gradient/u_cordic/scaled_reg_reg[29]_i_82_n_7
    SLICE_X3Y60          LUT3 (Prop_lut3_I1_O)        0.325     8.504 r  u_gradient/u_cordic/scaled_reg[29]_i_50/O
                         net (fo=2, routed)           0.587     9.092    u_gradient/u_cordic/scaled_reg[29]_i_50_n_0
    SLICE_X3Y61          LUT4 (Prop_lut4_I3_O)        0.332     9.424 r  u_gradient/u_cordic/scaled_reg[29]_i_54/O
                         net (fo=1, routed)           0.000     9.424    u_gradient/u_cordic/scaled_reg[29]_i_54_n_0
    SLICE_X3Y61          CARRY4 (Prop_carry4_S[0]_CO[3])
                                                      0.532     9.956 r  u_gradient/u_cordic/scaled_reg_reg[29]_i_26/CO[3]
                         net (fo=1, routed)           0.000     9.956    u_gradient/u_cordic/scaled_reg_reg[29]_i_26_n_0
    SLICE_X3Y62          CARRY4 (Prop_carry4_CI_CO[3])
                                                      0.114    10.070 r  u_gradient/u_cordic/scaled_reg_reg[33]_i_16/CO[3]
                         net (fo=1, routed)           0.000    10.070    u_gradient/u_cordic/scaled_reg_reg[33]_i_16_n_0
    SLICE_X3Y63          CARRY4 (Prop_carry4_CI_O[1])
                                                      0.334    10.404 r  u_gradient/u_cordic/scaled_reg_reg[37]_i_16/O[1]
                         net (fo=3, routed)           0.618    11.022    u_gradient/u_cordic/scaled_reg_reg[37]_i_16_n_6
    SLICE_X7Y64          LUT3 (Prop_lut3_I1_O)        0.303    11.325 r  u_gradient/u_cordic/scaled_reg[33]_i_13/O
                         net (fo=2, routed)           0.582    11.907    u_gradient/u_cordic/scaled_reg[33]_i_13_n_0
    SLICE_X7Y63          LUT5 (Prop_lut5_I1_O)        0.150    12.057 r  u_gradient/u_cordic/scaled_reg[33]_i_4/O
                         net (fo=2, routed)           0.653    12.710    u_gradient/u_cordic/scaled_reg[33]_i_4_n_0
    SLICE_X5Y63          CARRY4 (Prop_carry4_DI[1]_CO[3])
                                                      0.715    13.425 r  u_gradient/u_cordic/scaled_reg_reg[33]_i_1/CO[3]
                         net (fo=1, routed)           0.000    13.425    u_gradient/u_cordic/scaled_reg_reg[33]_i_1_n_0
    SLICE_X5Y64          CARRY4 (Prop_carry4_CI_CO[3])
                                                      0.114    13.539 r  u_gradient/u_cordic/scaled_reg_reg[37]_i_1/CO[3]
                         net (fo=1, routed)           0.000    13.539    u_gradient/u_cordic/scaled_reg_reg[37]_i_1_n_0
    SLICE_X5Y65          CARRY4 (Prop_carry4_CI_CO[3])
                                                      0.114    13.653 r  u_gradient/u_cordic/scaled_reg_reg[41]_i_1/CO[3]
                         net (fo=1, routed)           0.000    13.653    u_gradient/u_cordic/scaled_reg_reg[41]_i_1_n_0
    SLICE_X5Y66          CARRY4 (Prop_carry4_CI_O[0])
                                                      0.223    13.876 r  u_gradient/u_cordic/scaled_reg_reg[47]_i_1/O[0]
                         net (fo=1, routed)           0.000    13.876    u_gradient/u_cordic/scaled_next[42]
    SLICE_X5Y66          FDCE                                         r  u_gradient/u_cordic/scaled_reg_reg[47]/D
  -------------------------------------------------------------------    -------------------

                         (clock clk rise edge)       10.000    10.000 r  <hidden>
    N15                                               0.000    10.000 r  clk
                         net (fo=0)                   0.000    10.000    clk
    N15                  IBUF (Prop_ibuf_I_O)         0.814    10.814 r  clk_IBUF_inst/O
                         net (fo=1, routed)           1.911    12.725    clk_IBUF
    BUFGCTRL_X0Y0        BUFG (Prop_bufg_I_O)         0.091    12.816 r  clk_IBUF_BUFG_inst/O
                         net (fo=1860, routed)        1.593    14.410    u_gradient/u_cordic/clk_IBUF_BUFG
    SLICE_X5Y66          FDCE                                         r  u_gradient/u_cordic/scaled_reg_reg[47]/C
                         clock pessimism              0.323    14.733    <hidden>
                         clock uncertainty           -0.035    14.697    <hidden>
    SLICE_X5Y66          FDCE (Setup_fdce_C_D)        0.062    14.759    u_gradient/u_cordic/scaled_reg_reg[47]
  -------------------------------------------------------------------
                         required time                         14.759    <hidden>
                         arrival time                         -13.876    <hidden>
  -------------------------------------------------------------------
                         slack                                  0.883    <hidden>





Pulse Width Checks
--------------------------------------------------------------------------------------
Clock Name:         clk
Waveform(ns):       { 0.000 5.000 }
Period(ns):         10.000
Sources:            { clk }

Check Type        Corner  Lib Pin             Reference Pin  Required(ns)  Actual(ns)  Slack(ns)  Location      Pin
Min Period        n/a     RAMB18E1/CLKARDCLK  n/a            2.944         10.000      7.056      RAMB18_X0Y15  u_gaussian/u_matrix_generate_3x3_phase5b/u_one_column_ram/u_fifo_ram0/fifo_buffer_reg/CLKARDCLK
Low Pulse Width   Slow    SRLC32E/CLK         n/a            0.980         5.000       4.020      SLICE_X6Y54   u_gradient/u_cordic/href_post_reg_srl20_u_gradient_u_cordic_href_post_reg_c/CLK
High Pulse Width  Slow    SRLC32E/CLK         n/a            0.980         5.000       4.020      SLICE_X6Y54   u_gradient/u_cordic/href_post_reg_srl20_u_gradient_u_cordic_href_post_reg_c/CLK



--------------------------------------------------------------------------------------
Path Group:  (none)
From Clock:  clk
  To Clock:  

Max Delay             4 Endpoints
Min Delay             0 Endpoints
--------------------------------------------------------------------------------------


Max Delay Paths
--------------------------------------------------------------------------------------
Slack:                    inf
  Source:                 u_local_3x3/canny_out_reg/C
                            (rising edge-triggered cell FDCE clocked by clk  {rise@0.000ns fall@5.000ns period=10.000ns})
  Destination:            post_img_bit
                            (output port)
  Path Group:             (none)
  Path Type:              Max at Slow Process Corner
  Data Path Delay:        5.031ns  (logic 3.160ns (62.810%)  route 1.871ns (37.190%))
  Logic Levels:           1  (OBUF=1)
  Clock Uncertainty:      0.025ns  ((TSJ^2 + TIJ^2)^1/2 + DJ) / 2 + PE
    Total System Jitter     (TSJ):    0.050ns
    Total Input Jitter      (TIJ):    0.000ns
    Discrete Jitter          (DJ):    0.000ns
    Phase Error              (PE):    0.000ns

    Location             Delay type                Incr(ns)  Path(ns)    Netlist Resource(s)
  -------------------------------------------------------------------    -------------------
                         (clock clk rise edge)        0.000     0.000 r  <hidden>
    N15                                               0.000     0.000 r  clk
                         net (fo=0)                   0.000     0.000    clk
    N15                  IBUF (Prop_ibuf_I_O)         0.948     0.948 r  clk_IBUF_inst/O
                         net (fo=1, routed)           2.016     2.963    clk_IBUF
    BUFGCTRL_X0Y0        BUFG (Prop_bufg_I_O)         0.096     3.059 r  clk_IBUF_BUFG_inst/O
                         net (fo=1860, routed)        1.711     4.771    u_local_3x3/clk_IBUF_BUFG
    SLICE_X2Y69          FDCE                                         r  u_local_3x3/canny_out_reg/C
  -------------------------------------------------------------------    -------------------
    SLICE_X2Y69          FDCE (Prop_fdce_C_Q)         0.518     5.289 r  u_local_3x3/canny_out_reg/Q
                         net (fo=1, routed)           1.871     7.160    post_img_bit_OBUF
    U18                  OBUF (Prop_obuf_I_O)         2.642     9.801 r  post_img_bit_OBUF_inst/O
                         net (fo=0)                   0.000     9.801    post_img_bit
    U18                                                               r  post_img_bit
  -------------------------------------------------------------------    -------------------





--------------------------------------------------------------------------------------
Path Group:  (none)
From Clock:  
  To Clock:  clk

Max Delay          1597 Endpoints
Min Delay             0 Endpoints
--------------------------------------------------------------------------------------


Max Delay Paths
--------------------------------------------------------------------------------------
Slack:                    inf
  Source:                 rst_n
                            (input port)
  Destination:            u_gradient/u_cordic/g_stage[4].x_reg_reg[10]/CLR
                            (recovery check against rising-edge clock clk  {rise@0.000ns fall@5.000ns period=10.000ns})
  Path Group:             (none)
  Path Type:              Recovery (Max at Slow Process Corner)
  Data Path Delay:        9.274ns  (logic 1.119ns (12.065%)  route 8.155ns (87.935%))
  Logic Levels:           2  (IBUF=1 LUT1=1)
  Clock Path Skew:        4.498ns (DCD - SCD + CPR)
    Destination Clock Delay (DCD):    4.498ns
    Source Clock Delay      (SCD):    0.000ns
    Clock Pessimism Removal (CPR):    0.000ns
  Clock Uncertainty:      0.025ns  ((TSJ^2 + TIJ^2)^1/2 + DJ) / 2 + PE
    Total System Jitter     (TSJ):    0.050ns
    Total Input Jitter      (TIJ):    0.000ns
    Discrete Jitter          (DJ):    0.000ns
    Phase Error              (PE):    0.000ns

    Location             Delay type                Incr(ns)  Path(ns)    Netlist Resource(s)
  -------------------------------------------------------------------    -------------------
    U11                                               0.000     0.000 r  rst_n
                         net (fo=0)                   0.000     0.000    rst_n
    U11                  IBUF (Prop_ibuf_I_O)         0.995     0.995 r  rst_n_IBUF_inst/O
                         net (fo=1, routed)           1.235     2.230    u_gradient/u_cordic/rst_n_IBUF
    SLICE_X0Y61          LUT1 (Prop_lut1_I0_O)        0.124     2.354 f  u_gradient/u_cordic/per_frame_href_r[1]_i_1/O
                         net (fo=1561, routed)        6.920     9.274    u_gradient/u_cordic/rst_n
    SLICE_X22Y37         FDCE                                         f  u_gradient/u_cordic/g_stage[4].x_reg_reg[10]/CLR
  -------------------------------------------------------------------    -------------------

                         (clock clk rise edge)        0.000     0.000 r  <hidden>
    N15                                               0.000     0.000 r  clk
                         net (fo=0)                   0.000     0.000    clk
    N15                  IBUF (Prop_ibuf_I_O)         0.814     0.814 r  clk_IBUF_inst/O
                         net (fo=1, routed)           1.911     2.725    clk_IBUF
    BUFGCTRL_X0Y0        BUFG (Prop_bufg_I_O)         0.091     2.816 r  clk_IBUF_BUFG_inst/O
                         net (fo=1860, routed)        1.682     4.498    u_gradient/u_cordic/clk_IBUF_BUFG
    SLICE_X22Y37         FDCE                                         r  u_gradient/u_cordic/g_stage[4].x_reg_reg[10]/C





