Copyright 1986-2022 Xilinx, Inc. All Rights Reserved. Copyright 2022-2026 Advanced Micro Devices, Inc. All Rights Reserved.
---------------------------------------------------------------------------------------------------------------------------------------------
| Tool Version : Vivado v.2026.1 (win64) Build 6511674 Tue Jun 16 11:02:23 MDT 2026
| Date         : Sat Oct  3 16:27:05 2026
| Host         : Kiyopon running 64-bit major release  (build 9200)
| Command      : report_utilization -hierarchical -file reports/phase3_utilization_hierarchical.rpt
| Design       : canny_edge_detect_gaussian_top
| Device       : xc7a100tcsg324-1
| Speed File   : -1
| Design State : Synthesized
---------------------------------------------------------------------------------------------------------------------------------------------

Utilization Design Information

Table of Contents
-----------------
1. Utilization by Hierarchy

1. Utilization by Hierarchy
---------------------------

+------------------------------------+-------------------------------------+------------+------------+---------+------+-----+--------+--------+------------+
|              Instance              |                Module               | Total LUTs | Logic LUTs | LUTRAMs | SRLs | FFs | RAMB36 | RAMB18 | DSP Blocks |
+------------------------------------+-------------------------------------+------------+------------+---------+------+-----+--------+--------+------------+
| canny_edge_detect_gaussian_top     |                               (top) |        760 |        755 |       0 |    5 | 985 |      0 |      8 |          1 |
|   (canny_edge_detect_gaussian_top) |                               (top) |          0 |          0 |       0 |    0 |   0 |      0 |      0 |          0 |
|   u_canny_core                     |               canny_edge_detect_top |        650 |        646 |       0 |    4 | 799 |      0 |      6 |          1 |
|     u_anny_nonLocalMaxValue        |              canny_nonLocalMaxValue |        125 |        125 |       0 |    0 | 203 |      0 |      2 |          0 |
|       u_matrix_generate_3x3        | matrix_generate_3x3__parameterized0 |        125 |        125 |       0 |    0 | 198 |      0 |      2 |          0 |
|         (u_matrix_generate_3x3)    | matrix_generate_3x3__parameterized0 |         78 |         78 |       0 |    0 | 108 |      0 |      0 |          0 |
|         u_one_column_ram           |      one_column_ram__parameterized0 |         47 |         47 |       0 |    0 |  90 |      0 |      2 |          0 |
|           (u_one_column_ram)       |      one_column_ram__parameterized0 |          5 |          5 |       0 |    0 |  50 |      0 |      0 |          0 |
|     u_canny_doubleThreshold        |               canny_doubleThreshold |         40 |         39 |       0 |    1 |  70 |      0 |      2 |          0 |
|     u_canny_get_grandient          |                 canny_get_grandient |        485 |        482 |       0 |    3 | 526 |      0 |      2 |          1 |
|       (u_canny_get_grandient)      |                 canny_get_grandient |         37 |         34 |       0 |    3 |  96 |      0 |      0 |          0 |
|       u_cordic_sqrt                |                         cordic_sqrt |        342 |        342 |       0 |    0 | 288 |      0 |      0 |          1 |
|         u_cordic_pipline_0         |                      cordic_pipline |         58 |         58 |       0 |    0 |  24 |      0 |      0 |          0 |
|       u_matrix_generate_3x3        |               matrix_generate_3x3_1 |        106 |        106 |       0 |    0 | 142 |      0 |      2 |          0 |
|         (u_matrix_generate_3x3)    |               matrix_generate_3x3_1 |         65 |         65 |       0 |    0 |  76 |      0 |      0 |          0 |
|         u_one_column_ram           |                    one_column_ram_2 |         41 |         41 |       0 |    0 |  66 |      0 |      2 |          0 |
|   u_gaussian                       |               image_gaussian_filter |        110 |        109 |       0 |    1 | 186 |      0 |      2 |          0 |
|     u_matrix_generate_3x3          |                 matrix_generate_3x3 |         96 |         96 |       0 |    0 | 143 |      0 |      2 |          0 |
|       (u_matrix_generate_3x3)      |                 matrix_generate_3x3 |         55 |         55 |       0 |    0 |  77 |      0 |      0 |          0 |
|       u_one_column_ram             |                      one_column_ram |         41 |         41 |       0 |    0 |  66 |      0 |      2 |          0 |
+------------------------------------+-------------------------------------+------------+------------+---------+------+-----+--------+--------+------------+


