Copyright 1986-2022 Xilinx, Inc. All Rights Reserved. Copyright 2022-2026 Advanced Micro Devices, Inc. All Rights Reserved.
---------------------------------------------------------------------------------------------------------------------------------------------
| Tool Version : Vivado v.2026.1 (win64) Build 6511674 Tue Jun 16 11:02:23 MDT 2026
| Date         : Sat Oct  3 16:12:57 2026
| Host         : Kiyopon running 64-bit major release  (build 9200)
| Command      : report_drc -file reports/phase2_drc.rpt
| Design       : canny_edge_detect_top
| Device       : xc7a100tcsg324-1
| Speed File   : -1
| Design State : Synthesized
---------------------------------------------------------------------------------------------------------------------------------------------

Report DRC

Table of Contents
-----------------
1. REPORT SUMMARY
2. REPORT DETAILS

1. REPORT SUMMARY
-----------------
            Netlist: netlist
          Floorplan: design_1
      Design limits: <entire design considered>
           Ruledeck: default
             Max checks: <unlimited>
             Checks found: 14
+-----------+------------------+-----------------------------------------------------+--------+
| Rule      | Severity         | Description                                         | Checks |
+-----------+------------------+-----------------------------------------------------+--------+
| NSTD-1    | Critical Warning | Unspecified I/O Standard                            | 1      |
| UCIO-1    | Critical Warning | Unconstrained Logical Port                          | 1      |
| CFGBVS-1  | Warning          | Missing CFGBVS and CONFIG_VOLTAGE Design Properties | 1      |
| DPIP-1    | Warning          | Input pipelining                                    | 1      |
| DPOP-1    | Warning          | PREG Output pipelining                              | 1      |
| DPOP-2    | Warning          | MREG Output pipelining                              | 1      |
| DPOR-1    | Warning          | Asynchronous load check                             | 4      |
| REQP-1840 | Warning          | RAMB18 async control check                          | 4      |
+-----------+------------------+-----------------------------------------------------+--------+

2. REPORT DETAILS
-----------------
NSTD-1#1 Critical Warning
Unspecified I/O Standard  
17 out of 17 logical ports use I/O standard (IOSTANDARD) value 'DEFAULT', instead of a user assigned specific value. This may cause I/O contention or incompatibility with the board power or connectivity affecting performance, signal integrity or in extreme cases cause damage to the device or the components to which it is connected. To correct this violation, specify all I/O standards. This design will fail to generate a bitstream unless all logical ports have a user specified I/O standard value defined. To allow bitstream creation with unspecified I/O standard values (not recommended), use this command: set_property SEVERITY {Warning} [get_drc_checks NSTD-1].  NOTE: When using the Vivado Runs infrastructure (e.g. launch_runs Tcl command), add this command to a .tcl file and add that file as a pre-hook for write_bitstream step for the implementation run. Problem ports: clk, per_frame_clken, per_frame_href, per_frame_vsync, per_img_y[7:0],
post_frame_clken, post_frame_href, post_frame_vsync, post_img_bit, rst_n.
Related violations: <none>

UCIO-1#1 Critical Warning
Unconstrained Logical Port  
17 out of 17 logical ports have no user assigned specific location constraint (LOC). This may cause I/O contention or incompatibility with the board power or connectivity affecting performance, signal integrity or in extreme cases cause damage to the device or the components to which it is connected. To correct this violation, specify all pin locations. This design will fail to generate a bitstream unless all logical ports have a user specified site LOC constraint defined.  To allow bitstream creation with unspecified pin locations (not recommended), use this command: set_property SEVERITY {Warning} [get_drc_checks UCIO-1].  NOTE: When using the Vivado Runs infrastructure (e.g. launch_runs Tcl command), add this command to a .tcl file and add that file as a pre-hook for write_bitstream step for the implementation run.  Problem ports: clk, per_frame_clken, per_frame_href, per_frame_vsync, per_img_y[7:0],
post_frame_clken, post_frame_href, post_frame_vsync, post_img_bit, rst_n.
Related violations: <none>

CFGBVS-1#1 Warning
Missing CFGBVS and CONFIG_VOLTAGE Design Properties  
Neither the CFGBVS nor CONFIG_VOLTAGE voltage property is set in the current_design.  Configuration bank voltage select (CFGBVS) must be set to VCCO or GND, and CONFIG_VOLTAGE must be set to the correct configuration voltage, in order to determine the I/O voltage support for the pins in bank 0.  It is suggested to specify these either using the 'Edit Device Properties' function in the GUI or directly in the XDC file using the following syntax:

 set_property CFGBVS value1 [current_design]
 #where value1 is either VCCO or GND

 set_property CONFIG_VOLTAGE value2 [current_design]
 #where value2 is the voltage provided to configuration bank 0

Refer to the device configuration user guide for more information.
Related violations: <none>

DPIP-1#1 Warning
Input pipelining  
DSP u_canny_get_grandient/u_cordic_sqrt/sqrt_out0 input u_canny_get_grandient/u_cordic_sqrt/sqrt_out0/A[29:0] is not pipelined. Pipelining DSP48 input will improve performance.
Related violations: <none>

DPOP-1#1 Warning
PREG Output pipelining  
DSP u_canny_get_grandient/u_cordic_sqrt/sqrt_out0 output u_canny_get_grandient/u_cordic_sqrt/sqrt_out0/P[47:0] is not pipelined (PREG=0). Pipelining the DSP48 output will improve performance and often saves power so it is suggested whenever possible to fully pipeline this function.  If this DSP48 function was inferred, it is suggested to describe an additional register stage after this function.  If the DSP48 was instantiated in the design, it is suggested to set the PREG attribute to 1.
Related violations: <none>

DPOP-2#1 Warning
MREG Output pipelining  
DSP u_canny_get_grandient/u_cordic_sqrt/sqrt_out0 multiplier stage u_canny_get_grandient/u_cordic_sqrt/sqrt_out0/P[47:0] is not pipelined (MREG=0). Pipelining the multiplier function will improve performance and will save significant power so it is suggested whenever possible to fully pipeline this function.  If this multiplier was inferred, it is suggested to describe an additional register stage after this function.  If there is no registered adder/accumulator following the multiply function, two pipeline stages are suggested to allow both the MREG and PREG registers to be used.  If the DSP48 was instantiated in the design, it is suggested to set both the MREG and PREG attributes to 1 when performing multiply functions.
Related violations: <none>

DPOR-1#1 Warning
Asynchronous load check  
DSP u_canny_get_grandient/u_cordic_sqrt/sqrt_out0 output is connected to registers with an asynchronous reset (u_canny_get_grandient/gra_path_reg[6]). This is preventing the possibility of merging these registers in to the DSP Block since the DSP block registers only possess synchronous reset capability.  It is suggested to recode or change these registers to remove the reset or use a synchronous reset to get the best optimization for performance, power and area.
Related violations: <none>

DPOR-1#2 Warning
Asynchronous load check  
DSP u_canny_get_grandient/u_cordic_sqrt/sqrt_out0 output is connected to registers with an asynchronous reset (u_canny_get_grandient/gra_path_reg[7]). This is preventing the possibility of merging these registers in to the DSP Block since the DSP block registers only possess synchronous reset capability.  It is suggested to recode or change these registers to remove the reset or use a synchronous reset to get the best optimization for performance, power and area.
Related violations: <none>

DPOR-1#3 Warning
Asynchronous load check  
DSP u_canny_get_grandient/u_cordic_sqrt/sqrt_out0 output is connected to registers with an asynchronous reset (u_canny_get_grandient/gra_path_reg[8]). This is preventing the possibility of merging these registers in to the DSP Block since the DSP block registers only possess synchronous reset capability.  It is suggested to recode or change these registers to remove the reset or use a synchronous reset to get the best optimization for performance, power and area.
Related violations: <none>

DPOR-1#4 Warning
Asynchronous load check  
DSP u_canny_get_grandient/u_cordic_sqrt/sqrt_out0 output is connected to registers with an asynchronous reset (u_canny_get_grandient/gra_path_reg[9]). This is preventing the possibility of merging these registers in to the DSP Block since the DSP block registers only possess synchronous reset capability.  It is suggested to recode or change these registers to remove the reset or use a synchronous reset to get the best optimization for performance, power and area.
Related violations: <none>

REQP-1840#1 Warning
RAMB18 async control check  
The RAMB18E1 u_anny_nonLocalMaxValue/u_matrix_generate_3x3/u_one_column_ram/u_fifo_ram0/fifo_buffer_reg has an input control pin u_anny_nonLocalMaxValue/u_matrix_generate_3x3/u_one_column_ram/u_fifo_ram0/fifo_buffer_reg/RSTRAMB (net: u_anny_nonLocalMaxValue/u_matrix_generate_3x3/u_one_column_ram/u_fifo_ram0/fifo_buffer_reg_0) which is driven by a register (u_canny_get_grandient/sobel_clken_t_reg[10]) that has an active asychronous set or reset. This may cause corruption of the memory contents and/or read values when the set/reset is asserted and is not analyzed by the default static timing analysis. It is suggested to eliminate the use of a set/reset to registers driving this RAMB pin or else use a synchronous reset in which the assertion of the reset is timed by default.
Related violations: <none>

REQP-1840#2 Warning
RAMB18 async control check  
The RAMB18E1 u_anny_nonLocalMaxValue/u_matrix_generate_3x3/u_one_column_ram/u_fifo_ram1/fifo_buffer_reg has an input control pin u_anny_nonLocalMaxValue/u_matrix_generate_3x3/u_one_column_ram/u_fifo_ram1/fifo_buffer_reg/RSTRAMB (net: u_anny_nonLocalMaxValue/u_matrix_generate_3x3/u_one_column_ram/u_fifo_ram1/fifo_buffer_reg_0) which is driven by a register (u_canny_get_grandient/sobel_clken_t_reg[10]) that has an active asychronous set or reset. This may cause corruption of the memory contents and/or read values when the set/reset is asserted and is not analyzed by the default static timing analysis. It is suggested to eliminate the use of a set/reset to registers driving this RAMB pin or else use a synchronous reset in which the assertion of the reset is timed by default.
Related violations: <none>

REQP-1840#3 Warning
RAMB18 async control check  
The RAMB18E1 u_canny_doubleThreshold/u_matrix_generate_3x3/u_one_column_ram/u_fifo_ram0/fifo_buffer_reg has an input control pin u_canny_doubleThreshold/u_matrix_generate_3x3/u_one_column_ram/u_fifo_ram0/fifo_buffer_reg/RSTRAMB (net: u_canny_doubleThreshold/u_matrix_generate_3x3/u_one_column_ram/u_fifo_ram0/fifo_buffer_reg_1) which is driven by a register (u_anny_nonLocalMaxValue/nonLocalMaxValue_clken_d1_reg) that has an active asychronous set or reset. This may cause corruption of the memory contents and/or read values when the set/reset is asserted and is not analyzed by the default static timing analysis. It is suggested to eliminate the use of a set/reset to registers driving this RAMB pin or else use a synchronous reset in which the assertion of the reset is timed by default.
Related violations: <none>

REQP-1840#4 Warning
RAMB18 async control check  
The RAMB18E1 u_canny_doubleThreshold/u_matrix_generate_3x3/u_one_column_ram/u_fifo_ram1/fifo_buffer_reg has an input control pin u_canny_doubleThreshold/u_matrix_generate_3x3/u_one_column_ram/u_fifo_ram1/fifo_buffer_reg/RSTRAMB (net: u_canny_doubleThreshold/u_matrix_generate_3x3/u_one_column_ram/u_fifo_ram1/fifo_buffer_reg_1) which is driven by a register (u_anny_nonLocalMaxValue/nonLocalMaxValue_clken_d1_reg) that has an active asychronous set or reset. This may cause corruption of the memory contents and/or read values when the set/reset is asserted and is not analyzed by the default static timing analysis. It is suggested to eliminate the use of a set/reset to registers driving this RAMB pin or else use a synchronous reset in which the assertion of the reset is timed by default.
Related violations: <none>


