Copyright 1986-2022 Xilinx, Inc. All Rights Reserved. Copyright 2022-2026 Advanced Micro Devices, Inc. All Rights Reserved.
---------------------------------------------------------------------------------------------------------------------------------------------
| Tool Version : Vivado v.2026.1 (win64) Build 6511674 Tue Jun 16 11:02:23 MDT 2026
| Date         : Sat Oct  3 17:55:39 2026
| Host         : Kiyopon running 64-bit major release  (build 9200)
| Command      : report_timing_summary -delay_type max -report_unconstrained -file reports/phase4b_run2_postroute_timing_summary.rpt
| Design       : canny_edge_detect_phase4b_top
| Device       : 7a100t-csg324
| Speed File   : -1  PRODUCTION 1.23 2018-06-13
| Design State : Routed
---------------------------------------------------------------------------------------------------------------------------------------------

Timing Summary Report

------------------------------------------------------------------------------------------------
| Timer Settings
| --------------
------------------------------------------------------------------------------------------------

  Enable Multi Corner Analysis               :  Yes
  Enable Pessimism Removal                   :  Yes
  Pessimism Removal Resolution               :  Nearest Common Node
  Enable Input Delay Default Clock           :  No
  Enable Preset / Clear Arcs                 :  No
  Disable Flight Delays                      :  No
  Ignore I/O Paths                           :  No
  Timing Early Launch at Borrowing Latches   :  No
  Borrow Time for Max Delay Exceptions       :  Yes
  Merge Timing Exceptions                    :  Yes
  Inter-SLR Compensation                     :  Conservative

  Corner  Analyze    Analyze    
  Name    Max Paths  Min Paths  
  ------  ---------  ---------  
  Slow    Yes        Yes        
  Fast    Yes        Yes        


------------------------------------------------------------------------------------------------
| Report Methodology
| ------------------
------------------------------------------------------------------------------------------------

Rule       Severity  Description                                 Violations  
---------  --------  ------------------------------------------  ----------  
SYNTH-6    Warning   Timing of a RAM block might be sub-optimal  8           
TIMING-18  Warning   Missing input or output delay               16          

Note: This report is based on the most recent report_methodology run and may not be up-to-date. Run report_methodology on the current design for the latest report.



check_timing report

Table of Contents
-----------------
1. checking no_clock (0)
2. checking constant_clock (0)
3. checking pulse_width_clock (0)
4. checking unconstrained_internal_endpoints (0)
5. checking no_input_delay (12)
6. checking no_output_delay (4)
7. checking multiple_clock (0)
8. checking generated_clocks (0)
9. checking loops (0)
10. checking partial_input_delay (0)
11. checking partial_output_delay (0)
12. checking latch_loops (0)

1. checking no_clock (0)
------------------------
 There are 0 register/latch pins with no clock.


2. checking constant_clock (0)
------------------------------
 There are 0 register/latch pins with constant_clock.


3. checking pulse_width_clock (0)
---------------------------------
 There are 0 register/latch pins which need pulse_width check


4. checking unconstrained_internal_endpoints (0)
------------------------------------------------
 There are 0 pins that are not constrained for maximum delay.

 There are 0 pins that are not constrained for maximum delay due to constant clock.


5. checking no_input_delay (12)
-------------------------------
 There are 12 input ports with no input delay specified. (HIGH)

 There are 0 input ports with no input delay but user has a false path constraint.


6. checking no_output_delay (4)
-------------------------------
 There are 4 ports with no output delay specified. (HIGH)

 There are 0 ports with no output delay but user has a false path constraint

 There are 0 ports with no output delay but with a timing clock defined on it or propagating through it


7. checking multiple_clock (0)
------------------------------
 There are 0 register/latch pins with multiple clocks.


8. checking generated_clocks (0)
--------------------------------
 There are 0 generated clocks that are not connected to a clock source.


9. checking loops (0)
---------------------
 There are 0 combinational loops in the design.


10. checking partial_input_delay (0)
------------------------------------
 There are 0 input ports with partial input delay specified.


11. checking partial_output_delay (0)
-------------------------------------
 There are 0 ports with partial output delay specified.


12. checking latch_loops (0)
----------------------------
 There are 0 combinational latch loops in the design through latch input



------------------------------------------------------------------------------------------------
| Design Timing Summary
| ---------------------
------------------------------------------------------------------------------------------------

    WNS(ns)      TNS(ns)  TNS Failing Endpoints  TNS Total Endpoints     WPWS(ns)     TPWS(ns)  TPWS Failing Endpoints  TPWS Total Endpoints  
    -------      -------  ---------------------  -------------------     --------     --------  ----------------------  --------------------  
      0.810        0.000                      0                 2476        4.020        0.000                       0                  1851  


All user specified timing constraints are met.


------------------------------------------------------------------------------------------------
| Clock Summary
| -------------
------------------------------------------------------------------------------------------------

Clock  Waveform(ns)       Period(ns)      Frequency(MHz)
-----  ------------       ----------      --------------
clk    {0.000 5.000}      10.000          100.000         


------------------------------------------------------------------------------------------------
| Intra Clock Table
| -----------------
------------------------------------------------------------------------------------------------

Clock             WNS(ns)      TNS(ns)  TNS Failing Endpoints  TNS Total Endpoints     WPWS(ns)     TPWS(ns)  TPWS Failing Endpoints  TPWS Total Endpoints  
-----             -------      -------  ---------------------  -------------------     --------     --------  ----------------------  --------------------  
clk                 0.810        0.000                      0                 2476        4.020        0.000                       0                  1851  


------------------------------------------------------------------------------------------------
| Inter Clock Table
| -----------------
------------------------------------------------------------------------------------------------

From Clock    To Clock          WNS(ns)      TNS(ns)  TNS Failing Endpoints  TNS Total Endpoints  
----------    --------          -------      -------  ---------------------  -------------------  


------------------------------------------------------------------------------------------------
| Other Path Groups Table
| -----------------------
------------------------------------------------------------------------------------------------

Path Group    From Clock    To Clock          WNS(ns)      TNS(ns)  TNS Failing Endpoints  TNS Total Endpoints  
----------    ----------    --------          -------      -------  ---------------------  -------------------  


------------------------------------------------------------------------------------------------
| User Ignored Path Table
| -----------------------
------------------------------------------------------------------------------------------------

Path Group    From Clock    To Clock    
----------    ----------    --------    


------------------------------------------------------------------------------------------------
| Unconstrained Path Table
| ------------------------
------------------------------------------------------------------------------------------------

Path Group    From Clock    To Clock    
----------    ----------    --------    
(none)        clk                         
(none)                      clk           


------------------------------------------------------------------------------------------------
| Timing Details
| --------------
------------------------------------------------------------------------------------------------


---------------------------------------------------------------------------------------------------
From Clock:  clk
  To Clock:  clk

Setup :            0  Failing Endpoints,  Worst Slack        0.810ns,  Total Violation        0.000ns
Hold  :           NA  Failing Endpoints,  Worst Slack           NA  ,  Total Violation           NA
PW    :            0  Failing Endpoints,  Worst Slack        4.020ns,  Total Violation        0.000ns
---------------------------------------------------------------------------------------------------


Max Delay Paths
--------------------------------------------------------------------------------------
Slack (MET) :             0.810ns  (required time - arrival time)
  Source:                 u_gradient/u_cordic/g_stage[15].x_reg_reg[1]/C
                            (rising edge-triggered cell FDCE clocked by clk  {rise@0.000ns fall@5.000ns period=10.000ns})
  Destination:            u_gradient/u_cordic/scaled_reg_reg[47]/D
                            (rising edge-triggered cell FDCE clocked by clk  {rise@0.000ns fall@5.000ns period=10.000ns})
  Path Group:             clk
  Path Type:              Setup (Max at Slow Process Corner)
  Requirement:            10.000ns  (clk rise@10.000ns - clk rise@0.000ns)
  Data Path Delay:        9.185ns  (logic 4.838ns (52.670%)  route 4.347ns (47.330%))
  Logic Levels:           17  (CARRY4=11 LUT2=1 LUT3=2 LUT4=1 LUT5=1 LUT6=1)
  Clock Path Skew:        -0.031ns (DCD - SCD + CPR)
    Destination Clock Delay (DCD):    4.411ns = ( 14.411 - 10.000 ) 
    Source Clock Delay      (SCD):    4.782ns
    Clock Pessimism Removal (CPR):    0.340ns
  Clock Uncertainty:      0.035ns  ((TSJ^2 + TIJ^2)^1/2 + DJ) / 2 + PE
    Total System Jitter     (TSJ):    0.071ns
    Total Input Jitter      (TIJ):    0.000ns
    Discrete Jitter          (DJ):    0.000ns
    Phase Error              (PE):    0.000ns

    Location             Delay type                Incr(ns)  Path(ns)    Netlist Resource(s)
  -------------------------------------------------------------------    -------------------
                         (clock clk rise edge)        0.000     0.000 r  <hidden>
    N15                                               0.000     0.000 r  clk
                         net (fo=0)                   0.000     0.000    clk
    N15                  IBUF (Prop_ibuf_I_O)         0.948     0.948 r  clk_IBUF_inst/O
                         net (fo=1, routed)           2.016     2.963    clk_IBUF
    BUFGCTRL_X0Y0        BUFG (Prop_bufg_I_O)         0.096     3.059 r  clk_IBUF_BUFG_inst/O
                         net (fo=1850, routed)        1.722     4.782    u_gradient/u_cordic/clk_IBUF_BUFG
    SLICE_X4Y55          FDCE                                         r  u_gradient/u_cordic/g_stage[15].x_reg_reg[1]/C
  -------------------------------------------------------------------    -------------------
    SLICE_X4Y55          FDCE (Prop_fdce_C_Q)         0.456     5.238 r  u_gradient/u_cordic/g_stage[15].x_reg_reg[1]/Q
                         net (fo=17, routed)          0.803     6.041    u_gradient/u_cordic/g_stage[15].x_reg[1]
    SLICE_X1Y57          LUT2 (Prop_lut2_I1_O)        0.124     6.165 r  u_gradient/u_cordic/scaled_reg[29]_i_187/O
                         net (fo=1, routed)           0.000     6.165    u_gradient/u_cordic/scaled_reg[29]_i_187_n_0
    SLICE_X1Y57          CARRY4 (Prop_carry4_S[2]_CO[3])
                                                      0.398     6.563 r  u_gradient/u_cordic/scaled_reg_reg[29]_i_168/CO[3]
                         net (fo=1, routed)           0.000     6.563    u_gradient/u_cordic/scaled_reg_reg[29]_i_168_n_0
    SLICE_X1Y58          CARRY4 (Prop_carry4_CI_O[1])
                                                      0.334     6.897 r  u_gradient/u_cordic/scaled_reg_reg[29]_i_142/O[1]
                         net (fo=2, routed)           0.968     7.865    u_gradient/u_cordic/scaled_reg_reg[29]_i_142_n_6
    SLICE_X2Y57          LUT3 (Prop_lut3_I0_O)        0.335     8.200 r  u_gradient/u_cordic/scaled_reg[29]_i_105/O
                         net (fo=2, routed)           0.502     8.702    u_gradient/u_cordic/scaled_reg[29]_i_105_n_0
    SLICE_X2Y58          LUT4 (Prop_lut4_I3_O)        0.355     9.057 r  u_gradient/u_cordic/scaled_reg[29]_i_109/O
                         net (fo=1, routed)           0.000     9.057    u_gradient/u_cordic/scaled_reg[29]_i_109_n_0
    SLICE_X2Y58          CARRY4 (Prop_carry4_S[0]_CO[3])
                                                      0.513     9.570 r  u_gradient/u_cordic/scaled_reg_reg[29]_i_69/CO[3]
                         net (fo=1, routed)           0.000     9.570    u_gradient/u_cordic/scaled_reg_reg[29]_i_69_n_0
    SLICE_X2Y59          CARRY4 (Prop_carry4_CI_CO[3])
                                                      0.117     9.687 r  u_gradient/u_cordic/scaled_reg_reg[29]_i_41/CO[3]
                         net (fo=1, routed)           0.000     9.687    u_gradient/u_cordic/scaled_reg_reg[29]_i_41_n_0
    SLICE_X2Y60          CARRY4 (Prop_carry4_CI_CO[3])
                                                      0.117     9.804 r  u_gradient/u_cordic/scaled_reg_reg[29]_i_26/CO[3]
                         net (fo=1, routed)           0.000     9.804    u_gradient/u_cordic/scaled_reg_reg[29]_i_26_n_0
    SLICE_X2Y61          CARRY4 (Prop_carry4_CI_O[0])
                                                      0.219    10.023 r  u_gradient/u_cordic/scaled_reg_reg[33]_i_16/O[0]
                         net (fo=3, routed)           0.580    10.603    u_gradient/u_cordic/scaled_reg_reg[33]_i_16_n_7
    SLICE_X7Y60          LUT3 (Prop_lut3_I1_O)        0.295    10.898 r  u_gradient/u_cordic/scaled_reg[29]_i_25/O
                         net (fo=2, routed)           0.696    11.595    u_gradient/u_cordic/scaled_reg[29]_i_25_n_0
    SLICE_X8Y60          LUT5 (Prop_lut5_I1_O)        0.150    11.745 r  u_gradient/u_cordic/scaled_reg[29]_i_6/O
                         net (fo=2, routed)           0.797    12.542    u_gradient/u_cordic/scaled_reg[29]_i_6_n_0
    SLICE_X5Y61          LUT6 (Prop_lut6_I0_O)        0.328    12.870 r  u_gradient/u_cordic/scaled_reg[29]_i_10/O
                         net (fo=1, routed)           0.000    12.870    u_gradient/u_cordic/scaled_reg[29]_i_10_n_0
    SLICE_X5Y61          CARRY4 (Prop_carry4_S[0]_CO[3])
                                                      0.532    13.402 r  u_gradient/u_cordic/scaled_reg_reg[29]_i_1/CO[3]
                         net (fo=1, routed)           0.000    13.402    u_gradient/u_cordic/scaled_reg_reg[29]_i_1_n_0
    SLICE_X5Y62          CARRY4 (Prop_carry4_CI_CO[3])
                                                      0.114    13.516 r  u_gradient/u_cordic/scaled_reg_reg[33]_i_1/CO[3]
                         net (fo=1, routed)           0.000    13.516    u_gradient/u_cordic/scaled_reg_reg[33]_i_1_n_0
    SLICE_X5Y63          CARRY4 (Prop_carry4_CI_CO[3])
                                                      0.114    13.630 r  u_gradient/u_cordic/scaled_reg_reg[37]_i_1/CO[3]
                         net (fo=1, routed)           0.000    13.630    u_gradient/u_cordic/scaled_reg_reg[37]_i_1_n_0
    SLICE_X5Y64          CARRY4 (Prop_carry4_CI_CO[3])
                                                      0.114    13.744 r  u_gradient/u_cordic/scaled_reg_reg[41]_i_1/CO[3]
                         net (fo=1, routed)           0.000    13.744    u_gradient/u_cordic/scaled_reg_reg[41]_i_1_n_0
    SLICE_X5Y65          CARRY4 (Prop_carry4_CI_O[0])
                                                      0.223    13.967 r  u_gradient/u_cordic/scaled_reg_reg[47]_i_1/O[0]
                         net (fo=1, routed)           0.000    13.967    u_gradient/u_cordic/scaled_next[42]
    SLICE_X5Y65          FDCE                                         r  u_gradient/u_cordic/scaled_reg_reg[47]/D
  -------------------------------------------------------------------    -------------------

                         (clock clk rise edge)       10.000    10.000 r  <hidden>
    N15                                               0.000    10.000 r  clk
                         net (fo=0)                   0.000    10.000    clk
    N15                  IBUF (Prop_ibuf_I_O)         0.814    10.814 r  clk_IBUF_inst/O
                         net (fo=1, routed)           1.911    12.725    clk_IBUF
    BUFGCTRL_X0Y0        BUFG (Prop_bufg_I_O)         0.091    12.816 r  clk_IBUF_BUFG_inst/O
                         net (fo=1850, routed)        1.594    14.411    u_gradient/u_cordic/clk_IBUF_BUFG
    SLICE_X5Y65          FDCE                                         r  u_gradient/u_cordic/scaled_reg_reg[47]/C
                         clock pessimism              0.340    14.751    <hidden>
                         clock uncertainty           -0.035    14.715    <hidden>
    SLICE_X5Y65          FDCE (Setup_fdce_C_D)        0.062    14.777    u_gradient/u_cordic/scaled_reg_reg[47]
  -------------------------------------------------------------------
                         required time                         14.777    <hidden>
                         arrival time                         -13.967    <hidden>
  -------------------------------------------------------------------
                         slack                                  0.810    <hidden>





Pulse Width Checks
--------------------------------------------------------------------------------------
Clock Name:         clk
Waveform(ns):       { 0.000 5.000 }
Period(ns):         10.000
Sources:            { clk }

Check Type        Corner  Lib Pin             Reference Pin  Required(ns)  Actual(ns)  Slack(ns)  Location      Pin
Min Period        n/a     RAMB18E1/CLKARDCLK  n/a            2.944         10.000      7.056      RAMB18_X0Y17  u_gaussian/u_matrix_generate_3x3/u_one_column_ram/u_fifo_ram0/fifo_buffer_reg/CLKARDCLK
Low Pulse Width   Slow    SRL16E/CLK          n/a            0.980         5.000       4.020      SLICE_X2Y54   u_gaussian/matrix_generator_href_d1_reg_srl2_u_gaussian_u_matrix_generate_3x3_per_frame_vsync_r_reg_c_0/CLK
High Pulse Width  Slow    SRL16E/CLK          n/a            0.980         5.000       4.020      SLICE_X2Y54   u_gaussian/matrix_generator_href_d1_reg_srl2_u_gaussian_u_matrix_generate_3x3_per_frame_vsync_r_reg_c_0/CLK



--------------------------------------------------------------------------------------
Path Group:  (none)
From Clock:  clk
  To Clock:  

Max Delay             4 Endpoints
Min Delay             0 Endpoints
--------------------------------------------------------------------------------------


Max Delay Paths
--------------------------------------------------------------------------------------
Slack:                    inf
  Source:                 u_local_3x3/doubleThreshold_clken_d1_reg/C
                            (rising edge-triggered cell FDCE clocked by clk  {rise@0.000ns fall@5.000ns period=10.000ns})
  Destination:            post_frame_clken
                            (output port)
  Path Group:             (none)
  Path Type:              Max at Slow Process Corner
  Data Path Delay:        5.248ns  (logic 3.172ns (60.440%)  route 2.076ns (39.560%))
  Logic Levels:           1  (OBUF=1)
  Clock Uncertainty:      0.025ns  ((TSJ^2 + TIJ^2)^1/2 + DJ) / 2 + PE
    Total System Jitter     (TSJ):    0.050ns
    Total Input Jitter      (TIJ):    0.000ns
    Discrete Jitter          (DJ):    0.000ns
    Phase Error              (PE):    0.000ns

    Location             Delay type                Incr(ns)  Path(ns)    Netlist Resource(s)
  -------------------------------------------------------------------    -------------------
                         (clock clk rise edge)        0.000     0.000 r  <hidden>
    N15                                               0.000     0.000 r  clk
                         net (fo=0)                   0.000     0.000    clk
    N15                  IBUF (Prop_ibuf_I_O)         0.948     0.948 r  clk_IBUF_inst/O
                         net (fo=1, routed)           2.016     2.963    clk_IBUF
    BUFGCTRL_X0Y0        BUFG (Prop_bufg_I_O)         0.096     3.059 r  clk_IBUF_BUFG_inst/O
                         net (fo=1850, routed)        1.706     4.766    u_local_3x3/clk_IBUF_BUFG
    SLICE_X2Y72          FDCE                                         r  u_local_3x3/doubleThreshold_clken_d1_reg/C
  -------------------------------------------------------------------    -------------------
    SLICE_X2Y72          FDCE (Prop_fdce_C_Q)         0.518     5.284 r  u_local_3x3/doubleThreshold_clken_d1_reg/Q
                         net (fo=1, routed)           2.076     7.359    post_frame_clken_OBUF
    T11                  OBUF (Prop_obuf_I_O)         2.654    10.013 r  post_frame_clken_OBUF_inst/O
                         net (fo=0)                   0.000    10.013    post_frame_clken
    T11                                                               r  post_frame_clken
  -------------------------------------------------------------------    -------------------





--------------------------------------------------------------------------------------
Path Group:  (none)
From Clock:  
  To Clock:  clk

Max Delay          1583 Endpoints
Min Delay             0 Endpoints
--------------------------------------------------------------------------------------


Max Delay Paths
--------------------------------------------------------------------------------------
Slack:                    inf
  Source:                 rst_n
                            (input port)
  Destination:            u_gradient/u_cordic/g_stage[11].x_reg_reg[12]/CLR
                            (recovery check against rising-edge clock clk  {rise@0.000ns fall@5.000ns period=10.000ns})
  Path Group:             (none)
  Path Type:              Recovery (Max at Slow Process Corner)
  Data Path Delay:        8.733ns  (logic 1.119ns (12.813%)  route 7.614ns (87.187%))
  Logic Levels:           2  (IBUF=1 LUT1=1)
  Clock Path Skew:        4.336ns (DCD - SCD + CPR)
    Destination Clock Delay (DCD):    4.336ns
    Source Clock Delay      (SCD):    0.000ns
    Clock Pessimism Removal (CPR):    0.000ns
  Clock Uncertainty:      0.025ns  ((TSJ^2 + TIJ^2)^1/2 + DJ) / 2 + PE
    Total System Jitter     (TSJ):    0.050ns
    Total Input Jitter      (TIJ):    0.000ns
    Discrete Jitter          (DJ):    0.000ns
    Phase Error              (PE):    0.000ns

    Location             Delay type                Incr(ns)  Path(ns)    Netlist Resource(s)
  -------------------------------------------------------------------    -------------------
    U11                                               0.000     0.000 r  rst_n
                         net (fo=0)                   0.000     0.000    rst_n
    U11                  IBUF (Prop_ibuf_I_O)         0.995     0.995 r  rst_n_IBUF_inst/O
                         net (fo=1, routed)           1.116     2.111    u_gradient/u_cordic/rst_n_IBUF
    SLICE_X8Y61          LUT1 (Prop_lut1_I0_O)        0.124     2.235 f  u_gradient/u_cordic/per_frame_href_r[0]_i_1/O
                         net (fo=1549, routed)        6.498     8.733    u_gradient/u_cordic/rst_n
    SLICE_X29Y51         FDCE                                         f  u_gradient/u_cordic/g_stage[11].x_reg_reg[12]/CLR
  -------------------------------------------------------------------    -------------------

                         (clock clk rise edge)        0.000     0.000 r  <hidden>
    N15                                               0.000     0.000 r  clk
                         net (fo=0)                   0.000     0.000    clk
    N15                  IBUF (Prop_ibuf_I_O)         0.814     0.814 r  clk_IBUF_inst/O
                         net (fo=1, routed)           1.911     2.725    clk_IBUF
    BUFGCTRL_X0Y0        BUFG (Prop_bufg_I_O)         0.091     2.816 r  clk_IBUF_BUFG_inst/O
                         net (fo=1850, routed)        1.519     4.336    u_gradient/u_cordic/clk_IBUF_BUFG
    SLICE_X29Y51         FDCE                                         r  u_gradient/u_cordic/g_stage[11].x_reg_reg[12]/C





