Copyright 1986-2022 Xilinx, Inc. All Rights Reserved. Copyright 2022-2026 Advanced Micro Devices, Inc. All Rights Reserved.
---------------------------------------------------------------------------------------------------------------------------------------------
| Tool Version : Vivado v.2026.1 (win64) Build 6511674 Tue Jun 16 11:02:23 MDT 2026
| Date         : Sat Oct  3 17:20:21 2026
| Host         : Kiyopon running 64-bit major release  (build 9200)
| Command      : report_timing -delay_type max -max_paths 10 -path_type full_clock_expanded -file reports/phase4b_phase4_top10_timing.rpt
| Design       : canny_edge_detect_phase4_top
| Device       : 7a100t-csg324
| Speed File   : -1  PRODUCTION 1.23 2018-06-13
| Design State : Synthesized
---------------------------------------------------------------------------------------------------------------------------------------------

Timing Report

Slack (VIOLATED) :        -1.189ns  (required time - arrival time)
  Source:                 u_gradient/u_cordic/g_stage[15].x_reg_reg[0]/C
                            (rising edge-triggered cell FDCE clocked by clk  {rise@0.000ns fall@5.000ns period=10.000ns})
  Destination:            u_gradient/gra_path_reg[15]/D
                            (rising edge-triggered cell FDCE clocked by clk  {rise@0.000ns fall@5.000ns period=10.000ns})
  Path Group:             clk
  Path Type:              Setup (Max at Slow Process Corner)
  Requirement:            10.000ns  (clk rise@10.000ns - clk rise@0.000ns)
  Data Path Delay:        11.053ns  (logic 6.407ns (57.966%)  route 4.646ns (42.034%))
  Logic Levels:           22  (CARRY4=16 LUT2=1 LUT3=2 LUT4=1 LUT5=1 LUT6=1)
  Clock Path Skew:        -0.145ns (DCD - SCD + CPR)
    Destination Clock Delay (DCD):    2.130ns = ( 12.130 - 10.000 ) 
    Source Clock Delay      (SCD):    2.454ns
    Clock Pessimism Removal (CPR):    0.179ns
  Clock Uncertainty:      0.035ns  ((TSJ^2 + TIJ^2)^1/2 + DJ) / 2 + PE
    Total System Jitter     (TSJ):    0.071ns
    Total Input Jitter      (TIJ):    0.000ns
    Discrete Jitter          (DJ):    0.000ns
    Phase Error              (PE):    0.000ns

    Location             Delay type                Incr(ns)  Path(ns)    Netlist Resource(s)
  -------------------------------------------------------------------    -------------------
                         (clock clk rise edge)        0.000     0.000 r  <hidden>
                                                      0.000     0.000 r  clk
                         net (fo=0)                   0.000     0.000    clk
                         IBUF (Prop_ibuf_I_O)         0.971     0.971 r  clk_IBUF_inst/O
                         net (fo=1, unplaced)         0.803     1.774    clk_IBUF
                         BUFG (Prop_bufg_I_O)         0.096     1.870 r  clk_IBUF_BUFG_inst/O
                         net (fo=1794, unplaced)      0.584     2.454    u_gradient/u_cordic/clk_IBUF_BUFG
                         FDCE                                         r  u_gradient/u_cordic/g_stage[15].x_reg_reg[0]/C
  -------------------------------------------------------------------    -------------------
                         FDCE (Prop_fdce_C_Q)         0.478     2.932 r  u_gradient/u_cordic/g_stage[15].x_reg_reg[0]/Q
                         net (fo=20, unplaced)        0.726     3.658    u_gradient/u_cordic/g_stage[15].x_reg[0]
                         CARRY4 (Prop_carry4_S[0]_CO[3])
                                                      0.808     4.466 r  u_gradient/u_cordic/scaled__50_carry/CO[3]
                         net (fo=1, unplaced)         0.000     4.466    u_gradient/u_cordic/scaled__50_carry_n_0
                         CARRY4 (Prop_carry4_CI_O[1])
                                                      0.337     4.803 r  u_gradient/u_cordic/scaled__50_carry__0/O[1]
                         net (fo=3, unplaced)         0.629     5.432    u_gradient/u_cordic/scaled__50_carry__0_n_6
                         LUT3 (Prop_lut3_I2_O)        0.306     5.738 r  u_gradient/u_cordic/scaled__321_carry__0_i_3/O
                         net (fo=1, unplaced)         0.469     6.207    u_gradient/u_cordic/scaled__321_carry__0_i_3_n_0
                         CARRY4 (Prop_carry4_DI[1]_CO[3])
                                                      0.520     6.727 r  u_gradient/u_cordic/scaled__321_carry__0/CO[3]
                         net (fo=1, unplaced)         0.000     6.727    u_gradient/u_cordic/scaled__321_carry__0_n_0
                         CARRY4 (Prop_carry4_CI_O[3])
                                                      0.331     7.058 r  u_gradient/u_cordic/scaled__321_carry__1/O[3]
                         net (fo=4, unplaced)         0.472     7.530    u_gradient/u_cordic/scaled__321_carry__1_n_4
                         LUT3 (Prop_lut3_I1_O)        0.307     7.837 r  u_gradient/u_cordic/scaled__423_carry__0_i_9/O
                         net (fo=2, unplaced)         0.460     8.297    u_gradient/u_cordic/scaled__423_carry__0_i_9_n_0
                         LUT5 (Prop_lut5_I1_O)        0.124     8.421 r  u_gradient/u_cordic/scaled__423_carry__0_i_1/O
                         net (fo=1, unplaced)         0.473     8.894    u_gradient/u_cordic/scaled__423_carry__0_i_1_n_0
                         CARRY4 (Prop_carry4_DI[3]_CO[3])
                                                      0.396     9.290 r  u_gradient/u_cordic/scaled__423_carry__0/CO[3]
                         net (fo=1, unplaced)         0.000     9.290    u_gradient/u_cordic/scaled__423_carry__0_n_0
                         CARRY4 (Prop_carry4_CI_CO[3])
                                                      0.117     9.407 r  u_gradient/u_cordic/scaled__423_carry__1/CO[3]
                         net (fo=1, unplaced)         0.000     9.407    u_gradient/u_cordic/scaled__423_carry__1_n_0
                         CARRY4 (Prop_carry4_CI_CO[3])
                                                      0.117     9.524 r  u_gradient/u_cordic/scaled__423_carry__2/CO[3]
                         net (fo=1, unplaced)         0.000     9.524    u_gradient/u_cordic/scaled__423_carry__2_n_0
                         CARRY4 (Prop_carry4_CI_CO[3])
                                                      0.117     9.641 r  u_gradient/u_cordic/scaled__423_carry__3/CO[3]
                         net (fo=1, unplaced)         0.000     9.641    u_gradient/u_cordic/scaled__423_carry__3_n_0
                         CARRY4 (Prop_carry4_CI_CO[3])
                                                      0.117     9.758 r  u_gradient/u_cordic/scaled__423_carry__4/CO[3]
                         net (fo=1, unplaced)         0.000     9.758    u_gradient/u_cordic/scaled__423_carry__4_n_0
                         CARRY4 (Prop_carry4_CI_CO[3])
                                                      0.117     9.875 r  u_gradient/u_cordic/scaled__423_carry__5/CO[3]
                         net (fo=1, unplaced)         0.000     9.875    u_gradient/u_cordic/scaled__423_carry__5_n_0
                         CARRY4 (Prop_carry4_CI_O[3])
                                                      0.331    10.206 r  u_gradient/u_cordic/scaled__423_carry__6/O[3]
                         net (fo=2, unplaced)         0.459    10.665    u_gradient/u_cordic/scaled__423_carry__6_n_4
                         LUT2 (Prop_lut2_I1_O)        0.300    10.965 r  u_gradient/u_cordic/magnitude3_carry_i_1/O
                         net (fo=1, unplaced)         0.000    10.965    u_gradient/u_cordic/magnitude3_carry_i_1_n_0
                         CARRY4 (Prop_carry4_DI[1]_CO[3])
                                                      0.547    11.512 r  u_gradient/u_cordic/magnitude3_carry/CO[3]
                         net (fo=1, unplaced)         0.000    11.512    u_gradient/u_cordic/magnitude3_carry_n_0
                         CARRY4 (Prop_carry4_CI_CO[3])
                                                      0.117    11.629 r  u_gradient/u_cordic/magnitude3_carry__0/CO[3]
                         net (fo=1, unplaced)         0.000    11.629    u_gradient/u_cordic/magnitude3_carry__0_n_0
                         CARRY4 (Prop_carry4_CI_CO[3])
                                                      0.117    11.746 r  u_gradient/u_cordic/magnitude3_carry__1/CO[3]
                         net (fo=1, unplaced)         0.000    11.746    u_gradient/u_cordic/magnitude3_carry__1_n_0
                         CARRY4 (Prop_carry4_CI_CO[3])
                                                      0.117    11.863 r  u_gradient/u_cordic/magnitude3_carry__2/CO[3]
                         net (fo=1, unplaced)         0.000    11.863    u_gradient/u_cordic/magnitude3_carry__2_n_0
                         CARRY4 (Prop_carry4_CI_CO[2])
                                                      0.252    12.115 f  u_gradient/u_cordic/magnitude3_carry__3/CO[2]
                         net (fo=18, unplaced)        0.509    12.624    u_gradient/u_cordic/data3
                         LUT4 (Prop_lut4_I0_O)        0.310    12.934 r  u_gradient/u_cordic/gra_path[15]_i_5/O
                         net (fo=1, unplaced)         0.449    13.383    u_gradient/u_cordic/gra_path[15]_i_5_n_0
                         LUT6 (Prop_lut6_I4_O)        0.124    13.507 r  u_gradient/u_cordic/gra_path[15]_i_1/O
                         net (fo=1, unplaced)         0.000    13.507    u_gradient/u_cordic_n_6
                         FDCE                                         r  u_gradient/gra_path_reg[15]/D
  -------------------------------------------------------------------    -------------------

                         (clock clk rise edge)       10.000    10.000 r  <hidden>
                                                      0.000    10.000 r  clk
                         net (fo=0)                   0.000    10.000    clk
                         IBUF (Prop_ibuf_I_O)         0.838    10.838 r  clk_IBUF_inst/O
                         net (fo=1, unplaced)         0.763    11.600    clk_IBUF
                         BUFG (Prop_bufg_I_O)         0.091    11.691 r  clk_IBUF_BUFG_inst/O
                         net (fo=1794, unplaced)      0.439    12.130    u_gradient/clk_IBUF_BUFG
                         FDCE                                         r  u_gradient/gra_path_reg[15]/C
                         clock pessimism              0.179    12.309    <hidden>
                         clock uncertainty           -0.035    12.274    <hidden>
                         FDCE (Setup_fdce_C_D)        0.044    12.318    u_gradient/gra_path_reg[15]
  -------------------------------------------------------------------
                         required time                         12.318    <hidden>
                         arrival time                         -13.507    <hidden>
  -------------------------------------------------------------------
                         slack                                 -1.189    <hidden>

Slack (VIOLATED) :        -1.189ns  (required time - arrival time)
  Source:                 u_gradient/u_cordic/g_stage[15].x_reg_reg[0]/C
                            (rising edge-triggered cell FDCE clocked by clk  {rise@0.000ns fall@5.000ns period=10.000ns})
  Destination:            u_gradient/gra_path_reg[16]/D
                            (rising edge-triggered cell FDCE clocked by clk  {rise@0.000ns fall@5.000ns period=10.000ns})
  Path Group:             clk
  Path Type:              Setup (Max at Slow Process Corner)
  Requirement:            10.000ns  (clk rise@10.000ns - clk rise@0.000ns)
  Data Path Delay:        11.053ns  (logic 6.407ns (57.966%)  route 4.646ns (42.034%))
  Logic Levels:           22  (CARRY4=16 LUT2=1 LUT3=3 LUT5=1 LUT6=1)
  Clock Path Skew:        -0.145ns (DCD - SCD + CPR)
    Destination Clock Delay (DCD):    2.130ns = ( 12.130 - 10.000 ) 
    Source Clock Delay      (SCD):    2.454ns
    Clock Pessimism Removal (CPR):    0.179ns
  Clock Uncertainty:      0.035ns  ((TSJ^2 + TIJ^2)^1/2 + DJ) / 2 + PE
    Total System Jitter     (TSJ):    0.071ns
    Total Input Jitter      (TIJ):    0.000ns
    Discrete Jitter          (DJ):    0.000ns
    Phase Error              (PE):    0.000ns

    Location             Delay type                Incr(ns)  Path(ns)    Netlist Resource(s)
  -------------------------------------------------------------------    -------------------
                         (clock clk rise edge)        0.000     0.000 r  <hidden>
                                                      0.000     0.000 r  clk
                         net (fo=0)                   0.000     0.000    clk
                         IBUF (Prop_ibuf_I_O)         0.971     0.971 r  clk_IBUF_inst/O
                         net (fo=1, unplaced)         0.803     1.774    clk_IBUF
                         BUFG (Prop_bufg_I_O)         0.096     1.870 r  clk_IBUF_BUFG_inst/O
                         net (fo=1794, unplaced)      0.584     2.454    u_gradient/u_cordic/clk_IBUF_BUFG
                         FDCE                                         r  u_gradient/u_cordic/g_stage[15].x_reg_reg[0]/C
  -------------------------------------------------------------------    -------------------
                         FDCE (Prop_fdce_C_Q)         0.478     2.932 r  u_gradient/u_cordic/g_stage[15].x_reg_reg[0]/Q
                         net (fo=20, unplaced)        0.726     3.658    u_gradient/u_cordic/g_stage[15].x_reg[0]
                         CARRY4 (Prop_carry4_S[0]_CO[3])
                                                      0.808     4.466 r  u_gradient/u_cordic/scaled__50_carry/CO[3]
                         net (fo=1, unplaced)         0.000     4.466    u_gradient/u_cordic/scaled__50_carry_n_0
                         CARRY4 (Prop_carry4_CI_O[1])
                                                      0.337     4.803 r  u_gradient/u_cordic/scaled__50_carry__0/O[1]
                         net (fo=3, unplaced)         0.629     5.432    u_gradient/u_cordic/scaled__50_carry__0_n_6
                         LUT3 (Prop_lut3_I2_O)        0.306     5.738 r  u_gradient/u_cordic/scaled__321_carry__0_i_3/O
                         net (fo=1, unplaced)         0.469     6.207    u_gradient/u_cordic/scaled__321_carry__0_i_3_n_0
                         CARRY4 (Prop_carry4_DI[1]_CO[3])
                                                      0.520     6.727 r  u_gradient/u_cordic/scaled__321_carry__0/CO[3]
                         net (fo=1, unplaced)         0.000     6.727    u_gradient/u_cordic/scaled__321_carry__0_n_0
                         CARRY4 (Prop_carry4_CI_O[3])
                                                      0.331     7.058 r  u_gradient/u_cordic/scaled__321_carry__1/O[3]
                         net (fo=4, unplaced)         0.472     7.530    u_gradient/u_cordic/scaled__321_carry__1_n_4
                         LUT3 (Prop_lut3_I1_O)        0.307     7.837 r  u_gradient/u_cordic/scaled__423_carry__0_i_9/O
                         net (fo=2, unplaced)         0.460     8.297    u_gradient/u_cordic/scaled__423_carry__0_i_9_n_0
                         LUT5 (Prop_lut5_I1_O)        0.124     8.421 r  u_gradient/u_cordic/scaled__423_carry__0_i_1/O
                         net (fo=1, unplaced)         0.473     8.894    u_gradient/u_cordic/scaled__423_carry__0_i_1_n_0
                         CARRY4 (Prop_carry4_DI[3]_CO[3])
                                                      0.396     9.290 r  u_gradient/u_cordic/scaled__423_carry__0/CO[3]
                         net (fo=1, unplaced)         0.000     9.290    u_gradient/u_cordic/scaled__423_carry__0_n_0
                         CARRY4 (Prop_carry4_CI_CO[3])
                                                      0.117     9.407 r  u_gradient/u_cordic/scaled__423_carry__1/CO[3]
                         net (fo=1, unplaced)         0.000     9.407    u_gradient/u_cordic/scaled__423_carry__1_n_0
                         CARRY4 (Prop_carry4_CI_CO[3])
                                                      0.117     9.524 r  u_gradient/u_cordic/scaled__423_carry__2/CO[3]
                         net (fo=1, unplaced)         0.000     9.524    u_gradient/u_cordic/scaled__423_carry__2_n_0
                         CARRY4 (Prop_carry4_CI_CO[3])
                                                      0.117     9.641 r  u_gradient/u_cordic/scaled__423_carry__3/CO[3]
                         net (fo=1, unplaced)         0.000     9.641    u_gradient/u_cordic/scaled__423_carry__3_n_0
                         CARRY4 (Prop_carry4_CI_CO[3])
                                                      0.117     9.758 r  u_gradient/u_cordic/scaled__423_carry__4/CO[3]
                         net (fo=1, unplaced)         0.000     9.758    u_gradient/u_cordic/scaled__423_carry__4_n_0
                         CARRY4 (Prop_carry4_CI_CO[3])
                                                      0.117     9.875 r  u_gradient/u_cordic/scaled__423_carry__5/CO[3]
                         net (fo=1, unplaced)         0.000     9.875    u_gradient/u_cordic/scaled__423_carry__5_n_0
                         CARRY4 (Prop_carry4_CI_O[3])
                                                      0.331    10.206 r  u_gradient/u_cordic/scaled__423_carry__6/O[3]
                         net (fo=2, unplaced)         0.459    10.665    u_gradient/u_cordic/scaled__423_carry__6_n_4
                         LUT2 (Prop_lut2_I1_O)        0.300    10.965 r  u_gradient/u_cordic/magnitude3_carry_i_1/O
                         net (fo=1, unplaced)         0.000    10.965    u_gradient/u_cordic/magnitude3_carry_i_1_n_0
                         CARRY4 (Prop_carry4_DI[1]_CO[3])
                                                      0.547    11.512 r  u_gradient/u_cordic/magnitude3_carry/CO[3]
                         net (fo=1, unplaced)         0.000    11.512    u_gradient/u_cordic/magnitude3_carry_n_0
                         CARRY4 (Prop_carry4_CI_CO[3])
                                                      0.117    11.629 r  u_gradient/u_cordic/magnitude3_carry__0/CO[3]
                         net (fo=1, unplaced)         0.000    11.629    u_gradient/u_cordic/magnitude3_carry__0_n_0
                         CARRY4 (Prop_carry4_CI_CO[3])
                                                      0.117    11.746 r  u_gradient/u_cordic/magnitude3_carry__1/CO[3]
                         net (fo=1, unplaced)         0.000    11.746    u_gradient/u_cordic/magnitude3_carry__1_n_0
                         CARRY4 (Prop_carry4_CI_CO[3])
                                                      0.117    11.863 r  u_gradient/u_cordic/magnitude3_carry__2/CO[3]
                         net (fo=1, unplaced)         0.000    11.863    u_gradient/u_cordic/magnitude3_carry__2_n_0
                         CARRY4 (Prop_carry4_CI_CO[2])
                                                      0.252    12.115 r  u_gradient/u_cordic/magnitude3_carry__3/CO[2]
                         net (fo=18, unplaced)        0.509    12.624    u_gradient/u_cordic/data3
                         LUT3 (Prop_lut3_I2_O)        0.310    12.934 r  u_gradient/u_cordic/gra_path[16]_i_5/O
                         net (fo=1, unplaced)         0.449    13.383    u_gradient/u_cordic/gra_path[16]_i_5_n_0
                         LUT6 (Prop_lut6_I5_O)        0.124    13.507 r  u_gradient/u_cordic/gra_path[16]_i_1/O
                         net (fo=1, unplaced)         0.000    13.507    u_gradient/gra_path10_in
                         FDCE                                         r  u_gradient/gra_path_reg[16]/D
  -------------------------------------------------------------------    -------------------

                         (clock clk rise edge)       10.000    10.000 r  <hidden>
                                                      0.000    10.000 r  clk
                         net (fo=0)                   0.000    10.000    clk
                         IBUF (Prop_ibuf_I_O)         0.838    10.838 r  clk_IBUF_inst/O
                         net (fo=1, unplaced)         0.763    11.600    clk_IBUF
                         BUFG (Prop_bufg_I_O)         0.091    11.691 r  clk_IBUF_BUFG_inst/O
                         net (fo=1794, unplaced)      0.439    12.130    u_gradient/clk_IBUF_BUFG
                         FDCE                                         r  u_gradient/gra_path_reg[16]/C
                         clock pessimism              0.179    12.309    <hidden>
                         clock uncertainty           -0.035    12.274    <hidden>
                         FDCE (Setup_fdce_C_D)        0.044    12.318    u_gradient/gra_path_reg[16]
  -------------------------------------------------------------------
                         required time                         12.318    <hidden>
                         arrival time                         -13.507    <hidden>
  -------------------------------------------------------------------
                         slack                                 -1.189    <hidden>

Slack (VIOLATED) :        -0.616ns  (required time - arrival time)
  Source:                 u_gradient/u_cordic/g_stage[15].x_reg_reg[0]/C
                            (rising edge-triggered cell FDCE clocked by clk  {rise@0.000ns fall@5.000ns period=10.000ns})
  Destination:            u_gradient/gra_path_reg[0]/D
                            (rising edge-triggered cell FDCE clocked by clk  {rise@0.000ns fall@5.000ns period=10.000ns})
  Path Group:             clk
  Path Type:              Setup (Max at Slow Process Corner)
  Requirement:            10.000ns  (clk rise@10.000ns - clk rise@0.000ns)
  Data Path Delay:        10.480ns  (logic 6.283ns (59.952%)  route 4.197ns (40.048%))
  Logic Levels:           21  (CARRY4=16 LUT2=1 LUT3=2 LUT5=1 LUT6=1)
  Clock Path Skew:        -0.145ns (DCD - SCD + CPR)
    Destination Clock Delay (DCD):    2.130ns = ( 12.130 - 10.000 ) 
    Source Clock Delay      (SCD):    2.454ns
    Clock Pessimism Removal (CPR):    0.179ns
  Clock Uncertainty:      0.035ns  ((TSJ^2 + TIJ^2)^1/2 + DJ) / 2 + PE
    Total System Jitter     (TSJ):    0.071ns
    Total Input Jitter      (TIJ):    0.000ns
    Discrete Jitter          (DJ):    0.000ns
    Phase Error              (PE):    0.000ns

    Location             Delay type                Incr(ns)  Path(ns)    Netlist Resource(s)
  -------------------------------------------------------------------    -------------------
                         (clock clk rise edge)        0.000     0.000 r  <hidden>
                                                      0.000     0.000 r  clk
                         net (fo=0)                   0.000     0.000    clk
                         IBUF (Prop_ibuf_I_O)         0.971     0.971 r  clk_IBUF_inst/O
                         net (fo=1, unplaced)         0.803     1.774    clk_IBUF
                         BUFG (Prop_bufg_I_O)         0.096     1.870 r  clk_IBUF_BUFG_inst/O
                         net (fo=1794, unplaced)      0.584     2.454    u_gradient/u_cordic/clk_IBUF_BUFG
                         FDCE                                         r  u_gradient/u_cordic/g_stage[15].x_reg_reg[0]/C
  -------------------------------------------------------------------    -------------------
                         FDCE (Prop_fdce_C_Q)         0.478     2.932 r  u_gradient/u_cordic/g_stage[15].x_reg_reg[0]/Q
                         net (fo=20, unplaced)        0.726     3.658    u_gradient/u_cordic/g_stage[15].x_reg[0]
                         CARRY4 (Prop_carry4_S[0]_CO[3])
                                                      0.808     4.466 r  u_gradient/u_cordic/scaled__50_carry/CO[3]
                         net (fo=1, unplaced)         0.000     4.466    u_gradient/u_cordic/scaled__50_carry_n_0
                         CARRY4 (Prop_carry4_CI_O[1])
                                                      0.337     4.803 r  u_gradient/u_cordic/scaled__50_carry__0/O[1]
                         net (fo=3, unplaced)         0.629     5.432    u_gradient/u_cordic/scaled__50_carry__0_n_6
                         LUT3 (Prop_lut3_I2_O)        0.306     5.738 r  u_gradient/u_cordic/scaled__321_carry__0_i_3/O
                         net (fo=1, unplaced)         0.469     6.207    u_gradient/u_cordic/scaled__321_carry__0_i_3_n_0
                         CARRY4 (Prop_carry4_DI[1]_CO[3])
                                                      0.520     6.727 r  u_gradient/u_cordic/scaled__321_carry__0/CO[3]
                         net (fo=1, unplaced)         0.000     6.727    u_gradient/u_cordic/scaled__321_carry__0_n_0
                         CARRY4 (Prop_carry4_CI_O[3])
                                                      0.331     7.058 r  u_gradient/u_cordic/scaled__321_carry__1/O[3]
                         net (fo=4, unplaced)         0.472     7.530    u_gradient/u_cordic/scaled__321_carry__1_n_4
                         LUT3 (Prop_lut3_I1_O)        0.307     7.837 r  u_gradient/u_cordic/scaled__423_carry__0_i_9/O
                         net (fo=2, unplaced)         0.460     8.297    u_gradient/u_cordic/scaled__423_carry__0_i_9_n_0
                         LUT5 (Prop_lut5_I1_O)        0.124     8.421 r  u_gradient/u_cordic/scaled__423_carry__0_i_1/O
                         net (fo=1, unplaced)         0.473     8.894    u_gradient/u_cordic/scaled__423_carry__0_i_1_n_0
                         CARRY4 (Prop_carry4_DI[3]_CO[3])
                                                      0.396     9.290 r  u_gradient/u_cordic/scaled__423_carry__0/CO[3]
                         net (fo=1, unplaced)         0.000     9.290    u_gradient/u_cordic/scaled__423_carry__0_n_0
                         CARRY4 (Prop_carry4_CI_CO[3])
                                                      0.117     9.407 r  u_gradient/u_cordic/scaled__423_carry__1/CO[3]
                         net (fo=1, unplaced)         0.000     9.407    u_gradient/u_cordic/scaled__423_carry__1_n_0
                         CARRY4 (Prop_carry4_CI_CO[3])
                                                      0.117     9.524 r  u_gradient/u_cordic/scaled__423_carry__2/CO[3]
                         net (fo=1, unplaced)         0.000     9.524    u_gradient/u_cordic/scaled__423_carry__2_n_0
                         CARRY4 (Prop_carry4_CI_CO[3])
                                                      0.117     9.641 r  u_gradient/u_cordic/scaled__423_carry__3/CO[3]
                         net (fo=1, unplaced)         0.000     9.641    u_gradient/u_cordic/scaled__423_carry__3_n_0
                         CARRY4 (Prop_carry4_CI_CO[3])
                                                      0.117     9.758 r  u_gradient/u_cordic/scaled__423_carry__4/CO[3]
                         net (fo=1, unplaced)         0.000     9.758    u_gradient/u_cordic/scaled__423_carry__4_n_0
                         CARRY4 (Prop_carry4_CI_CO[3])
                                                      0.117     9.875 r  u_gradient/u_cordic/scaled__423_carry__5/CO[3]
                         net (fo=1, unplaced)         0.000     9.875    u_gradient/u_cordic/scaled__423_carry__5_n_0
                         CARRY4 (Prop_carry4_CI_O[3])
                                                      0.331    10.206 r  u_gradient/u_cordic/scaled__423_carry__6/O[3]
                         net (fo=2, unplaced)         0.459    10.665    u_gradient/u_cordic/scaled__423_carry__6_n_4
                         LUT2 (Prop_lut2_I1_O)        0.300    10.965 r  u_gradient/u_cordic/magnitude3_carry_i_1/O
                         net (fo=1, unplaced)         0.000    10.965    u_gradient/u_cordic/magnitude3_carry_i_1_n_0
                         CARRY4 (Prop_carry4_DI[1]_CO[3])
                                                      0.547    11.512 r  u_gradient/u_cordic/magnitude3_carry/CO[3]
                         net (fo=1, unplaced)         0.000    11.512    u_gradient/u_cordic/magnitude3_carry_n_0
                         CARRY4 (Prop_carry4_CI_CO[3])
                                                      0.117    11.629 r  u_gradient/u_cordic/magnitude3_carry__0/CO[3]
                         net (fo=1, unplaced)         0.000    11.629    u_gradient/u_cordic/magnitude3_carry__0_n_0
                         CARRY4 (Prop_carry4_CI_CO[3])
                                                      0.117    11.746 r  u_gradient/u_cordic/magnitude3_carry__1/CO[3]
                         net (fo=1, unplaced)         0.000    11.746    u_gradient/u_cordic/magnitude3_carry__1_n_0
                         CARRY4 (Prop_carry4_CI_CO[3])
                                                      0.117    11.863 r  u_gradient/u_cordic/magnitude3_carry__2/CO[3]
                         net (fo=1, unplaced)         0.000    11.863    u_gradient/u_cordic/magnitude3_carry__2_n_0
                         CARRY4 (Prop_carry4_CI_CO[2])
                                                      0.252    12.115 r  u_gradient/u_cordic/magnitude3_carry__3/CO[2]
                         net (fo=18, unplaced)        0.509    12.624    u_gradient/u_cordic/data3
                         LUT6 (Prop_lut6_I4_O)        0.310    12.934 r  u_gradient/u_cordic/gra_path[0]_i_1/O
                         net (fo=1, unplaced)         0.000    12.934    u_gradient/u_cordic_n_21
                         FDCE                                         r  u_gradient/gra_path_reg[0]/D
  -------------------------------------------------------------------    -------------------

                         (clock clk rise edge)       10.000    10.000 r  <hidden>
                                                      0.000    10.000 r  clk
                         net (fo=0)                   0.000    10.000    clk
                         IBUF (Prop_ibuf_I_O)         0.838    10.838 r  clk_IBUF_inst/O
                         net (fo=1, unplaced)         0.763    11.600    clk_IBUF
                         BUFG (Prop_bufg_I_O)         0.091    11.691 r  clk_IBUF_BUFG_inst/O
                         net (fo=1794, unplaced)      0.439    12.130    u_gradient/clk_IBUF_BUFG
                         FDCE                                         r  u_gradient/gra_path_reg[0]/C
                         clock pessimism              0.179    12.309    <hidden>
                         clock uncertainty           -0.035    12.274    <hidden>
                         FDCE (Setup_fdce_C_D)        0.044    12.318    u_gradient/gra_path_reg[0]
  -------------------------------------------------------------------
                         required time                         12.318    <hidden>
                         arrival time                         -12.934    <hidden>
  -------------------------------------------------------------------
                         slack                                 -0.616    <hidden>

Slack (VIOLATED) :        -0.616ns  (required time - arrival time)
  Source:                 u_gradient/u_cordic/g_stage[15].x_reg_reg[0]/C
                            (rising edge-triggered cell FDCE clocked by clk  {rise@0.000ns fall@5.000ns period=10.000ns})
  Destination:            u_gradient/gra_path_reg[10]/D
                            (rising edge-triggered cell FDCE clocked by clk  {rise@0.000ns fall@5.000ns period=10.000ns})
  Path Group:             clk
  Path Type:              Setup (Max at Slow Process Corner)
  Requirement:            10.000ns  (clk rise@10.000ns - clk rise@0.000ns)
  Data Path Delay:        10.480ns  (logic 6.283ns (59.952%)  route 4.197ns (40.048%))
  Logic Levels:           21  (CARRY4=16 LUT2=1 LUT3=2 LUT4=1 LUT5=1)
  Clock Path Skew:        -0.145ns (DCD - SCD + CPR)
    Destination Clock Delay (DCD):    2.130ns = ( 12.130 - 10.000 ) 
    Source Clock Delay      (SCD):    2.454ns
    Clock Pessimism Removal (CPR):    0.179ns
  Clock Uncertainty:      0.035ns  ((TSJ^2 + TIJ^2)^1/2 + DJ) / 2 + PE
    Total System Jitter     (TSJ):    0.071ns
    Total Input Jitter      (TIJ):    0.000ns
    Discrete Jitter          (DJ):    0.000ns
    Phase Error              (PE):    0.000ns

    Location             Delay type                Incr(ns)  Path(ns)    Netlist Resource(s)
  -------------------------------------------------------------------    -------------------
                         (clock clk rise edge)        0.000     0.000 r  <hidden>
                                                      0.000     0.000 r  clk
                         net (fo=0)                   0.000     0.000    clk
                         IBUF (Prop_ibuf_I_O)         0.971     0.971 r  clk_IBUF_inst/O
                         net (fo=1, unplaced)         0.803     1.774    clk_IBUF
                         BUFG (Prop_bufg_I_O)         0.096     1.870 r  clk_IBUF_BUFG_inst/O
                         net (fo=1794, unplaced)      0.584     2.454    u_gradient/u_cordic/clk_IBUF_BUFG
                         FDCE                                         r  u_gradient/u_cordic/g_stage[15].x_reg_reg[0]/C
  -------------------------------------------------------------------    -------------------
                         FDCE (Prop_fdce_C_Q)         0.478     2.932 r  u_gradient/u_cordic/g_stage[15].x_reg_reg[0]/Q
                         net (fo=20, unplaced)        0.726     3.658    u_gradient/u_cordic/g_stage[15].x_reg[0]
                         CARRY4 (Prop_carry4_S[0]_CO[3])
                                                      0.808     4.466 r  u_gradient/u_cordic/scaled__50_carry/CO[3]
                         net (fo=1, unplaced)         0.000     4.466    u_gradient/u_cordic/scaled__50_carry_n_0
                         CARRY4 (Prop_carry4_CI_O[1])
                                                      0.337     4.803 r  u_gradient/u_cordic/scaled__50_carry__0/O[1]
                         net (fo=3, unplaced)         0.629     5.432    u_gradient/u_cordic/scaled__50_carry__0_n_6
                         LUT3 (Prop_lut3_I2_O)        0.306     5.738 r  u_gradient/u_cordic/scaled__321_carry__0_i_3/O
                         net (fo=1, unplaced)         0.469     6.207    u_gradient/u_cordic/scaled__321_carry__0_i_3_n_0
                         CARRY4 (Prop_carry4_DI[1]_CO[3])
                                                      0.520     6.727 r  u_gradient/u_cordic/scaled__321_carry__0/CO[3]
                         net (fo=1, unplaced)         0.000     6.727    u_gradient/u_cordic/scaled__321_carry__0_n_0
                         CARRY4 (Prop_carry4_CI_O[3])
                                                      0.331     7.058 r  u_gradient/u_cordic/scaled__321_carry__1/O[3]
                         net (fo=4, unplaced)         0.472     7.530    u_gradient/u_cordic/scaled__321_carry__1_n_4
                         LUT3 (Prop_lut3_I1_O)        0.307     7.837 r  u_gradient/u_cordic/scaled__423_carry__0_i_9/O
                         net (fo=2, unplaced)         0.460     8.297    u_gradient/u_cordic/scaled__423_carry__0_i_9_n_0
                         LUT5 (Prop_lut5_I1_O)        0.124     8.421 r  u_gradient/u_cordic/scaled__423_carry__0_i_1/O
                         net (fo=1, unplaced)         0.473     8.894    u_gradient/u_cordic/scaled__423_carry__0_i_1_n_0
                         CARRY4 (Prop_carry4_DI[3]_CO[3])
                                                      0.396     9.290 r  u_gradient/u_cordic/scaled__423_carry__0/CO[3]
                         net (fo=1, unplaced)         0.000     9.290    u_gradient/u_cordic/scaled__423_carry__0_n_0
                         CARRY4 (Prop_carry4_CI_CO[3])
                                                      0.117     9.407 r  u_gradient/u_cordic/scaled__423_carry__1/CO[3]
                         net (fo=1, unplaced)         0.000     9.407    u_gradient/u_cordic/scaled__423_carry__1_n_0
                         CARRY4 (Prop_carry4_CI_CO[3])
                                                      0.117     9.524 r  u_gradient/u_cordic/scaled__423_carry__2/CO[3]
                         net (fo=1, unplaced)         0.000     9.524    u_gradient/u_cordic/scaled__423_carry__2_n_0
                         CARRY4 (Prop_carry4_CI_CO[3])
                                                      0.117     9.641 r  u_gradient/u_cordic/scaled__423_carry__3/CO[3]
                         net (fo=1, unplaced)         0.000     9.641    u_gradient/u_cordic/scaled__423_carry__3_n_0
                         CARRY4 (Prop_carry4_CI_CO[3])
                                                      0.117     9.758 r  u_gradient/u_cordic/scaled__423_carry__4/CO[3]
                         net (fo=1, unplaced)         0.000     9.758    u_gradient/u_cordic/scaled__423_carry__4_n_0
                         CARRY4 (Prop_carry4_CI_CO[3])
                                                      0.117     9.875 r  u_gradient/u_cordic/scaled__423_carry__5/CO[3]
                         net (fo=1, unplaced)         0.000     9.875    u_gradient/u_cordic/scaled__423_carry__5_n_0
                         CARRY4 (Prop_carry4_CI_O[3])
                                                      0.331    10.206 r  u_gradient/u_cordic/scaled__423_carry__6/O[3]
                         net (fo=2, unplaced)         0.459    10.665    u_gradient/u_cordic/scaled__423_carry__6_n_4
                         LUT2 (Prop_lut2_I1_O)        0.300    10.965 r  u_gradient/u_cordic/magnitude3_carry_i_1/O
                         net (fo=1, unplaced)         0.000    10.965    u_gradient/u_cordic/magnitude3_carry_i_1_n_0
                         CARRY4 (Prop_carry4_DI[1]_CO[3])
                                                      0.547    11.512 r  u_gradient/u_cordic/magnitude3_carry/CO[3]
                         net (fo=1, unplaced)         0.000    11.512    u_gradient/u_cordic/magnitude3_carry_n_0
                         CARRY4 (Prop_carry4_CI_CO[3])
                                                      0.117    11.629 r  u_gradient/u_cordic/magnitude3_carry__0/CO[3]
                         net (fo=1, unplaced)         0.000    11.629    u_gradient/u_cordic/magnitude3_carry__0_n_0
                         CARRY4 (Prop_carry4_CI_CO[3])
                                                      0.117    11.746 r  u_gradient/u_cordic/magnitude3_carry__1/CO[3]
                         net (fo=1, unplaced)         0.000    11.746    u_gradient/u_cordic/magnitude3_carry__1_n_0
                         CARRY4 (Prop_carry4_CI_CO[3])
                                                      0.117    11.863 r  u_gradient/u_cordic/magnitude3_carry__2/CO[3]
                         net (fo=1, unplaced)         0.000    11.863    u_gradient/u_cordic/magnitude3_carry__2_n_0
                         CARRY4 (Prop_carry4_CI_CO[2])
                                                      0.252    12.115 r  u_gradient/u_cordic/magnitude3_carry__3/CO[2]
                         net (fo=18, unplaced)        0.509    12.624    u_gradient/u_cordic/data3
                         LUT4 (Prop_lut4_I1_O)        0.310    12.934 r  u_gradient/u_cordic/gra_path[10]_i_1/O
                         net (fo=1, unplaced)         0.000    12.934    u_gradient/u_cordic_n_11
                         FDCE                                         r  u_gradient/gra_path_reg[10]/D
  -------------------------------------------------------------------    -------------------

                         (clock clk rise edge)       10.000    10.000 r  <hidden>
                                                      0.000    10.000 r  clk
                         net (fo=0)                   0.000    10.000    clk
                         IBUF (Prop_ibuf_I_O)         0.838    10.838 r  clk_IBUF_inst/O
                         net (fo=1, unplaced)         0.763    11.600    clk_IBUF
                         BUFG (Prop_bufg_I_O)         0.091    11.691 r  clk_IBUF_BUFG_inst/O
                         net (fo=1794, unplaced)      0.439    12.130    u_gradient/clk_IBUF_BUFG
                         FDCE                                         r  u_gradient/gra_path_reg[10]/C
                         clock pessimism              0.179    12.309    <hidden>
                         clock uncertainty           -0.035    12.274    <hidden>
                         FDCE (Setup_fdce_C_D)        0.044    12.318    u_gradient/gra_path_reg[10]
  -------------------------------------------------------------------
                         required time                         12.318    <hidden>
                         arrival time                         -12.934    <hidden>
  -------------------------------------------------------------------
                         slack                                 -0.616    <hidden>

Slack (VIOLATED) :        -0.616ns  (required time - arrival time)
  Source:                 u_gradient/u_cordic/g_stage[15].x_reg_reg[0]/C
                            (rising edge-triggered cell FDCE clocked by clk  {rise@0.000ns fall@5.000ns period=10.000ns})
  Destination:            u_gradient/gra_path_reg[11]/D
                            (rising edge-triggered cell FDCE clocked by clk  {rise@0.000ns fall@5.000ns period=10.000ns})
  Path Group:             clk
  Path Type:              Setup (Max at Slow Process Corner)
  Requirement:            10.000ns  (clk rise@10.000ns - clk rise@0.000ns)
  Data Path Delay:        10.480ns  (logic 6.283ns (59.952%)  route 4.197ns (40.048%))
  Logic Levels:           21  (CARRY4=16 LUT2=1 LUT3=2 LUT5=1 LUT6=1)
  Clock Path Skew:        -0.145ns (DCD - SCD + CPR)
    Destination Clock Delay (DCD):    2.130ns = ( 12.130 - 10.000 ) 
    Source Clock Delay      (SCD):    2.454ns
    Clock Pessimism Removal (CPR):    0.179ns
  Clock Uncertainty:      0.035ns  ((TSJ^2 + TIJ^2)^1/2 + DJ) / 2 + PE
    Total System Jitter     (TSJ):    0.071ns
    Total Input Jitter      (TIJ):    0.000ns
    Discrete Jitter          (DJ):    0.000ns
    Phase Error              (PE):    0.000ns

    Location             Delay type                Incr(ns)  Path(ns)    Netlist Resource(s)
  -------------------------------------------------------------------    -------------------
                         (clock clk rise edge)        0.000     0.000 r  <hidden>
                                                      0.000     0.000 r  clk
                         net (fo=0)                   0.000     0.000    clk
                         IBUF (Prop_ibuf_I_O)         0.971     0.971 r  clk_IBUF_inst/O
                         net (fo=1, unplaced)         0.803     1.774    clk_IBUF
                         BUFG (Prop_bufg_I_O)         0.096     1.870 r  clk_IBUF_BUFG_inst/O
                         net (fo=1794, unplaced)      0.584     2.454    u_gradient/u_cordic/clk_IBUF_BUFG
                         FDCE                                         r  u_gradient/u_cordic/g_stage[15].x_reg_reg[0]/C
  -------------------------------------------------------------------    -------------------
                         FDCE (Prop_fdce_C_Q)         0.478     2.932 r  u_gradient/u_cordic/g_stage[15].x_reg_reg[0]/Q
                         net (fo=20, unplaced)        0.726     3.658    u_gradient/u_cordic/g_stage[15].x_reg[0]
                         CARRY4 (Prop_carry4_S[0]_CO[3])
                                                      0.808     4.466 r  u_gradient/u_cordic/scaled__50_carry/CO[3]
                         net (fo=1, unplaced)         0.000     4.466    u_gradient/u_cordic/scaled__50_carry_n_0
                         CARRY4 (Prop_carry4_CI_O[1])
                                                      0.337     4.803 r  u_gradient/u_cordic/scaled__50_carry__0/O[1]
                         net (fo=3, unplaced)         0.629     5.432    u_gradient/u_cordic/scaled__50_carry__0_n_6
                         LUT3 (Prop_lut3_I2_O)        0.306     5.738 r  u_gradient/u_cordic/scaled__321_carry__0_i_3/O
                         net (fo=1, unplaced)         0.469     6.207    u_gradient/u_cordic/scaled__321_carry__0_i_3_n_0
                         CARRY4 (Prop_carry4_DI[1]_CO[3])
                                                      0.520     6.727 r  u_gradient/u_cordic/scaled__321_carry__0/CO[3]
                         net (fo=1, unplaced)         0.000     6.727    u_gradient/u_cordic/scaled__321_carry__0_n_0
                         CARRY4 (Prop_carry4_CI_O[3])
                                                      0.331     7.058 r  u_gradient/u_cordic/scaled__321_carry__1/O[3]
                         net (fo=4, unplaced)         0.472     7.530    u_gradient/u_cordic/scaled__321_carry__1_n_4
                         LUT3 (Prop_lut3_I1_O)        0.307     7.837 r  u_gradient/u_cordic/scaled__423_carry__0_i_9/O
                         net (fo=2, unplaced)         0.460     8.297    u_gradient/u_cordic/scaled__423_carry__0_i_9_n_0
                         LUT5 (Prop_lut5_I1_O)        0.124     8.421 r  u_gradient/u_cordic/scaled__423_carry__0_i_1/O
                         net (fo=1, unplaced)         0.473     8.894    u_gradient/u_cordic/scaled__423_carry__0_i_1_n_0
                         CARRY4 (Prop_carry4_DI[3]_CO[3])
                                                      0.396     9.290 r  u_gradient/u_cordic/scaled__423_carry__0/CO[3]
                         net (fo=1, unplaced)         0.000     9.290    u_gradient/u_cordic/scaled__423_carry__0_n_0
                         CARRY4 (Prop_carry4_CI_CO[3])
                                                      0.117     9.407 r  u_gradient/u_cordic/scaled__423_carry__1/CO[3]
                         net (fo=1, unplaced)         0.000     9.407    u_gradient/u_cordic/scaled__423_carry__1_n_0
                         CARRY4 (Prop_carry4_CI_CO[3])
                                                      0.117     9.524 r  u_gradient/u_cordic/scaled__423_carry__2/CO[3]
                         net (fo=1, unplaced)         0.000     9.524    u_gradient/u_cordic/scaled__423_carry__2_n_0
                         CARRY4 (Prop_carry4_CI_CO[3])
                                                      0.117     9.641 r  u_gradient/u_cordic/scaled__423_carry__3/CO[3]
                         net (fo=1, unplaced)         0.000     9.641    u_gradient/u_cordic/scaled__423_carry__3_n_0
                         CARRY4 (Prop_carry4_CI_CO[3])
                                                      0.117     9.758 r  u_gradient/u_cordic/scaled__423_carry__4/CO[3]
                         net (fo=1, unplaced)         0.000     9.758    u_gradient/u_cordic/scaled__423_carry__4_n_0
                         CARRY4 (Prop_carry4_CI_CO[3])
                                                      0.117     9.875 r  u_gradient/u_cordic/scaled__423_carry__5/CO[3]
                         net (fo=1, unplaced)         0.000     9.875    u_gradient/u_cordic/scaled__423_carry__5_n_0
                         CARRY4 (Prop_carry4_CI_O[3])
                                                      0.331    10.206 r  u_gradient/u_cordic/scaled__423_carry__6/O[3]
                         net (fo=2, unplaced)         0.459    10.665    u_gradient/u_cordic/scaled__423_carry__6_n_4
                         LUT2 (Prop_lut2_I1_O)        0.300    10.965 r  u_gradient/u_cordic/magnitude3_carry_i_1/O
                         net (fo=1, unplaced)         0.000    10.965    u_gradient/u_cordic/magnitude3_carry_i_1_n_0
                         CARRY4 (Prop_carry4_DI[1]_CO[3])
                                                      0.547    11.512 r  u_gradient/u_cordic/magnitude3_carry/CO[3]
                         net (fo=1, unplaced)         0.000    11.512    u_gradient/u_cordic/magnitude3_carry_n_0
                         CARRY4 (Prop_carry4_CI_CO[3])
                                                      0.117    11.629 r  u_gradient/u_cordic/magnitude3_carry__0/CO[3]
                         net (fo=1, unplaced)         0.000    11.629    u_gradient/u_cordic/magnitude3_carry__0_n_0
                         CARRY4 (Prop_carry4_CI_CO[3])
                                                      0.117    11.746 r  u_gradient/u_cordic/magnitude3_carry__1/CO[3]
                         net (fo=1, unplaced)         0.000    11.746    u_gradient/u_cordic/magnitude3_carry__1_n_0
                         CARRY4 (Prop_carry4_CI_CO[3])
                                                      0.117    11.863 r  u_gradient/u_cordic/magnitude3_carry__2/CO[3]
                         net (fo=1, unplaced)         0.000    11.863    u_gradient/u_cordic/magnitude3_carry__2_n_0
                         CARRY4 (Prop_carry4_CI_CO[2])
                                                      0.252    12.115 r  u_gradient/u_cordic/magnitude3_carry__3/CO[2]
                         net (fo=18, unplaced)        0.509    12.624    u_gradient/u_cordic/data3
                         LUT6 (Prop_lut6_I2_O)        0.310    12.934 r  u_gradient/u_cordic/gra_path[11]_i_1/O
                         net (fo=1, unplaced)         0.000    12.934    u_gradient/u_cordic_n_10
                         FDCE                                         r  u_gradient/gra_path_reg[11]/D
  -------------------------------------------------------------------    -------------------

                         (clock clk rise edge)       10.000    10.000 r  <hidden>
                                                      0.000    10.000 r  clk
                         net (fo=0)                   0.000    10.000    clk
                         IBUF (Prop_ibuf_I_O)         0.838    10.838 r  clk_IBUF_inst/O
                         net (fo=1, unplaced)         0.763    11.600    clk_IBUF
                         BUFG (Prop_bufg_I_O)         0.091    11.691 r  clk_IBUF_BUFG_inst/O
                         net (fo=1794, unplaced)      0.439    12.130    u_gradient/clk_IBUF_BUFG
                         FDCE                                         r  u_gradient/gra_path_reg[11]/C
                         clock pessimism              0.179    12.309    <hidden>
                         clock uncertainty           -0.035    12.274    <hidden>
                         FDCE (Setup_fdce_C_D)        0.044    12.318    u_gradient/gra_path_reg[11]
  -------------------------------------------------------------------
                         required time                         12.318    <hidden>
                         arrival time                         -12.934    <hidden>
  -------------------------------------------------------------------
                         slack                                 -0.616    <hidden>

Slack (VIOLATED) :        -0.616ns  (required time - arrival time)
  Source:                 u_gradient/u_cordic/g_stage[15].x_reg_reg[0]/C
                            (rising edge-triggered cell FDCE clocked by clk  {rise@0.000ns fall@5.000ns period=10.000ns})
  Destination:            u_gradient/gra_path_reg[12]/D
                            (rising edge-triggered cell FDCE clocked by clk  {rise@0.000ns fall@5.000ns period=10.000ns})
  Path Group:             clk
  Path Type:              Setup (Max at Slow Process Corner)
  Requirement:            10.000ns  (clk rise@10.000ns - clk rise@0.000ns)
  Data Path Delay:        10.480ns  (logic 6.283ns (59.952%)  route 4.197ns (40.048%))
  Logic Levels:           21  (CARRY4=16 LUT2=1 LUT3=2 LUT5=1 LUT6=1)
  Clock Path Skew:        -0.145ns (DCD - SCD + CPR)
    Destination Clock Delay (DCD):    2.130ns = ( 12.130 - 10.000 ) 
    Source Clock Delay      (SCD):    2.454ns
    Clock Pessimism Removal (CPR):    0.179ns
  Clock Uncertainty:      0.035ns  ((TSJ^2 + TIJ^2)^1/2 + DJ) / 2 + PE
    Total System Jitter     (TSJ):    0.071ns
    Total Input Jitter      (TIJ):    0.000ns
    Discrete Jitter          (DJ):    0.000ns
    Phase Error              (PE):    0.000ns

    Location             Delay type                Incr(ns)  Path(ns)    Netlist Resource(s)
  -------------------------------------------------------------------    -------------------
                         (clock clk rise edge)        0.000     0.000 r  <hidden>
                                                      0.000     0.000 r  clk
                         net (fo=0)                   0.000     0.000    clk
                         IBUF (Prop_ibuf_I_O)         0.971     0.971 r  clk_IBUF_inst/O
                         net (fo=1, unplaced)         0.803     1.774    clk_IBUF
                         BUFG (Prop_bufg_I_O)         0.096     1.870 r  clk_IBUF_BUFG_inst/O
                         net (fo=1794, unplaced)      0.584     2.454    u_gradient/u_cordic/clk_IBUF_BUFG
                         FDCE                                         r  u_gradient/u_cordic/g_stage[15].x_reg_reg[0]/C
  -------------------------------------------------------------------    -------------------
                         FDCE (Prop_fdce_C_Q)         0.478     2.932 r  u_gradient/u_cordic/g_stage[15].x_reg_reg[0]/Q
                         net (fo=20, unplaced)        0.726     3.658    u_gradient/u_cordic/g_stage[15].x_reg[0]
                         CARRY4 (Prop_carry4_S[0]_CO[3])
                                                      0.808     4.466 r  u_gradient/u_cordic/scaled__50_carry/CO[3]
                         net (fo=1, unplaced)         0.000     4.466    u_gradient/u_cordic/scaled__50_carry_n_0
                         CARRY4 (Prop_carry4_CI_O[1])
                                                      0.337     4.803 r  u_gradient/u_cordic/scaled__50_carry__0/O[1]
                         net (fo=3, unplaced)         0.629     5.432    u_gradient/u_cordic/scaled__50_carry__0_n_6
                         LUT3 (Prop_lut3_I2_O)        0.306     5.738 r  u_gradient/u_cordic/scaled__321_carry__0_i_3/O
                         net (fo=1, unplaced)         0.469     6.207    u_gradient/u_cordic/scaled__321_carry__0_i_3_n_0
                         CARRY4 (Prop_carry4_DI[1]_CO[3])
                                                      0.520     6.727 r  u_gradient/u_cordic/scaled__321_carry__0/CO[3]
                         net (fo=1, unplaced)         0.000     6.727    u_gradient/u_cordic/scaled__321_carry__0_n_0
                         CARRY4 (Prop_carry4_CI_O[3])
                                                      0.331     7.058 r  u_gradient/u_cordic/scaled__321_carry__1/O[3]
                         net (fo=4, unplaced)         0.472     7.530    u_gradient/u_cordic/scaled__321_carry__1_n_4
                         LUT3 (Prop_lut3_I1_O)        0.307     7.837 r  u_gradient/u_cordic/scaled__423_carry__0_i_9/O
                         net (fo=2, unplaced)         0.460     8.297    u_gradient/u_cordic/scaled__423_carry__0_i_9_n_0
                         LUT5 (Prop_lut5_I1_O)        0.124     8.421 r  u_gradient/u_cordic/scaled__423_carry__0_i_1/O
                         net (fo=1, unplaced)         0.473     8.894    u_gradient/u_cordic/scaled__423_carry__0_i_1_n_0
                         CARRY4 (Prop_carry4_DI[3]_CO[3])
                                                      0.396     9.290 r  u_gradient/u_cordic/scaled__423_carry__0/CO[3]
                         net (fo=1, unplaced)         0.000     9.290    u_gradient/u_cordic/scaled__423_carry__0_n_0
                         CARRY4 (Prop_carry4_CI_CO[3])
                                                      0.117     9.407 r  u_gradient/u_cordic/scaled__423_carry__1/CO[3]
                         net (fo=1, unplaced)         0.000     9.407    u_gradient/u_cordic/scaled__423_carry__1_n_0
                         CARRY4 (Prop_carry4_CI_CO[3])
                                                      0.117     9.524 r  u_gradient/u_cordic/scaled__423_carry__2/CO[3]
                         net (fo=1, unplaced)         0.000     9.524    u_gradient/u_cordic/scaled__423_carry__2_n_0
                         CARRY4 (Prop_carry4_CI_CO[3])
                                                      0.117     9.641 r  u_gradient/u_cordic/scaled__423_carry__3/CO[3]
                         net (fo=1, unplaced)         0.000     9.641    u_gradient/u_cordic/scaled__423_carry__3_n_0
                         CARRY4 (Prop_carry4_CI_CO[3])
                                                      0.117     9.758 r  u_gradient/u_cordic/scaled__423_carry__4/CO[3]
                         net (fo=1, unplaced)         0.000     9.758    u_gradient/u_cordic/scaled__423_carry__4_n_0
                         CARRY4 (Prop_carry4_CI_CO[3])
                                                      0.117     9.875 r  u_gradient/u_cordic/scaled__423_carry__5/CO[3]
                         net (fo=1, unplaced)         0.000     9.875    u_gradient/u_cordic/scaled__423_carry__5_n_0
                         CARRY4 (Prop_carry4_CI_O[3])
                                                      0.331    10.206 r  u_gradient/u_cordic/scaled__423_carry__6/O[3]
                         net (fo=2, unplaced)         0.459    10.665    u_gradient/u_cordic/scaled__423_carry__6_n_4
                         LUT2 (Prop_lut2_I1_O)        0.300    10.965 r  u_gradient/u_cordic/magnitude3_carry_i_1/O
                         net (fo=1, unplaced)         0.000    10.965    u_gradient/u_cordic/magnitude3_carry_i_1_n_0
                         CARRY4 (Prop_carry4_DI[1]_CO[3])
                                                      0.547    11.512 r  u_gradient/u_cordic/magnitude3_carry/CO[3]
                         net (fo=1, unplaced)         0.000    11.512    u_gradient/u_cordic/magnitude3_carry_n_0
                         CARRY4 (Prop_carry4_CI_CO[3])
                                                      0.117    11.629 r  u_gradient/u_cordic/magnitude3_carry__0/CO[3]
                         net (fo=1, unplaced)         0.000    11.629    u_gradient/u_cordic/magnitude3_carry__0_n_0
                         CARRY4 (Prop_carry4_CI_CO[3])
                                                      0.117    11.746 r  u_gradient/u_cordic/magnitude3_carry__1/CO[3]
                         net (fo=1, unplaced)         0.000    11.746    u_gradient/u_cordic/magnitude3_carry__1_n_0
                         CARRY4 (Prop_carry4_CI_CO[3])
                                                      0.117    11.863 r  u_gradient/u_cordic/magnitude3_carry__2/CO[3]
                         net (fo=1, unplaced)         0.000    11.863    u_gradient/u_cordic/magnitude3_carry__2_n_0
                         CARRY4 (Prop_carry4_CI_CO[2])
                                                      0.252    12.115 r  u_gradient/u_cordic/magnitude3_carry__3/CO[2]
                         net (fo=18, unplaced)        0.509    12.624    u_gradient/u_cordic/data3
                         LUT6 (Prop_lut6_I3_O)        0.310    12.934 r  u_gradient/u_cordic/gra_path[12]_i_1/O
                         net (fo=1, unplaced)         0.000    12.934    u_gradient/u_cordic_n_9
                         FDCE                                         r  u_gradient/gra_path_reg[12]/D
  -------------------------------------------------------------------    -------------------

                         (clock clk rise edge)       10.000    10.000 r  <hidden>
                                                      0.000    10.000 r  clk
                         net (fo=0)                   0.000    10.000    clk
                         IBUF (Prop_ibuf_I_O)         0.838    10.838 r  clk_IBUF_inst/O
                         net (fo=1, unplaced)         0.763    11.600    clk_IBUF
                         BUFG (Prop_bufg_I_O)         0.091    11.691 r  clk_IBUF_BUFG_inst/O
                         net (fo=1794, unplaced)      0.439    12.130    u_gradient/clk_IBUF_BUFG
                         FDCE                                         r  u_gradient/gra_path_reg[12]/C
                         clock pessimism              0.179    12.309    <hidden>
                         clock uncertainty           -0.035    12.274    <hidden>
                         FDCE (Setup_fdce_C_D)        0.044    12.318    u_gradient/gra_path_reg[12]
  -------------------------------------------------------------------
                         required time                         12.318    <hidden>
                         arrival time                         -12.934    <hidden>
  -------------------------------------------------------------------
                         slack                                 -0.616    <hidden>

Slack (VIOLATED) :        -0.616ns  (required time - arrival time)
  Source:                 u_gradient/u_cordic/g_stage[15].x_reg_reg[0]/C
                            (rising edge-triggered cell FDCE clocked by clk  {rise@0.000ns fall@5.000ns period=10.000ns})
  Destination:            u_gradient/gra_path_reg[13]/D
                            (rising edge-triggered cell FDCE clocked by clk  {rise@0.000ns fall@5.000ns period=10.000ns})
  Path Group:             clk
  Path Type:              Setup (Max at Slow Process Corner)
  Requirement:            10.000ns  (clk rise@10.000ns - clk rise@0.000ns)
  Data Path Delay:        10.480ns  (logic 6.283ns (59.952%)  route 4.197ns (40.048%))
  Logic Levels:           21  (CARRY4=16 LUT2=1 LUT3=2 LUT5=1 LUT6=1)
  Clock Path Skew:        -0.145ns (DCD - SCD + CPR)
    Destination Clock Delay (DCD):    2.130ns = ( 12.130 - 10.000 ) 
    Source Clock Delay      (SCD):    2.454ns
    Clock Pessimism Removal (CPR):    0.179ns
  Clock Uncertainty:      0.035ns  ((TSJ^2 + TIJ^2)^1/2 + DJ) / 2 + PE
    Total System Jitter     (TSJ):    0.071ns
    Total Input Jitter      (TIJ):    0.000ns
    Discrete Jitter          (DJ):    0.000ns
    Phase Error              (PE):    0.000ns

    Location             Delay type                Incr(ns)  Path(ns)    Netlist Resource(s)
  -------------------------------------------------------------------    -------------------
                         (clock clk rise edge)        0.000     0.000 r  <hidden>
                                                      0.000     0.000 r  clk
                         net (fo=0)                   0.000     0.000    clk
                         IBUF (Prop_ibuf_I_O)         0.971     0.971 r  clk_IBUF_inst/O
                         net (fo=1, unplaced)         0.803     1.774    clk_IBUF
                         BUFG (Prop_bufg_I_O)         0.096     1.870 r  clk_IBUF_BUFG_inst/O
                         net (fo=1794, unplaced)      0.584     2.454    u_gradient/u_cordic/clk_IBUF_BUFG
                         FDCE                                         r  u_gradient/u_cordic/g_stage[15].x_reg_reg[0]/C
  -------------------------------------------------------------------    -------------------
                         FDCE (Prop_fdce_C_Q)         0.478     2.932 r  u_gradient/u_cordic/g_stage[15].x_reg_reg[0]/Q
                         net (fo=20, unplaced)        0.726     3.658    u_gradient/u_cordic/g_stage[15].x_reg[0]
                         CARRY4 (Prop_carry4_S[0]_CO[3])
                                                      0.808     4.466 r  u_gradient/u_cordic/scaled__50_carry/CO[3]
                         net (fo=1, unplaced)         0.000     4.466    u_gradient/u_cordic/scaled__50_carry_n_0
                         CARRY4 (Prop_carry4_CI_O[1])
                                                      0.337     4.803 r  u_gradient/u_cordic/scaled__50_carry__0/O[1]
                         net (fo=3, unplaced)         0.629     5.432    u_gradient/u_cordic/scaled__50_carry__0_n_6
                         LUT3 (Prop_lut3_I2_O)        0.306     5.738 r  u_gradient/u_cordic/scaled__321_carry__0_i_3/O
                         net (fo=1, unplaced)         0.469     6.207    u_gradient/u_cordic/scaled__321_carry__0_i_3_n_0
                         CARRY4 (Prop_carry4_DI[1]_CO[3])
                                                      0.520     6.727 r  u_gradient/u_cordic/scaled__321_carry__0/CO[3]
                         net (fo=1, unplaced)         0.000     6.727    u_gradient/u_cordic/scaled__321_carry__0_n_0
                         CARRY4 (Prop_carry4_CI_O[3])
                                                      0.331     7.058 r  u_gradient/u_cordic/scaled__321_carry__1/O[3]
                         net (fo=4, unplaced)         0.472     7.530    u_gradient/u_cordic/scaled__321_carry__1_n_4
                         LUT3 (Prop_lut3_I1_O)        0.307     7.837 r  u_gradient/u_cordic/scaled__423_carry__0_i_9/O
                         net (fo=2, unplaced)         0.460     8.297    u_gradient/u_cordic/scaled__423_carry__0_i_9_n_0
                         LUT5 (Prop_lut5_I1_O)        0.124     8.421 r  u_gradient/u_cordic/scaled__423_carry__0_i_1/O
                         net (fo=1, unplaced)         0.473     8.894    u_gradient/u_cordic/scaled__423_carry__0_i_1_n_0
                         CARRY4 (Prop_carry4_DI[3]_CO[3])
                                                      0.396     9.290 r  u_gradient/u_cordic/scaled__423_carry__0/CO[3]
                         net (fo=1, unplaced)         0.000     9.290    u_gradient/u_cordic/scaled__423_carry__0_n_0
                         CARRY4 (Prop_carry4_CI_CO[3])
                                                      0.117     9.407 r  u_gradient/u_cordic/scaled__423_carry__1/CO[3]
                         net (fo=1, unplaced)         0.000     9.407    u_gradient/u_cordic/scaled__423_carry__1_n_0
                         CARRY4 (Prop_carry4_CI_CO[3])
                                                      0.117     9.524 r  u_gradient/u_cordic/scaled__423_carry__2/CO[3]
                         net (fo=1, unplaced)         0.000     9.524    u_gradient/u_cordic/scaled__423_carry__2_n_0
                         CARRY4 (Prop_carry4_CI_CO[3])
                                                      0.117     9.641 r  u_gradient/u_cordic/scaled__423_carry__3/CO[3]
                         net (fo=1, unplaced)         0.000     9.641    u_gradient/u_cordic/scaled__423_carry__3_n_0
                         CARRY4 (Prop_carry4_CI_CO[3])
                                                      0.117     9.758 r  u_gradient/u_cordic/scaled__423_carry__4/CO[3]
                         net (fo=1, unplaced)         0.000     9.758    u_gradient/u_cordic/scaled__423_carry__4_n_0
                         CARRY4 (Prop_carry4_CI_CO[3])
                                                      0.117     9.875 r  u_gradient/u_cordic/scaled__423_carry__5/CO[3]
                         net (fo=1, unplaced)         0.000     9.875    u_gradient/u_cordic/scaled__423_carry__5_n_0
                         CARRY4 (Prop_carry4_CI_O[3])
                                                      0.331    10.206 r  u_gradient/u_cordic/scaled__423_carry__6/O[3]
                         net (fo=2, unplaced)         0.459    10.665    u_gradient/u_cordic/scaled__423_carry__6_n_4
                         LUT2 (Prop_lut2_I1_O)        0.300    10.965 r  u_gradient/u_cordic/magnitude3_carry_i_1/O
                         net (fo=1, unplaced)         0.000    10.965    u_gradient/u_cordic/magnitude3_carry_i_1_n_0
                         CARRY4 (Prop_carry4_DI[1]_CO[3])
                                                      0.547    11.512 r  u_gradient/u_cordic/magnitude3_carry/CO[3]
                         net (fo=1, unplaced)         0.000    11.512    u_gradient/u_cordic/magnitude3_carry_n_0
                         CARRY4 (Prop_carry4_CI_CO[3])
                                                      0.117    11.629 r  u_gradient/u_cordic/magnitude3_carry__0/CO[3]
                         net (fo=1, unplaced)         0.000    11.629    u_gradient/u_cordic/magnitude3_carry__0_n_0
                         CARRY4 (Prop_carry4_CI_CO[3])
                                                      0.117    11.746 r  u_gradient/u_cordic/magnitude3_carry__1/CO[3]
                         net (fo=1, unplaced)         0.000    11.746    u_gradient/u_cordic/magnitude3_carry__1_n_0
                         CARRY4 (Prop_carry4_CI_CO[3])
                                                      0.117    11.863 r  u_gradient/u_cordic/magnitude3_carry__2/CO[3]
                         net (fo=1, unplaced)         0.000    11.863    u_gradient/u_cordic/magnitude3_carry__2_n_0
                         CARRY4 (Prop_carry4_CI_CO[2])
                                                      0.252    12.115 r  u_gradient/u_cordic/magnitude3_carry__3/CO[2]
                         net (fo=18, unplaced)        0.509    12.624    u_gradient/u_cordic/data3
                         LUT6 (Prop_lut6_I3_O)        0.310    12.934 r  u_gradient/u_cordic/gra_path[13]_i_1/O
                         net (fo=1, unplaced)         0.000    12.934    u_gradient/u_cordic_n_8
                         FDCE                                         r  u_gradient/gra_path_reg[13]/D
  -------------------------------------------------------------------    -------------------

                         (clock clk rise edge)       10.000    10.000 r  <hidden>
                                                      0.000    10.000 r  clk
                         net (fo=0)                   0.000    10.000    clk
                         IBUF (Prop_ibuf_I_O)         0.838    10.838 r  clk_IBUF_inst/O
                         net (fo=1, unplaced)         0.763    11.600    clk_IBUF
                         BUFG (Prop_bufg_I_O)         0.091    11.691 r  clk_IBUF_BUFG_inst/O
                         net (fo=1794, unplaced)      0.439    12.130    u_gradient/clk_IBUF_BUFG
                         FDCE                                         r  u_gradient/gra_path_reg[13]/C
                         clock pessimism              0.179    12.309    <hidden>
                         clock uncertainty           -0.035    12.274    <hidden>
                         FDCE (Setup_fdce_C_D)        0.044    12.318    u_gradient/gra_path_reg[13]
  -------------------------------------------------------------------
                         required time                         12.318    <hidden>
                         arrival time                         -12.934    <hidden>
  -------------------------------------------------------------------
                         slack                                 -0.616    <hidden>

Slack (VIOLATED) :        -0.616ns  (required time - arrival time)
  Source:                 u_gradient/u_cordic/g_stage[15].x_reg_reg[0]/C
                            (rising edge-triggered cell FDCE clocked by clk  {rise@0.000ns fall@5.000ns period=10.000ns})
  Destination:            u_gradient/gra_path_reg[14]/D
                            (rising edge-triggered cell FDCE clocked by clk  {rise@0.000ns fall@5.000ns period=10.000ns})
  Path Group:             clk
  Path Type:              Setup (Max at Slow Process Corner)
  Requirement:            10.000ns  (clk rise@10.000ns - clk rise@0.000ns)
  Data Path Delay:        10.480ns  (logic 6.283ns (59.952%)  route 4.197ns (40.048%))
  Logic Levels:           21  (CARRY4=16 LUT2=1 LUT3=2 LUT5=1 LUT6=1)
  Clock Path Skew:        -0.145ns (DCD - SCD + CPR)
    Destination Clock Delay (DCD):    2.130ns = ( 12.130 - 10.000 ) 
    Source Clock Delay      (SCD):    2.454ns
    Clock Pessimism Removal (CPR):    0.179ns
  Clock Uncertainty:      0.035ns  ((TSJ^2 + TIJ^2)^1/2 + DJ) / 2 + PE
    Total System Jitter     (TSJ):    0.071ns
    Total Input Jitter      (TIJ):    0.000ns
    Discrete Jitter          (DJ):    0.000ns
    Phase Error              (PE):    0.000ns

    Location             Delay type                Incr(ns)  Path(ns)    Netlist Resource(s)
  -------------------------------------------------------------------    -------------------
                         (clock clk rise edge)        0.000     0.000 r  <hidden>
                                                      0.000     0.000 r  clk
                         net (fo=0)                   0.000     0.000    clk
                         IBUF (Prop_ibuf_I_O)         0.971     0.971 r  clk_IBUF_inst/O
                         net (fo=1, unplaced)         0.803     1.774    clk_IBUF
                         BUFG (Prop_bufg_I_O)         0.096     1.870 r  clk_IBUF_BUFG_inst/O
                         net (fo=1794, unplaced)      0.584     2.454    u_gradient/u_cordic/clk_IBUF_BUFG
                         FDCE                                         r  u_gradient/u_cordic/g_stage[15].x_reg_reg[0]/C
  -------------------------------------------------------------------    -------------------
                         FDCE (Prop_fdce_C_Q)         0.478     2.932 r  u_gradient/u_cordic/g_stage[15].x_reg_reg[0]/Q
                         net (fo=20, unplaced)        0.726     3.658    u_gradient/u_cordic/g_stage[15].x_reg[0]
                         CARRY4 (Prop_carry4_S[0]_CO[3])
                                                      0.808     4.466 r  u_gradient/u_cordic/scaled__50_carry/CO[3]
                         net (fo=1, unplaced)         0.000     4.466    u_gradient/u_cordic/scaled__50_carry_n_0
                         CARRY4 (Prop_carry4_CI_O[1])
                                                      0.337     4.803 r  u_gradient/u_cordic/scaled__50_carry__0/O[1]
                         net (fo=3, unplaced)         0.629     5.432    u_gradient/u_cordic/scaled__50_carry__0_n_6
                         LUT3 (Prop_lut3_I2_O)        0.306     5.738 r  u_gradient/u_cordic/scaled__321_carry__0_i_3/O
                         net (fo=1, unplaced)         0.469     6.207    u_gradient/u_cordic/scaled__321_carry__0_i_3_n_0
                         CARRY4 (Prop_carry4_DI[1]_CO[3])
                                                      0.520     6.727 r  u_gradient/u_cordic/scaled__321_carry__0/CO[3]
                         net (fo=1, unplaced)         0.000     6.727    u_gradient/u_cordic/scaled__321_carry__0_n_0
                         CARRY4 (Prop_carry4_CI_O[3])
                                                      0.331     7.058 r  u_gradient/u_cordic/scaled__321_carry__1/O[3]
                         net (fo=4, unplaced)         0.472     7.530    u_gradient/u_cordic/scaled__321_carry__1_n_4
                         LUT3 (Prop_lut3_I1_O)        0.307     7.837 r  u_gradient/u_cordic/scaled__423_carry__0_i_9/O
                         net (fo=2, unplaced)         0.460     8.297    u_gradient/u_cordic/scaled__423_carry__0_i_9_n_0
                         LUT5 (Prop_lut5_I1_O)        0.124     8.421 r  u_gradient/u_cordic/scaled__423_carry__0_i_1/O
                         net (fo=1, unplaced)         0.473     8.894    u_gradient/u_cordic/scaled__423_carry__0_i_1_n_0
                         CARRY4 (Prop_carry4_DI[3]_CO[3])
                                                      0.396     9.290 r  u_gradient/u_cordic/scaled__423_carry__0/CO[3]
                         net (fo=1, unplaced)         0.000     9.290    u_gradient/u_cordic/scaled__423_carry__0_n_0
                         CARRY4 (Prop_carry4_CI_CO[3])
                                                      0.117     9.407 r  u_gradient/u_cordic/scaled__423_carry__1/CO[3]
                         net (fo=1, unplaced)         0.000     9.407    u_gradient/u_cordic/scaled__423_carry__1_n_0
                         CARRY4 (Prop_carry4_CI_CO[3])
                                                      0.117     9.524 r  u_gradient/u_cordic/scaled__423_carry__2/CO[3]
                         net (fo=1, unplaced)         0.000     9.524    u_gradient/u_cordic/scaled__423_carry__2_n_0
                         CARRY4 (Prop_carry4_CI_CO[3])
                                                      0.117     9.641 r  u_gradient/u_cordic/scaled__423_carry__3/CO[3]
                         net (fo=1, unplaced)         0.000     9.641    u_gradient/u_cordic/scaled__423_carry__3_n_0
                         CARRY4 (Prop_carry4_CI_CO[3])
                                                      0.117     9.758 r  u_gradient/u_cordic/scaled__423_carry__4/CO[3]
                         net (fo=1, unplaced)         0.000     9.758    u_gradient/u_cordic/scaled__423_carry__4_n_0
                         CARRY4 (Prop_carry4_CI_CO[3])
                                                      0.117     9.875 r  u_gradient/u_cordic/scaled__423_carry__5/CO[3]
                         net (fo=1, unplaced)         0.000     9.875    u_gradient/u_cordic/scaled__423_carry__5_n_0
                         CARRY4 (Prop_carry4_CI_O[3])
                                                      0.331    10.206 r  u_gradient/u_cordic/scaled__423_carry__6/O[3]
                         net (fo=2, unplaced)         0.459    10.665    u_gradient/u_cordic/scaled__423_carry__6_n_4
                         LUT2 (Prop_lut2_I1_O)        0.300    10.965 r  u_gradient/u_cordic/magnitude3_carry_i_1/O
                         net (fo=1, unplaced)         0.000    10.965    u_gradient/u_cordic/magnitude3_carry_i_1_n_0
                         CARRY4 (Prop_carry4_DI[1]_CO[3])
                                                      0.547    11.512 r  u_gradient/u_cordic/magnitude3_carry/CO[3]
                         net (fo=1, unplaced)         0.000    11.512    u_gradient/u_cordic/magnitude3_carry_n_0
                         CARRY4 (Prop_carry4_CI_CO[3])
                                                      0.117    11.629 r  u_gradient/u_cordic/magnitude3_carry__0/CO[3]
                         net (fo=1, unplaced)         0.000    11.629    u_gradient/u_cordic/magnitude3_carry__0_n_0
                         CARRY4 (Prop_carry4_CI_CO[3])
                                                      0.117    11.746 r  u_gradient/u_cordic/magnitude3_carry__1/CO[3]
                         net (fo=1, unplaced)         0.000    11.746    u_gradient/u_cordic/magnitude3_carry__1_n_0
                         CARRY4 (Prop_carry4_CI_CO[3])
                                                      0.117    11.863 r  u_gradient/u_cordic/magnitude3_carry__2/CO[3]
                         net (fo=1, unplaced)         0.000    11.863    u_gradient/u_cordic/magnitude3_carry__2_n_0
                         CARRY4 (Prop_carry4_CI_CO[2])
                                                      0.252    12.115 r  u_gradient/u_cordic/magnitude3_carry__3/CO[2]
                         net (fo=18, unplaced)        0.509    12.624    u_gradient/u_cordic/data3
                         LUT6 (Prop_lut6_I3_O)        0.310    12.934 r  u_gradient/u_cordic/gra_path[14]_i_1/O
                         net (fo=1, unplaced)         0.000    12.934    u_gradient/u_cordic_n_7
                         FDCE                                         r  u_gradient/gra_path_reg[14]/D
  -------------------------------------------------------------------    -------------------

                         (clock clk rise edge)       10.000    10.000 r  <hidden>
                                                      0.000    10.000 r  clk
                         net (fo=0)                   0.000    10.000    clk
                         IBUF (Prop_ibuf_I_O)         0.838    10.838 r  clk_IBUF_inst/O
                         net (fo=1, unplaced)         0.763    11.600    clk_IBUF
                         BUFG (Prop_bufg_I_O)         0.091    11.691 r  clk_IBUF_BUFG_inst/O
                         net (fo=1794, unplaced)      0.439    12.130    u_gradient/clk_IBUF_BUFG
                         FDCE                                         r  u_gradient/gra_path_reg[14]/C
                         clock pessimism              0.179    12.309    <hidden>
                         clock uncertainty           -0.035    12.274    <hidden>
                         FDCE (Setup_fdce_C_D)        0.044    12.318    u_gradient/gra_path_reg[14]
  -------------------------------------------------------------------
                         required time                         12.318    <hidden>
                         arrival time                         -12.934    <hidden>
  -------------------------------------------------------------------
                         slack                                 -0.616    <hidden>

Slack (VIOLATED) :        -0.616ns  (required time - arrival time)
  Source:                 u_gradient/u_cordic/g_stage[15].x_reg_reg[0]/C
                            (rising edge-triggered cell FDCE clocked by clk  {rise@0.000ns fall@5.000ns period=10.000ns})
  Destination:            u_gradient/gra_path_reg[1]/D
                            (rising edge-triggered cell FDCE clocked by clk  {rise@0.000ns fall@5.000ns period=10.000ns})
  Path Group:             clk
  Path Type:              Setup (Max at Slow Process Corner)
  Requirement:            10.000ns  (clk rise@10.000ns - clk rise@0.000ns)
  Data Path Delay:        10.480ns  (logic 6.283ns (59.952%)  route 4.197ns (40.048%))
  Logic Levels:           21  (CARRY4=16 LUT2=1 LUT3=2 LUT5=1 LUT6=1)
  Clock Path Skew:        -0.145ns (DCD - SCD + CPR)
    Destination Clock Delay (DCD):    2.130ns = ( 12.130 - 10.000 ) 
    Source Clock Delay      (SCD):    2.454ns
    Clock Pessimism Removal (CPR):    0.179ns
  Clock Uncertainty:      0.035ns  ((TSJ^2 + TIJ^2)^1/2 + DJ) / 2 + PE
    Total System Jitter     (TSJ):    0.071ns
    Total Input Jitter      (TIJ):    0.000ns
    Discrete Jitter          (DJ):    0.000ns
    Phase Error              (PE):    0.000ns

    Location             Delay type                Incr(ns)  Path(ns)    Netlist Resource(s)
  -------------------------------------------------------------------    -------------------
                         (clock clk rise edge)        0.000     0.000 r  <hidden>
                                                      0.000     0.000 r  clk
                         net (fo=0)                   0.000     0.000    clk
                         IBUF (Prop_ibuf_I_O)         0.971     0.971 r  clk_IBUF_inst/O
                         net (fo=1, unplaced)         0.803     1.774    clk_IBUF
                         BUFG (Prop_bufg_I_O)         0.096     1.870 r  clk_IBUF_BUFG_inst/O
                         net (fo=1794, unplaced)      0.584     2.454    u_gradient/u_cordic/clk_IBUF_BUFG
                         FDCE                                         r  u_gradient/u_cordic/g_stage[15].x_reg_reg[0]/C
  -------------------------------------------------------------------    -------------------
                         FDCE (Prop_fdce_C_Q)         0.478     2.932 r  u_gradient/u_cordic/g_stage[15].x_reg_reg[0]/Q
                         net (fo=20, unplaced)        0.726     3.658    u_gradient/u_cordic/g_stage[15].x_reg[0]
                         CARRY4 (Prop_carry4_S[0]_CO[3])
                                                      0.808     4.466 r  u_gradient/u_cordic/scaled__50_carry/CO[3]
                         net (fo=1, unplaced)         0.000     4.466    u_gradient/u_cordic/scaled__50_carry_n_0
                         CARRY4 (Prop_carry4_CI_O[1])
                                                      0.337     4.803 r  u_gradient/u_cordic/scaled__50_carry__0/O[1]
                         net (fo=3, unplaced)         0.629     5.432    u_gradient/u_cordic/scaled__50_carry__0_n_6
                         LUT3 (Prop_lut3_I2_O)        0.306     5.738 r  u_gradient/u_cordic/scaled__321_carry__0_i_3/O
                         net (fo=1, unplaced)         0.469     6.207    u_gradient/u_cordic/scaled__321_carry__0_i_3_n_0
                         CARRY4 (Prop_carry4_DI[1]_CO[3])
                                                      0.520     6.727 r  u_gradient/u_cordic/scaled__321_carry__0/CO[3]
                         net (fo=1, unplaced)         0.000     6.727    u_gradient/u_cordic/scaled__321_carry__0_n_0
                         CARRY4 (Prop_carry4_CI_O[3])
                                                      0.331     7.058 r  u_gradient/u_cordic/scaled__321_carry__1/O[3]
                         net (fo=4, unplaced)         0.472     7.530    u_gradient/u_cordic/scaled__321_carry__1_n_4
                         LUT3 (Prop_lut3_I1_O)        0.307     7.837 r  u_gradient/u_cordic/scaled__423_carry__0_i_9/O
                         net (fo=2, unplaced)         0.460     8.297    u_gradient/u_cordic/scaled__423_carry__0_i_9_n_0
                         LUT5 (Prop_lut5_I1_O)        0.124     8.421 r  u_gradient/u_cordic/scaled__423_carry__0_i_1/O
                         net (fo=1, unplaced)         0.473     8.894    u_gradient/u_cordic/scaled__423_carry__0_i_1_n_0
                         CARRY4 (Prop_carry4_DI[3]_CO[3])
                                                      0.396     9.290 r  u_gradient/u_cordic/scaled__423_carry__0/CO[3]
                         net (fo=1, unplaced)         0.000     9.290    u_gradient/u_cordic/scaled__423_carry__0_n_0
                         CARRY4 (Prop_carry4_CI_CO[3])
                                                      0.117     9.407 r  u_gradient/u_cordic/scaled__423_carry__1/CO[3]
                         net (fo=1, unplaced)         0.000     9.407    u_gradient/u_cordic/scaled__423_carry__1_n_0
                         CARRY4 (Prop_carry4_CI_CO[3])
                                                      0.117     9.524 r  u_gradient/u_cordic/scaled__423_carry__2/CO[3]
                         net (fo=1, unplaced)         0.000     9.524    u_gradient/u_cordic/scaled__423_carry__2_n_0
                         CARRY4 (Prop_carry4_CI_CO[3])
                                                      0.117     9.641 r  u_gradient/u_cordic/scaled__423_carry__3/CO[3]
                         net (fo=1, unplaced)         0.000     9.641    u_gradient/u_cordic/scaled__423_carry__3_n_0
                         CARRY4 (Prop_carry4_CI_CO[3])
                                                      0.117     9.758 r  u_gradient/u_cordic/scaled__423_carry__4/CO[3]
                         net (fo=1, unplaced)         0.000     9.758    u_gradient/u_cordic/scaled__423_carry__4_n_0
                         CARRY4 (Prop_carry4_CI_CO[3])
                                                      0.117     9.875 r  u_gradient/u_cordic/scaled__423_carry__5/CO[3]
                         net (fo=1, unplaced)         0.000     9.875    u_gradient/u_cordic/scaled__423_carry__5_n_0
                         CARRY4 (Prop_carry4_CI_O[3])
                                                      0.331    10.206 r  u_gradient/u_cordic/scaled__423_carry__6/O[3]
                         net (fo=2, unplaced)         0.459    10.665    u_gradient/u_cordic/scaled__423_carry__6_n_4
                         LUT2 (Prop_lut2_I1_O)        0.300    10.965 r  u_gradient/u_cordic/magnitude3_carry_i_1/O
                         net (fo=1, unplaced)         0.000    10.965    u_gradient/u_cordic/magnitude3_carry_i_1_n_0
                         CARRY4 (Prop_carry4_DI[1]_CO[3])
                                                      0.547    11.512 r  u_gradient/u_cordic/magnitude3_carry/CO[3]
                         net (fo=1, unplaced)         0.000    11.512    u_gradient/u_cordic/magnitude3_carry_n_0
                         CARRY4 (Prop_carry4_CI_CO[3])
                                                      0.117    11.629 r  u_gradient/u_cordic/magnitude3_carry__0/CO[3]
                         net (fo=1, unplaced)         0.000    11.629    u_gradient/u_cordic/magnitude3_carry__0_n_0
                         CARRY4 (Prop_carry4_CI_CO[3])
                                                      0.117    11.746 r  u_gradient/u_cordic/magnitude3_carry__1/CO[3]
                         net (fo=1, unplaced)         0.000    11.746    u_gradient/u_cordic/magnitude3_carry__1_n_0
                         CARRY4 (Prop_carry4_CI_CO[3])
                                                      0.117    11.863 r  u_gradient/u_cordic/magnitude3_carry__2/CO[3]
                         net (fo=1, unplaced)         0.000    11.863    u_gradient/u_cordic/magnitude3_carry__2_n_0
                         CARRY4 (Prop_carry4_CI_CO[2])
                                                      0.252    12.115 r  u_gradient/u_cordic/magnitude3_carry__3/CO[2]
                         net (fo=18, unplaced)        0.509    12.624    u_gradient/u_cordic/data3
                         LUT6 (Prop_lut6_I4_O)        0.310    12.934 r  u_gradient/u_cordic/gra_path[1]_i_1/O
                         net (fo=1, unplaced)         0.000    12.934    u_gradient/u_cordic_n_20
                         FDCE                                         r  u_gradient/gra_path_reg[1]/D
  -------------------------------------------------------------------    -------------------

                         (clock clk rise edge)       10.000    10.000 r  <hidden>
                                                      0.000    10.000 r  clk
                         net (fo=0)                   0.000    10.000    clk
                         IBUF (Prop_ibuf_I_O)         0.838    10.838 r  clk_IBUF_inst/O
                         net (fo=1, unplaced)         0.763    11.600    clk_IBUF
                         BUFG (Prop_bufg_I_O)         0.091    11.691 r  clk_IBUF_BUFG_inst/O
                         net (fo=1794, unplaced)      0.439    12.130    u_gradient/clk_IBUF_BUFG
                         FDCE                                         r  u_gradient/gra_path_reg[1]/C
                         clock pessimism              0.179    12.309    <hidden>
                         clock uncertainty           -0.035    12.274    <hidden>
                         FDCE (Setup_fdce_C_D)        0.044    12.318    u_gradient/gra_path_reg[1]
  -------------------------------------------------------------------
                         required time                         12.318    <hidden>
                         arrival time                         -12.934    <hidden>
  -------------------------------------------------------------------
                         slack                                 -0.616    <hidden>

Slack (VIOLATED) :        -0.616ns  (required time - arrival time)
  Source:                 u_gradient/u_cordic/g_stage[15].x_reg_reg[0]/C
                            (rising edge-triggered cell FDCE clocked by clk  {rise@0.000ns fall@5.000ns period=10.000ns})
  Destination:            u_gradient/gra_path_reg[2]/D
                            (rising edge-triggered cell FDCE clocked by clk  {rise@0.000ns fall@5.000ns period=10.000ns})
  Path Group:             clk
  Path Type:              Setup (Max at Slow Process Corner)
  Requirement:            10.000ns  (clk rise@10.000ns - clk rise@0.000ns)
  Data Path Delay:        10.480ns  (logic 6.283ns (59.952%)  route 4.197ns (40.048%))
  Logic Levels:           21  (CARRY4=16 LUT2=1 LUT3=2 LUT5=1 LUT6=1)
  Clock Path Skew:        -0.145ns (DCD - SCD + CPR)
    Destination Clock Delay (DCD):    2.130ns = ( 12.130 - 10.000 ) 
    Source Clock Delay      (SCD):    2.454ns
    Clock Pessimism Removal (CPR):    0.179ns
  Clock Uncertainty:      0.035ns  ((TSJ^2 + TIJ^2)^1/2 + DJ) / 2 + PE
    Total System Jitter     (TSJ):    0.071ns
    Total Input Jitter      (TIJ):    0.000ns
    Discrete Jitter          (DJ):    0.000ns
    Phase Error              (PE):    0.000ns

    Location             Delay type                Incr(ns)  Path(ns)    Netlist Resource(s)
  -------------------------------------------------------------------    -------------------
                         (clock clk rise edge)        0.000     0.000 r  <hidden>
                                                      0.000     0.000 r  clk
                         net (fo=0)                   0.000     0.000    clk
                         IBUF (Prop_ibuf_I_O)         0.971     0.971 r  clk_IBUF_inst/O
                         net (fo=1, unplaced)         0.803     1.774    clk_IBUF
                         BUFG (Prop_bufg_I_O)         0.096     1.870 r  clk_IBUF_BUFG_inst/O
                         net (fo=1794, unplaced)      0.584     2.454    u_gradient/u_cordic/clk_IBUF_BUFG
                         FDCE                                         r  u_gradient/u_cordic/g_stage[15].x_reg_reg[0]/C
  -------------------------------------------------------------------    -------------------
                         FDCE (Prop_fdce_C_Q)         0.478     2.932 r  u_gradient/u_cordic/g_stage[15].x_reg_reg[0]/Q
                         net (fo=20, unplaced)        0.726     3.658    u_gradient/u_cordic/g_stage[15].x_reg[0]
                         CARRY4 (Prop_carry4_S[0]_CO[3])
                                                      0.808     4.466 r  u_gradient/u_cordic/scaled__50_carry/CO[3]
                         net (fo=1, unplaced)         0.000     4.466    u_gradient/u_cordic/scaled__50_carry_n_0
                         CARRY4 (Prop_carry4_CI_O[1])
                                                      0.337     4.803 r  u_gradient/u_cordic/scaled__50_carry__0/O[1]
                         net (fo=3, unplaced)         0.629     5.432    u_gradient/u_cordic/scaled__50_carry__0_n_6
                         LUT3 (Prop_lut3_I2_O)        0.306     5.738 r  u_gradient/u_cordic/scaled__321_carry__0_i_3/O
                         net (fo=1, unplaced)         0.469     6.207    u_gradient/u_cordic/scaled__321_carry__0_i_3_n_0
                         CARRY4 (Prop_carry4_DI[1]_CO[3])
                                                      0.520     6.727 r  u_gradient/u_cordic/scaled__321_carry__0/CO[3]
                         net (fo=1, unplaced)         0.000     6.727    u_gradient/u_cordic/scaled__321_carry__0_n_0
                         CARRY4 (Prop_carry4_CI_O[3])
                                                      0.331     7.058 r  u_gradient/u_cordic/scaled__321_carry__1/O[3]
                         net (fo=4, unplaced)         0.472     7.530    u_gradient/u_cordic/scaled__321_carry__1_n_4
                         LUT3 (Prop_lut3_I1_O)        0.307     7.837 r  u_gradient/u_cordic/scaled__423_carry__0_i_9/O
                         net (fo=2, unplaced)         0.460     8.297    u_gradient/u_cordic/scaled__423_carry__0_i_9_n_0
                         LUT5 (Prop_lut5_I1_O)        0.124     8.421 r  u_gradient/u_cordic/scaled__423_carry__0_i_1/O
                         net (fo=1, unplaced)         0.473     8.894    u_gradient/u_cordic/scaled__423_carry__0_i_1_n_0
                         CARRY4 (Prop_carry4_DI[3]_CO[3])
                                                      0.396     9.290 r  u_gradient/u_cordic/scaled__423_carry__0/CO[3]
                         net (fo=1, unplaced)         0.000     9.290    u_gradient/u_cordic/scaled__423_carry__0_n_0
                         CARRY4 (Prop_carry4_CI_CO[3])
                                                      0.117     9.407 r  u_gradient/u_cordic/scaled__423_carry__1/CO[3]
                         net (fo=1, unplaced)         0.000     9.407    u_gradient/u_cordic/scaled__423_carry__1_n_0
                         CARRY4 (Prop_carry4_CI_CO[3])
                                                      0.117     9.524 r  u_gradient/u_cordic/scaled__423_carry__2/CO[3]
                         net (fo=1, unplaced)         0.000     9.524    u_gradient/u_cordic/scaled__423_carry__2_n_0
                         CARRY4 (Prop_carry4_CI_CO[3])
                                                      0.117     9.641 r  u_gradient/u_cordic/scaled__423_carry__3/CO[3]
                         net (fo=1, unplaced)         0.000     9.641    u_gradient/u_cordic/scaled__423_carry__3_n_0
                         CARRY4 (Prop_carry4_CI_CO[3])
                                                      0.117     9.758 r  u_gradient/u_cordic/scaled__423_carry__4/CO[3]
                         net (fo=1, unplaced)         0.000     9.758    u_gradient/u_cordic/scaled__423_carry__4_n_0
                         CARRY4 (Prop_carry4_CI_CO[3])
                                                      0.117     9.875 r  u_gradient/u_cordic/scaled__423_carry__5/CO[3]
                         net (fo=1, unplaced)         0.000     9.875    u_gradient/u_cordic/scaled__423_carry__5_n_0
                         CARRY4 (Prop_carry4_CI_O[3])
                                                      0.331    10.206 r  u_gradient/u_cordic/scaled__423_carry__6/O[3]
                         net (fo=2, unplaced)         0.459    10.665    u_gradient/u_cordic/scaled__423_carry__6_n_4
                         LUT2 (Prop_lut2_I1_O)        0.300    10.965 r  u_gradient/u_cordic/magnitude3_carry_i_1/O
                         net (fo=1, unplaced)         0.000    10.965    u_gradient/u_cordic/magnitude3_carry_i_1_n_0
                         CARRY4 (Prop_carry4_DI[1]_CO[3])
                                                      0.547    11.512 r  u_gradient/u_cordic/magnitude3_carry/CO[3]
                         net (fo=1, unplaced)         0.000    11.512    u_gradient/u_cordic/magnitude3_carry_n_0
                         CARRY4 (Prop_carry4_CI_CO[3])
                                                      0.117    11.629 r  u_gradient/u_cordic/magnitude3_carry__0/CO[3]
                         net (fo=1, unplaced)         0.000    11.629    u_gradient/u_cordic/magnitude3_carry__0_n_0
                         CARRY4 (Prop_carry4_CI_CO[3])
                                                      0.117    11.746 r  u_gradient/u_cordic/magnitude3_carry__1/CO[3]
                         net (fo=1, unplaced)         0.000    11.746    u_gradient/u_cordic/magnitude3_carry__1_n_0
                         CARRY4 (Prop_carry4_CI_CO[3])
                                                      0.117    11.863 r  u_gradient/u_cordic/magnitude3_carry__2/CO[3]
                         net (fo=1, unplaced)         0.000    11.863    u_gradient/u_cordic/magnitude3_carry__2_n_0
                         CARRY4 (Prop_carry4_CI_CO[2])
                                                      0.252    12.115 r  u_gradient/u_cordic/magnitude3_carry__3/CO[2]
                         net (fo=18, unplaced)        0.509    12.624    u_gradient/u_cordic/data3
                         LUT6 (Prop_lut6_I4_O)        0.310    12.934 r  u_gradient/u_cordic/gra_path[2]_i_1/O
                         net (fo=1, unplaced)         0.000    12.934    u_gradient/u_cordic_n_19
                         FDCE                                         r  u_gradient/gra_path_reg[2]/D
  -------------------------------------------------------------------    -------------------

                         (clock clk rise edge)       10.000    10.000 r  <hidden>
                                                      0.000    10.000 r  clk
                         net (fo=0)                   0.000    10.000    clk
                         IBUF (Prop_ibuf_I_O)         0.838    10.838 r  clk_IBUF_inst/O
                         net (fo=1, unplaced)         0.763    11.600    clk_IBUF
                         BUFG (Prop_bufg_I_O)         0.091    11.691 r  clk_IBUF_BUFG_inst/O
                         net (fo=1794, unplaced)      0.439    12.130    u_gradient/clk_IBUF_BUFG
                         FDCE                                         r  u_gradient/gra_path_reg[2]/C
                         clock pessimism              0.179    12.309    <hidden>
                         clock uncertainty           -0.035    12.274    <hidden>
                         FDCE (Setup_fdce_C_D)        0.044    12.318    u_gradient/gra_path_reg[2]
  -------------------------------------------------------------------
                         required time                         12.318    <hidden>
                         arrival time                         -12.934    <hidden>
  -------------------------------------------------------------------
                         slack                                 -0.616    <hidden>




