Copyright 1986-2022 Xilinx, Inc. All Rights Reserved. Copyright 2022-2026 Advanced Micro Devices, Inc. All Rights Reserved.
---------------------------------------------------------------------------------------------------------------------------------------------
| Tool Version : Vivado v.2026.1 (win64) Build 6511674 Tue Jun 16 11:02:23 MDT 2026
| Date         : Sat Oct  3 16:12:53 2026
| Host         : Kiyopon running 64-bit major release  (build 9200)
| Command      : report_timing_summary -delay_type max -report_unconstrained -file reports/phase2_timing_summary.rpt
| Design       : canny_edge_detect_top
| Device       : 7a100t-csg324
| Speed File   : -1  PRODUCTION 1.23 2018-06-13
| Design State : Synthesized
---------------------------------------------------------------------------------------------------------------------------------------------

Timing Summary Report

------------------------------------------------------------------------------------------------
| Timer Settings
| --------------
------------------------------------------------------------------------------------------------

  Enable Multi Corner Analysis               :  Yes
  Enable Pessimism Removal                   :  Yes
  Pessimism Removal Resolution               :  Nearest Common Node
  Enable Input Delay Default Clock           :  No
  Enable Preset / Clear Arcs                 :  No
  Disable Flight Delays                      :  No
  Ignore I/O Paths                           :  No
  Timing Early Launch at Borrowing Latches   :  No
  Borrow Time for Max Delay Exceptions       :  Yes
  Merge Timing Exceptions                    :  Yes
  Inter-SLR Compensation                     :  Conservative

  Corner  Analyze    Analyze    
  Name    Max Paths  Min Paths  
  ------  ---------  ---------  
  Slow    Yes        Yes        
  Fast    Yes        Yes        


------------------------------------------------------------------------------------------------
| Report Methodology
| ------------------
------------------------------------------------------------------------------------------------

No report available as report_methodology has not been run prior. Run report_methodology on the current design for the summary of methodology violations.



check_timing report

Table of Contents
-----------------
1. checking no_clock (0)
2. checking constant_clock (0)
3. checking pulse_width_clock (0)
4. checking unconstrained_internal_endpoints (0)
5. checking no_input_delay (12)
6. checking no_output_delay (4)
7. checking multiple_clock (0)
8. checking generated_clocks (0)
9. checking loops (0)
10. checking partial_input_delay (0)
11. checking partial_output_delay (0)
12. checking latch_loops (0)

1. checking no_clock (0)
------------------------
 There are 0 register/latch pins with no clock.


2. checking constant_clock (0)
------------------------------
 There are 0 register/latch pins with constant_clock.


3. checking pulse_width_clock (0)
---------------------------------
 There are 0 register/latch pins which need pulse_width check


4. checking unconstrained_internal_endpoints (0)
------------------------------------------------
 There are 0 pins that are not constrained for maximum delay.

 There are 0 pins that are not constrained for maximum delay due to constant clock.


5. checking no_input_delay (12)
-------------------------------
 There are 12 input ports with no input delay specified. (HIGH)

 There are 0 input ports with no input delay but user has a false path constraint.


6. checking no_output_delay (4)
-------------------------------
 There are 4 ports with no output delay specified. (HIGH)

 There are 0 ports with no output delay but user has a false path constraint

 There are 0 ports with no output delay but with a timing clock defined on it or propagating through it


7. checking multiple_clock (0)
------------------------------
 There are 0 register/latch pins with multiple clocks.


8. checking generated_clocks (0)
--------------------------------
 There are 0 generated clocks that are not connected to a clock source.


9. checking loops (0)
---------------------
 There are 0 combinational loops in the design.


10. checking partial_input_delay (0)
------------------------------------
 There are 0 input ports with partial input delay specified.


11. checking partial_output_delay (0)
-------------------------------------
 There are 0 ports with partial output delay specified.


12. checking latch_loops (0)
----------------------------
 There are 0 combinational latch loops in the design through latch input



------------------------------------------------------------------------------------------------
| Design Timing Summary
| ---------------------
------------------------------------------------------------------------------------------------

    WNS(ns)      TNS(ns)  TNS Failing Endpoints  TNS Total Endpoints     WPWS(ns)     TPWS(ns)  TPWS Failing Endpoints  TPWS Total Endpoints  
    -------      -------  ---------------------  -------------------     --------     --------  ----------------------  --------------------  
      2.738        0.000                      0                 1257        4.020        0.000                       0                   816  


All user specified timing constraints are met.


------------------------------------------------------------------------------------------------
| Clock Summary
| -------------
------------------------------------------------------------------------------------------------

Clock  Waveform(ns)       Period(ns)      Frequency(MHz)
-----  ------------       ----------      --------------
clk    {0.000 5.000}      10.000          100.000         


------------------------------------------------------------------------------------------------
| Intra Clock Table
| -----------------
------------------------------------------------------------------------------------------------

Clock             WNS(ns)      TNS(ns)  TNS Failing Endpoints  TNS Total Endpoints     WPWS(ns)     TPWS(ns)  TPWS Failing Endpoints  TPWS Total Endpoints  
-----             -------      -------  ---------------------  -------------------     --------     --------  ----------------------  --------------------  
clk                 2.738        0.000                      0                 1257        4.020        0.000                       0                   816  


------------------------------------------------------------------------------------------------
| Inter Clock Table
| -----------------
------------------------------------------------------------------------------------------------

From Clock    To Clock          WNS(ns)      TNS(ns)  TNS Failing Endpoints  TNS Total Endpoints  
----------    --------          -------      -------  ---------------------  -------------------  


------------------------------------------------------------------------------------------------
| Other Path Groups Table
| -----------------------
------------------------------------------------------------------------------------------------

Path Group    From Clock    To Clock          WNS(ns)      TNS(ns)  TNS Failing Endpoints  TNS Total Endpoints  
----------    ----------    --------          -------      -------  ---------------------  -------------------  


------------------------------------------------------------------------------------------------
| User Ignored Path Table
| -----------------------
------------------------------------------------------------------------------------------------

Path Group    From Clock    To Clock    
----------    ----------    --------    


------------------------------------------------------------------------------------------------
| Unconstrained Path Table
| ------------------------
------------------------------------------------------------------------------------------------

Path Group    From Clock    To Clock    
----------    ----------    --------    
(none)        clk                         
(none)                      clk           


------------------------------------------------------------------------------------------------
| Timing Details
| --------------
------------------------------------------------------------------------------------------------


---------------------------------------------------------------------------------------------------
From Clock:  clk
  To Clock:  clk

Setup :            0  Failing Endpoints,  Worst Slack        2.738ns,  Total Violation        0.000ns
Hold  :           NA  Failing Endpoints,  Worst Slack           NA  ,  Total Violation           NA
PW    :            0  Failing Endpoints,  Worst Slack        4.020ns,  Total Violation        0.000ns
---------------------------------------------------------------------------------------------------


Max Delay Paths
--------------------------------------------------------------------------------------
Slack (MET) :             2.738ns  (required time - arrival time)
  Source:                 u_canny_get_grandient/u_cordic_sqrt/u_cordic_pipline_7/x_out_reg[10]/C
                            (rising edge-triggered cell FDCE clocked by clk  {rise@0.000ns fall@5.000ns period=10.000ns})
  Destination:            u_canny_get_grandient/gra_path_reg[11]/D
                            (rising edge-triggered cell FDCE clocked by clk  {rise@0.000ns fall@5.000ns period=10.000ns})
  Path Group:             clk
  Path Type:              Setup (Max at Slow Process Corner)
  Requirement:            10.000ns  (clk rise@10.000ns - clk rise@0.000ns)
  Data Path Delay:        7.126ns  (logic 4.742ns (66.548%)  route 2.384ns (33.452%))
  Logic Levels:           3  (DSP48E1=1 LUT6=2)
  Clock Path Skew:        -0.145ns (DCD - SCD + CPR)
    Destination Clock Delay (DCD):    2.130ns = ( 12.130 - 10.000 ) 
    Source Clock Delay      (SCD):    2.454ns
    Clock Pessimism Removal (CPR):    0.179ns
  Clock Uncertainty:      0.035ns  ((TSJ^2 + TIJ^2)^1/2 + DJ) / 2 + PE
    Total System Jitter     (TSJ):    0.071ns
    Total Input Jitter      (TIJ):    0.000ns
    Discrete Jitter          (DJ):    0.000ns
    Phase Error              (PE):    0.000ns

    Location             Delay type                Incr(ns)  Path(ns)    Netlist Resource(s)
  -------------------------------------------------------------------    -------------------
                         (clock clk rise edge)        0.000     0.000 r  <hidden>
                                                      0.000     0.000 r  clk
                         net (fo=0)                   0.000     0.000    clk
                         IBUF (Prop_ibuf_I_O)         0.971     0.971 r  clk_IBUF_inst/O
                         net (fo=1, unplaced)         0.803     1.774    clk_IBUF
                         BUFG (Prop_bufg_I_O)         0.096     1.870 r  clk_IBUF_BUFG_inst/O
                         net (fo=815, unplaced)       0.584     2.454    u_canny_get_grandient/u_cordic_sqrt/u_cordic_pipline_7/clk_IBUF_BUFG
                         FDCE                                         r  u_canny_get_grandient/u_cordic_sqrt/u_cordic_pipline_7/x_out_reg[10]/C
  -------------------------------------------------------------------    -------------------
                         FDCE (Prop_fdce_C_Q)         0.478     2.932 r  u_canny_get_grandient/u_cordic_sqrt/u_cordic_pipline_7/x_out_reg[10]/Q
                         net (fo=1, unplaced)         0.803     3.735    u_canny_get_grandient/u_cordic_sqrt/x[8]_22[10]
                         DSP48E1 (Prop_dsp48e1_A[10]_P[19])
                                                      4.016     7.751 r  u_canny_get_grandient/u_cordic_sqrt/sqrt_out0/P[19]
                         net (fo=3, unplaced)         0.803     8.554    u_canny_get_grandient/u_cordic_sqrt/sqrt_out_n[3]
                         LUT6 (Prop_lut6_I5_O)        0.124     8.678 f  u_canny_get_grandient/u_cordic_sqrt/gra_path[14]_i_2/O
                         net (fo=11, unplaced)        0.778     9.456    u_canny_get_grandient/u_cordic_sqrt/u_cordic_pipline_8/gra_path_reg[10]
                         LUT6 (Prop_lut6_I2_O)        0.124     9.580 r  u_canny_get_grandient/u_cordic_sqrt/u_cordic_pipline_8/gra_path[11]_i_1/O
                         net (fo=1, unplaced)         0.000     9.580    u_canny_get_grandient/u_cordic_sqrt_n_4
                         FDCE                                         r  u_canny_get_grandient/gra_path_reg[11]/D
  -------------------------------------------------------------------    -------------------

                         (clock clk rise edge)       10.000    10.000 r  <hidden>
                                                      0.000    10.000 r  clk
                         net (fo=0)                   0.000    10.000    clk
                         IBUF (Prop_ibuf_I_O)         0.838    10.838 r  clk_IBUF_inst/O
                         net (fo=1, unplaced)         0.763    11.600    clk_IBUF
                         BUFG (Prop_bufg_I_O)         0.091    11.691 r  clk_IBUF_BUFG_inst/O
                         net (fo=815, unplaced)       0.439    12.130    u_canny_get_grandient/clk_IBUF_BUFG
                         FDCE                                         r  u_canny_get_grandient/gra_path_reg[11]/C
                         clock pessimism              0.179    12.309    <hidden>
                         clock uncertainty           -0.035    12.274    <hidden>
                         FDCE (Setup_fdce_C_D)        0.044    12.318    u_canny_get_grandient/gra_path_reg[11]
  -------------------------------------------------------------------
                         required time                         12.318    <hidden>
                         arrival time                          -9.580    <hidden>
  -------------------------------------------------------------------
                         slack                                  2.738    <hidden>





Pulse Width Checks
--------------------------------------------------------------------------------------
Clock Name:         clk
Waveform(ns):       { 0.000 5.000 }
Period(ns):         10.000
Sources:            { clk }

Check Type        Corner  Lib Pin             Reference Pin  Required(ns)  Actual(ns)  Slack(ns)  Location  Pin
Min Period        n/a     RAMB18E1/CLKARDCLK  n/a            2.944         10.000      7.056                u_anny_nonLocalMaxValue/u_matrix_generate_3x3/u_one_column_ram/u_fifo_ram0/fifo_buffer_reg/CLKARDCLK
Low Pulse Width   Slow    SRLC32E/CLK         n/a            0.980         5.000       4.020                u_canny_doubleThreshold/u_matrix_generate_3x3/per_frame_vsync_r_reg[0]_srl17_u_canny_doubleThreshold_u_matrix_generate_3x3_per_frame_vsync_r_reg_c/CLK
High Pulse Width  Slow    SRLC32E/CLK         n/a            0.980         5.000       4.020                u_canny_doubleThreshold/u_matrix_generate_3x3/per_frame_vsync_r_reg[0]_srl17_u_canny_doubleThreshold_u_matrix_generate_3x3_per_frame_vsync_r_reg_c/CLK



--------------------------------------------------------------------------------------
Path Group:  (none)
From Clock:  clk
  To Clock:  

Max Delay             4 Endpoints
Min Delay             0 Endpoints
--------------------------------------------------------------------------------------


Max Delay Paths
--------------------------------------------------------------------------------------
Slack:                    inf
  Source:                 u_canny_doubleThreshold/doubleThreshold_clken_d1_reg/C
                            (rising edge-triggered cell FDCE clocked by clk  {rise@0.000ns fall@5.000ns period=10.000ns})
  Destination:            post_frame_clken
                            (output port)
  Path Group:             (none)
  Path Type:              Max at Slow Process Corner
  Data Path Delay:        4.090ns  (logic 3.287ns (80.370%)  route 0.803ns (19.630%))
  Logic Levels:           1  (OBUF=1)
  Clock Uncertainty:      0.025ns  ((TSJ^2 + TIJ^2)^1/2 + DJ) / 2 + PE
    Total System Jitter     (TSJ):    0.050ns
    Total Input Jitter      (TIJ):    0.000ns
    Discrete Jitter          (DJ):    0.000ns
    Phase Error              (PE):    0.000ns

    Location             Delay type                Incr(ns)  Path(ns)    Netlist Resource(s)
  -------------------------------------------------------------------    -------------------
                         (clock clk rise edge)        0.000     0.000 r  <hidden>
                                                      0.000     0.000 r  clk
                         net (fo=0)                   0.000     0.000    clk
                         IBUF (Prop_ibuf_I_O)         0.971     0.971 r  clk_IBUF_inst/O
                         net (fo=1, unplaced)         0.803     1.774    clk_IBUF
                         BUFG (Prop_bufg_I_O)         0.096     1.870 r  clk_IBUF_BUFG_inst/O
                         net (fo=815, unplaced)       0.584     2.454    u_canny_doubleThreshold/clk_IBUF_BUFG
                         FDCE                                         r  u_canny_doubleThreshold/doubleThreshold_clken_d1_reg/C
  -------------------------------------------------------------------    -------------------
                         FDCE (Prop_fdce_C_Q)         0.478     2.932 r  u_canny_doubleThreshold/doubleThreshold_clken_d1_reg/Q
                         net (fo=1, unplaced)         0.803     3.735    post_frame_clken_OBUF
                         OBUF (Prop_obuf_I_O)         2.809     6.544 r  post_frame_clken_OBUF_inst/O
                         net (fo=0)                   0.000     6.544    post_frame_clken
                                                                      r  post_frame_clken
  -------------------------------------------------------------------    -------------------





--------------------------------------------------------------------------------------
Path Group:  (none)
From Clock:  
  To Clock:  clk

Max Delay           625 Endpoints
Min Delay             0 Endpoints
--------------------------------------------------------------------------------------


Max Delay Paths
--------------------------------------------------------------------------------------
Slack:                    inf
  Source:                 per_frame_clken
                            (input port)
  Destination:            u_canny_get_grandient/u_matrix_generate_3x3/u_one_column_ram/u_fifo_ram0/fifo_buffer_reg/RSTRAMB
                            (rising edge-triggered cell RAMB18E1 clocked by clk  {rise@0.000ns fall@5.000ns period=10.000ns})
  Path Group:             (none)
  Path Type:              Setup (Max at Slow Process Corner)
  Data Path Delay:        2.701ns  (logic 1.095ns (40.552%)  route 1.606ns (59.448%))
  Logic Levels:           2  (IBUF=1 LUT1=1)
  Clock Path Skew:        2.130ns (DCD - SCD + CPR)
    Destination Clock Delay (DCD):    2.130ns
    Source Clock Delay      (SCD):    0.000ns
    Clock Pessimism Removal (CPR):    0.000ns
  Clock Uncertainty:      0.025ns  ((TSJ^2 + TIJ^2)^1/2 + DJ) / 2 + PE
    Total System Jitter     (TSJ):    0.050ns
    Total Input Jitter      (TIJ):    0.000ns
    Discrete Jitter          (DJ):    0.000ns
    Phase Error              (PE):    0.000ns

    Location             Delay type                Incr(ns)  Path(ns)    Netlist Resource(s)
  -------------------------------------------------------------------    -------------------
                                                      0.000     0.000 f  per_frame_clken
                         net (fo=0)                   0.000     0.000    per_frame_clken
                         IBUF (Prop_ibuf_I_O)         0.971     0.971 f  per_frame_clken_IBUF_inst/O
                         net (fo=23, unplaced)        0.803     1.774    u_canny_get_grandient/u_matrix_generate_3x3/u_one_column_ram/u_fifo_ram1/per_frame_clken_IBUF
                         LUT1 (Prop_lut1_I0_O)        0.124     1.898 r  u_canny_get_grandient/u_matrix_generate_3x3/u_one_column_ram/u_fifo_ram1/fifo_buffer_reg_i_1/O
                         net (fo=2, unplaced)         0.803     2.701    u_canny_get_grandient/u_matrix_generate_3x3/u_one_column_ram/u_fifo_ram0/fifo_buffer_reg_0
                         RAMB18E1                                     r  u_canny_get_grandient/u_matrix_generate_3x3/u_one_column_ram/u_fifo_ram0/fifo_buffer_reg/RSTRAMB
  -------------------------------------------------------------------    -------------------

                         (clock clk rise edge)        0.000     0.000 r  <hidden>
                                                      0.000     0.000 r  clk
                         net (fo=0)                   0.000     0.000    clk
                         IBUF (Prop_ibuf_I_O)         0.838     0.838 r  clk_IBUF_inst/O
                         net (fo=1, unplaced)         0.763     1.600    clk_IBUF
                         BUFG (Prop_bufg_I_O)         0.091     1.691 r  clk_IBUF_BUFG_inst/O
                         net (fo=815, unplaced)       0.439     2.130    u_canny_get_grandient/u_matrix_generate_3x3/u_one_column_ram/u_fifo_ram0/clk_IBUF_BUFG
                         RAMB18E1                                     r  u_canny_get_grandient/u_matrix_generate_3x3/u_one_column_ram/u_fifo_ram0/fifo_buffer_reg/CLKBWRCLK





