Copyright 1986-2022 Xilinx, Inc. All Rights Reserved. Copyright 2022-2026 Advanced Micro Devices, Inc. All Rights Reserved.
---------------------------------------------------------------------------------------------------------------------------------------------
| Tool Version : Vivado v.2026.1 (win64) Build 6511674 Tue Jun 16 11:02:23 MDT 2026
| Date         : Sun Oct  4 17:22:08 2026
| Host         : Kiyopon running 64-bit major release  (build 9200)
| Command      : report_timing_summary -delay_type max -report_unconstrained -file reports/phase8_timing_route.rpt
| Design       : canny_block_adaptive_phase8_top
| Device       : 7a100t-csg324
| Speed File   : -1  PRODUCTION 1.23 2018-06-13
| Design State : Routed
---------------------------------------------------------------------------------------------------------------------------------------------

Timing Summary Report

------------------------------------------------------------------------------------------------
| Timer Settings
| --------------
------------------------------------------------------------------------------------------------

  Enable Multi Corner Analysis               :  Yes
  Enable Pessimism Removal                   :  Yes
  Pessimism Removal Resolution               :  Nearest Common Node
  Enable Input Delay Default Clock           :  No
  Enable Preset / Clear Arcs                 :  No
  Disable Flight Delays                      :  No
  Ignore I/O Paths                           :  No
  Timing Early Launch at Borrowing Latches   :  No
  Borrow Time for Max Delay Exceptions       :  Yes
  Merge Timing Exceptions                    :  Yes
  Inter-SLR Compensation                     :  Conservative

  Corner  Analyze    Analyze    
  Name    Max Paths  Min Paths  
  ------  ---------  ---------  
  Slow    Yes        Yes        
  Fast    Yes        Yes        


------------------------------------------------------------------------------------------------
| Report Methodology
| ------------------
------------------------------------------------------------------------------------------------

Rule       Severity  Description                                 Violations  
---------  --------  ------------------------------------------  ----------  
SYNTH-6    Warning   Timing of a RAM block might be sub-optimal  30          
TIMING-18  Warning   Missing input or output delay               39          

Note: This report is based on the most recent report_methodology run and may not be up-to-date. Run report_methodology on the current design for the latest report.



check_timing report

Table of Contents
-----------------
1. checking no_clock (0)
2. checking constant_clock (0)
3. checking pulse_width_clock (0)
4. checking unconstrained_internal_endpoints (0)
5. checking no_input_delay (35)
6. checking no_output_delay (4)
7. checking multiple_clock (0)
8. checking generated_clocks (0)
9. checking loops (0)
10. checking partial_input_delay (0)
11. checking partial_output_delay (0)
12. checking latch_loops (0)

1. checking no_clock (0)
------------------------
 There are 0 register/latch pins with no clock.


2. checking constant_clock (0)
------------------------------
 There are 0 register/latch pins with constant_clock.


3. checking pulse_width_clock (0)
---------------------------------
 There are 0 register/latch pins which need pulse_width check


4. checking unconstrained_internal_endpoints (0)
------------------------------------------------
 There are 0 pins that are not constrained for maximum delay.

 There are 0 pins that are not constrained for maximum delay due to constant clock.


5. checking no_input_delay (35)
-------------------------------
 There are 35 input ports with no input delay specified. (HIGH)

 There are 0 input ports with no input delay but user has a false path constraint.


6. checking no_output_delay (4)
-------------------------------
 There are 4 ports with no output delay specified. (HIGH)

 There are 0 ports with no output delay but user has a false path constraint

 There are 0 ports with no output delay but with a timing clock defined on it or propagating through it


7. checking multiple_clock (0)
------------------------------
 There are 0 register/latch pins with multiple clocks.


8. checking generated_clocks (0)
--------------------------------
 There are 0 generated clocks that are not connected to a clock source.


9. checking loops (0)
---------------------
 There are 0 combinational loops in the design.


10. checking partial_input_delay (0)
------------------------------------
 There are 0 input ports with partial input delay specified.


11. checking partial_output_delay (0)
-------------------------------------
 There are 0 ports with partial output delay specified.


12. checking latch_loops (0)
----------------------------
 There are 0 combinational latch loops in the design through latch input



------------------------------------------------------------------------------------------------
| Design Timing Summary
| ---------------------
------------------------------------------------------------------------------------------------

    WNS(ns)      TNS(ns)  TNS Failing Endpoints  TNS Total Endpoints     WPWS(ns)     TPWS(ns)  TPWS Failing Endpoints  TPWS Total Endpoints  
    -------      -------  ---------------------  -------------------     --------     --------  ----------------------  --------------------  
      0.788        0.000                      0                10994        3.750        0.000                       0                  3783  


All user specified timing constraints are met.


------------------------------------------------------------------------------------------------
| Clock Summary
| -------------
------------------------------------------------------------------------------------------------

Clock  Waveform(ns)       Period(ns)      Frequency(MHz)
-----  ------------       ----------      --------------
clk    {0.000 5.000}      10.000          100.000         


------------------------------------------------------------------------------------------------
| Intra Clock Table
| -----------------
------------------------------------------------------------------------------------------------

Clock             WNS(ns)      TNS(ns)  TNS Failing Endpoints  TNS Total Endpoints     WPWS(ns)     TPWS(ns)  TPWS Failing Endpoints  TPWS Total Endpoints  
-----             -------      -------  ---------------------  -------------------     --------     --------  ----------------------  --------------------  
clk                 0.788        0.000                      0                10994        3.750        0.000                       0                  3783  


------------------------------------------------------------------------------------------------
| Inter Clock Table
| -----------------
------------------------------------------------------------------------------------------------

From Clock    To Clock          WNS(ns)      TNS(ns)  TNS Failing Endpoints  TNS Total Endpoints  
----------    --------          -------      -------  ---------------------  -------------------  


------------------------------------------------------------------------------------------------
| Other Path Groups Table
| -----------------------
------------------------------------------------------------------------------------------------

Path Group    From Clock    To Clock          WNS(ns)      TNS(ns)  TNS Failing Endpoints  TNS Total Endpoints  
----------    ----------    --------          -------      -------  ---------------------  -------------------  


------------------------------------------------------------------------------------------------
| User Ignored Path Table
| -----------------------
------------------------------------------------------------------------------------------------

Path Group    From Clock    To Clock    
----------    ----------    --------    


------------------------------------------------------------------------------------------------
| Unconstrained Path Table
| ------------------------
------------------------------------------------------------------------------------------------

Path Group    From Clock    To Clock    
----------    ----------    --------    
(none)        clk                         
(none)                      clk           


------------------------------------------------------------------------------------------------
| Timing Details
| --------------
------------------------------------------------------------------------------------------------


---------------------------------------------------------------------------------------------------
From Clock:  clk
  To Clock:  clk

Setup :            0  Failing Endpoints,  Worst Slack        0.788ns,  Total Violation        0.000ns
Hold  :           NA  Failing Endpoints,  Worst Slack           NA  ,  Total Violation           NA
PW    :            0  Failing Endpoints,  Worst Slack        3.750ns,  Total Violation        0.000ns
---------------------------------------------------------------------------------------------------


Max Delay Paths
--------------------------------------------------------------------------------------
Slack (MET) :             0.788ns  (required time - arrival time)
  Source:                 u_stripe/scan_count_pipe_reg[0]/C
                            (rising edge-triggered cell FDCE clocked by clk  {rise@0.000ns fall@5.000ns period=10.000ns})
  Destination:            u_stripe/block_active_reg[0][9]/D
                            (rising edge-triggered cell FDCE clocked by clk  {rise@0.000ns fall@5.000ns period=10.000ns})
  Path Group:             clk
  Path Type:              Setup (Max at Slow Process Corner)
  Requirement:            10.000ns  (clk rise@10.000ns - clk rise@0.000ns)
  Data Path Delay:        8.996ns  (logic 3.965ns (44.074%)  route 5.031ns (55.926%))
  Logic Levels:           10  (CARRY4=5 LUT2=1 LUT3=1 LUT4=3)
  Clock Path Skew:        0.053ns (DCD - SCD + CPR)
    Destination Clock Delay (DCD):    4.579ns = ( 14.579 - 10.000 ) 
    Source Clock Delay      (SCD):    4.858ns
    Clock Pessimism Removal (CPR):    0.331ns
  Clock Uncertainty:      0.035ns  ((TSJ^2 + TIJ^2)^1/2 + DJ) / 2 + PE
    Total System Jitter     (TSJ):    0.071ns
    Total Input Jitter      (TIJ):    0.000ns
    Discrete Jitter          (DJ):    0.000ns
    Phase Error              (PE):    0.000ns

    Location             Delay type                Incr(ns)  Path(ns)    Netlist Resource(s)
  -------------------------------------------------------------------    -------------------
                         (clock clk rise edge)        0.000     0.000 r  <hidden>
    N15                                               0.000     0.000 r  clk
                         net (fo=0)                   0.000     0.000    clk
    N15                  IBUF (Prop_ibuf_I_O)         0.948     0.948 r  clk_IBUF_inst/O
                         net (fo=1, routed)           2.016     2.963    clk_IBUF
    BUFGCTRL_X0Y0        BUFG (Prop_bufg_I_O)         0.096     3.059 r  clk_IBUF_BUFG_inst/O
                         net (fo=3782, routed)        1.798     4.858    u_stripe/clk_IBUF_BUFG
    SLICE_X35Y29         FDCE                                         r  u_stripe/scan_count_pipe_reg[0]/C
  -------------------------------------------------------------------    -------------------
    SLICE_X35Y29         FDCE (Prop_fdce_C_Q)         0.456     5.314 r  u_stripe/scan_count_pipe_reg[0]/Q
                         net (fo=1, routed)           0.933     6.246    u_stripe/scan_count_pipe[0]
    SLICE_X33Y39         LUT3 (Prop_lut3_I2_O)        0.124     6.370 r  u_stripe/cumulative[3]_i_10/O
                         net (fo=1, routed)           0.000     6.370    u_stripe/cumulative[3]_i_10_n_0
    SLICE_X33Y39         CARRY4 (Prop_carry4_S[0]_CO[3])
                                                      0.532     6.902 r  u_stripe/cumulative_reg[3]_i_2/CO[3]
                         net (fo=1, routed)           0.000     6.902    u_stripe/cumulative_reg[3]_i_2_n_0
    SLICE_X33Y40         CARRY4 (Prop_carry4_CI_O[1])
                                                      0.334     7.236 r  u_stripe/cumulative_reg[7]_i_2/O[1]
                         net (fo=4, routed)           0.521     7.758    u_stripe/cumulative_next[5]
    SLICE_X32Y42         LUT2 (Prop_lut2_I1_O)        0.303     8.061 r  u_stripe/selected_i_34/O
                         net (fo=1, routed)           0.000     8.061    u_stripe/selected_i_34_n_0
    SLICE_X32Y42         CARRY4 (Prop_carry4_S[0]_CO[3])
                                                      0.532     8.593 r  u_stripe/selected_reg_i_27/CO[3]
                         net (fo=1, routed)           0.000     8.593    u_stripe/selected_reg_i_27_n_0
    SLICE_X32Y43         CARRY4 (Prop_carry4_CI_O[0])
                                                      0.222     8.815 r  u_stripe/selected_reg_i_25/O[0]
                         net (fo=2, routed)           0.626     9.441    u_stripe/u_step/five_cumulative[9]
    SLICE_X33Y43         LUT4 (Prop_lut4_I2_O)        0.299     9.740 r  u_stripe/selected_i_14/O
                         net (fo=1, routed)           0.000     9.740    u_stripe/selected_i_14_n_0
    SLICE_X33Y43         CARRY4 (Prop_carry4_S[0]_CO[2])
                                                      0.536    10.276 r  u_stripe/selected_reg_i_6/CO[2]
                         net (fo=7, routed)           0.820    11.095    u_stripe/selected_reg_i_6_n_1
    SLICE_X26Y40         LUT4 (Prop_lut4_I0_O)        0.307    11.402 r  u_stripe/selected_i_3/O
                         net (fo=113, routed)         1.584    12.986    u_stripe/selected_i_3_n_0
    SLICE_X5Y36          LUT4 (Prop_lut4_I3_O)        0.320    13.306 r  u_stripe/block_active[0][8]_i_1/O
                         net (fo=2, routed)           0.548    13.854    u_stripe/block_active[0][8]_i_1_n_0
    SLICE_X6Y37          FDCE                                         r  u_stripe/block_active_reg[0][9]/D
  -------------------------------------------------------------------    -------------------

                         (clock clk rise edge)       10.000    10.000 r  <hidden>
    N15                                               0.000    10.000 r  clk
                         net (fo=0)                   0.000    10.000    clk
    N15                  IBUF (Prop_ibuf_I_O)         0.814    10.814 r  clk_IBUF_inst/O
                         net (fo=1, routed)           1.911    12.725    clk_IBUF
    BUFGCTRL_X0Y0        BUFG (Prop_bufg_I_O)         0.091    12.816 r  clk_IBUF_BUFG_inst/O
                         net (fo=3782, routed)        1.763    14.579    u_stripe/clk_IBUF_BUFG
    SLICE_X6Y37          FDCE                                         r  u_stripe/block_active_reg[0][9]/C
                         clock pessimism              0.331    14.911    <hidden>
                         clock uncertainty           -0.035    14.875    <hidden>
    SLICE_X6Y37          FDCE (Setup_fdce_C_D)       -0.233    14.642    u_stripe/block_active_reg[0][9]
  -------------------------------------------------------------------
                         required time                         14.642    <hidden>
                         arrival time                         -13.854    <hidden>
  -------------------------------------------------------------------
                         slack                                  0.788    <hidden>





Pulse Width Checks
--------------------------------------------------------------------------------------
Clock Name:         clk
Waveform(ns):       { 0.000 5.000 }
Period(ns):         10.000
Sources:            { clk }

Check Type        Corner  Lib Pin             Reference Pin  Required(ns)  Actual(ns)  Slack(ns)  Location      Pin
Min Period        n/a     RAMB18E1/CLKARDCLK  n/a            2.944         10.000      7.056      RAMB18_X0Y4   u_gaussian/u_matrix_generate_3x3_phase5b/u_one_column_ram/u_fifo_ram0/fifo_buffer_reg/CLKARDCLK
Low Pulse Width   Slow    RAMD64E/CLK         n/a            1.250         5.000       3.750      SLICE_X50Y21  u_stripe/u_hist0/hist_reg_r1_0_63_0_2/RAMA/CLK
High Pulse Width  Slow    RAMD64E/CLK         n/a            1.250         5.000       3.750      SLICE_X50Y21  u_stripe/u_hist0/hist_reg_r1_0_63_0_2/RAMA/CLK



--------------------------------------------------------------------------------------
Path Group:  (none)
From Clock:  clk
  To Clock:  

Max Delay             4 Endpoints
Min Delay             0 Endpoints
--------------------------------------------------------------------------------------


Max Delay Paths
--------------------------------------------------------------------------------------
Slack:                    inf
  Source:                 u_local_3x3/doubleThreshold_href_d1_reg_lopt_replica/C
                            (rising edge-triggered cell FDCE clocked by clk  {rise@0.000ns fall@5.000ns period=10.000ns})
  Destination:            post_frame_clken
                            (output port)
  Path Group:             (none)
  Path Type:              Max at Slow Process Corner
  Data Path Delay:        6.372ns  (logic 3.101ns (48.661%)  route 3.271ns (51.339%))
  Logic Levels:           1  (OBUF=1)
  Clock Uncertainty:      0.025ns  ((TSJ^2 + TIJ^2)^1/2 + DJ) / 2 + PE
    Total System Jitter     (TSJ):    0.050ns
    Total Input Jitter      (TIJ):    0.000ns
    Discrete Jitter          (DJ):    0.000ns
    Phase Error              (PE):    0.000ns

    Location             Delay type                Incr(ns)  Path(ns)    Netlist Resource(s)
  -------------------------------------------------------------------    -------------------
                         (clock clk rise edge)        0.000     0.000 r  <hidden>
    N15                                               0.000     0.000 r  clk
                         net (fo=0)                   0.000     0.000    clk
    N15                  IBUF (Prop_ibuf_I_O)         0.948     0.948 r  clk_IBUF_inst/O
                         net (fo=1, routed)           2.016     2.963    clk_IBUF
    BUFGCTRL_X0Y0        BUFG (Prop_bufg_I_O)         0.096     3.059 r  clk_IBUF_BUFG_inst/O
                         net (fo=3782, routed)        1.893     4.953    u_local_3x3/clk_IBUF_BUFG
    SLICE_X0Y37          FDCE                                         r  u_local_3x3/doubleThreshold_href_d1_reg_lopt_replica/C
  -------------------------------------------------------------------    -------------------
    SLICE_X0Y37          FDCE (Prop_fdce_C_Q)         0.456     5.409 r  u_local_3x3/doubleThreshold_href_d1_reg_lopt_replica/Q
                         net (fo=1, routed)           3.271     8.680    lopt
    R18                  OBUF (Prop_obuf_I_O)         2.645    11.325 r  post_frame_clken_OBUF_inst/O
                         net (fo=0)                   0.000    11.325    post_frame_clken
    R18                                                               r  post_frame_clken
  -------------------------------------------------------------------    -------------------





--------------------------------------------------------------------------------------
Path Group:  (none)
From Clock:  
  To Clock:  clk

Max Delay          2447 Endpoints
Min Delay             0 Endpoints
--------------------------------------------------------------------------------------


Max Delay Paths
--------------------------------------------------------------------------------------
Slack:                    inf
  Source:                 rst_n
                            (input port)
  Destination:            u_gaussian/u_matrix_generate_3x3_phase5b/matrix_p33_reg[0]/CLR
                            (recovery check against rising-edge clock clk  {rise@0.000ns fall@5.000ns period=10.000ns})
  Path Group:             (none)
  Path Type:              Recovery (Max at Slow Process Corner)
  Data Path Delay:        21.505ns  (logic 1.106ns (5.145%)  route 20.398ns (94.855%))
  Logic Levels:           2  (IBUF=1 LUT1=1)
  Clock Path Skew:        4.580ns (DCD - SCD + CPR)
    Destination Clock Delay (DCD):    4.580ns
    Source Clock Delay      (SCD):    0.000ns
    Clock Pessimism Removal (CPR):    0.000ns
  Clock Uncertainty:      0.025ns  ((TSJ^2 + TIJ^2)^1/2 + DJ) / 2 + PE
    Total System Jitter     (TSJ):    0.050ns
    Total Input Jitter      (TIJ):    0.000ns
    Discrete Jitter          (DJ):    0.000ns
    Phase Error              (PE):    0.000ns

    Location             Delay type                Incr(ns)  Path(ns)    Netlist Resource(s)
  -------------------------------------------------------------------    -------------------
    T18                                               0.000     0.000 r  rst_n
                         net (fo=0)                   0.000     0.000    rst_n
    T18                  IBUF (Prop_ibuf_I_O)         0.982     0.982 r  rst_n_IBUF_inst/O
                         net (fo=1, routed)           2.312     3.294    u_gradient/u_cordic/rst_n_IBUF
    SLICE_X0Y50          LUT1 (Prop_lut1_I0_O)        0.124     3.418 f  u_gradient/u_cordic/per_frame_href_r[1]_i_1/O
                         net (fo=2365, routed)       18.086    21.505    u_gaussian/u_matrix_generate_3x3_phase5b/matrix_p11_reg[7]_0
    SLICE_X0Y12          FDCE                                         f  u_gaussian/u_matrix_generate_3x3_phase5b/matrix_p33_reg[0]/CLR
  -------------------------------------------------------------------    -------------------

                         (clock clk rise edge)        0.000     0.000 r  <hidden>
    N15                                               0.000     0.000 r  clk
                         net (fo=0)                   0.000     0.000    clk
    N15                  IBUF (Prop_ibuf_I_O)         0.814     0.814 r  clk_IBUF_inst/O
                         net (fo=1, routed)           1.911     2.725    clk_IBUF
    BUFGCTRL_X0Y0        BUFG (Prop_bufg_I_O)         0.091     2.816 r  clk_IBUF_BUFG_inst/O
                         net (fo=3782, routed)        1.764     4.580    u_gaussian/u_matrix_generate_3x3_phase5b/clk_IBUF_BUFG
    SLICE_X0Y12          FDCE                                         r  u_gaussian/u_matrix_generate_3x3_phase5b/matrix_p33_reg[0]/C





