Copyright 1986-2022 Xilinx, Inc. All Rights Reserved. Copyright 2022-2026 Advanced Micro Devices, Inc. All Rights Reserved.
---------------------------------------------------------------------------------------------------------------------------------------------
| Tool Version : Vivado v.2026.1 (win64) Build 6511674 Tue Jun 16 11:02:23 MDT 2026
| Date         : Tue Oct  6 01:31:43 2026
| Host         : Kiyopon running 64-bit major release  (build 9200)
| Command      : report_utilization -hierarchical -file reports/phase11/phase11_rev3_utilization_hierarchical.rpt
| Design       : canny_nexys_a7_phase11_top
| Device       : xc7a100tcsg324-1
| Speed File   : -1
| Design State : Synthesized
---------------------------------------------------------------------------------------------------------------------------------------------

Utilization Design Information

Table of Contents
-----------------
1. Utilization by Hierarchy

1. Utilization by Hierarchy
---------------------------

+-----------------------------------------+---------------------------------------------+------------+------------+---------+------+------+--------+--------+------------+
|                 Instance                |                    Module                   | Total LUTs | Logic LUTs | LUTRAMs | SRLs |  FFs | RAMB36 | RAMB18 | DSP Blocks |
+-----------------------------------------+---------------------------------------------+------------+------------+---------+------+------+--------+--------+------------+
| canny_nexys_a7_phase11_top              |                                       (top) |       4063 |       3419 |     640 |    4 | 3299 |    118 |      8 |          0 |
|   (canny_nexys_a7_phase11_top)          |                                       (top) |        239 |        239 |       0 |    0 |  301 |     96 |      0 |          0 |
|   u_core                                |            canny_block_adaptive_phase10_top |       3713 |       3069 |     640 |    4 | 2974 |     22 |      8 |          0 |
|     u_nms                               |                  canny_nms_magnitude_phase8 |        124 |        124 |       0 |    0 |  221 |      0 |      2 |          0 |
|       u_matrix                          | matrix_generate_3x3_phase5b__parameterized0 |        118 |        118 |       0 |    0 |  199 |      0 |      2 |          0 |
|         (u_matrix)                      | matrix_generate_3x3_phase5b__parameterized0 |         84 |         84 |       0 |    0 |  112 |      0 |      0 |          0 |
|         u_one_column_ram                |              one_column_ram__parameterized0 |         34 |         34 |       0 |    0 |   87 |      0 |      2 |          0 |
|     g_engine[0].u_engine                |               block_adaptive_engine_phase10 |       2074 |       1434 |     640 |    0 | 1122 |     22 |      0 |          0 |
|       (g_engine[0].u_engine)            |               block_adaptive_engine_phase10 |        672 |        672 |       0 |    0 |  682 |     22 |      0 |          0 |
|       g_bank[0].u_hist                  |                       histogram_unit_phase9 |        685 |        365 |     320 |    0 |  220 |      0 |      0 |          0 |
|       g_bank[1].u_hist                  |                     histogram_unit_phase9_7 |        717 |        397 |     320 |    0 |  220 |      0 |      0 |          0 |
|     u_gaussian                          |               image_gaussian_filter_phase5b |         95 |         95 |       0 |    0 |  185 |      0 |      2 |          0 |
|       u_matrix_generate_3x3_phase5b     |               matrix_generate_3x3_phase5b_3 |         53 |         53 |       0 |    0 |  143 |      0 |      2 |          0 |
|         (u_matrix_generate_3x3_phase5b) |               matrix_generate_3x3_phase5b_3 |         12 |         12 |       0 |    0 |   77 |      0 |      0 |          0 |
|         u_one_column_ram                |                            one_column_ram_4 |         41 |         41 |       0 |    0 |   66 |      0 |      2 |          0 |
|     u_gradient                          |                   canny_gradient_raw_phase8 |       1340 |       1336 |       0 |    4 | 1356 |      0 |      2 |          0 |
|       (u_gradient)                      |                   canny_gradient_raw_phase8 |         30 |         30 |       0 |    0 |   83 |      0 |      0 |          0 |
|       u_cordic                          |                     cordic_gradient_phase4b |       1225 |       1221 |       0 |    4 | 1130 |      0 |      0 |          0 |
|       u_matrix                          |                 matrix_generate_3x3_phase5b |         85 |         85 |       0 |    0 |  143 |      0 |      2 |          0 |
|         (u_matrix)                      |                 matrix_generate_3x3_phase5b |         52 |         52 |       0 |    0 |   77 |      0 |      0 |          0 |
|         u_one_column_ram                |                              one_column_ram |         33 |         33 |       0 |    0 |   66 |      0 |      2 |          0 |
|     u_local_3x3                         |               canny_doubleThreshold_phase5b |         56 |         56 |       0 |    0 |   66 |      0 |      2 |          0 |
|   u_uart                                |                             uart_tx_phase11 |        111 |        111 |       0 |    0 |   24 |      0 |      0 |          0 |
+-----------------------------------------+---------------------------------------------+------------+------------+---------+------+------+--------+--------+------------+


