Copyright 1986-2022 Xilinx, Inc. All Rights Reserved. Copyright 2022-2026 Advanced Micro Devices, Inc. All Rights Reserved.
---------------------------------------------------------------------------------------------------------------------------------------------
| Tool Version : Vivado v.2026.1 (win64) Build 6511674 Tue Jun 16 11:02:23 MDT 2026
| Date         : Tue Oct  6 01:37:27 2026
| Host         : Kiyopon running 64-bit major release  (build 9200)
| Command      : report_timing_summary -delay_type max -report_unconstrained -file reports/phase11/phase11_bitstream_gate_timing.rpt
| Design       : canny_nexys_a7_phase11_top
| Device       : 7a100t-csg324
| Speed File   : -1  PRODUCTION 1.23 2018-06-13
| Design State : Routed
---------------------------------------------------------------------------------------------------------------------------------------------

Timing Summary Report

------------------------------------------------------------------------------------------------
| Timer Settings
| --------------
------------------------------------------------------------------------------------------------

  Enable Multi Corner Analysis               :  Yes
  Enable Pessimism Removal                   :  Yes
  Pessimism Removal Resolution               :  Nearest Common Node
  Enable Input Delay Default Clock           :  No
  Enable Preset / Clear Arcs                 :  No
  Disable Flight Delays                      :  No
  Ignore I/O Paths                           :  No
  Timing Early Launch at Borrowing Latches   :  No
  Borrow Time for Max Delay Exceptions       :  Yes
  Merge Timing Exceptions                    :  Yes
  Inter-SLR Compensation                     :  Conservative

  Corner  Analyze    Analyze    
  Name    Max Paths  Min Paths  
  ------  ---------  ---------  
  Slow    Yes        Yes        
  Fast    Yes        Yes        


------------------------------------------------------------------------------------------------
| Report Methodology
| ------------------
------------------------------------------------------------------------------------------------

Rule       Severity  Description                                 Violations  
---------  --------  ------------------------------------------  ----------  
SYNTH-6    Warning   Timing of a RAM block might be sub-optimal  78          
TIMING-18  Warning   Missing input or output delay               10          

Note: This report is based on the most recent report_methodology run and may not be up-to-date. Run report_methodology on the current design for the latest report.



check_timing report

Table of Contents
-----------------
1. checking no_clock (0)
2. checking constant_clock (0)
3. checking pulse_width_clock (0)
4. checking unconstrained_internal_endpoints (0)
5. checking no_input_delay (5)
6. checking no_output_delay (5)
7. checking multiple_clock (0)
8. checking generated_clocks (0)
9. checking loops (0)
10. checking partial_input_delay (0)
11. checking partial_output_delay (0)
12. checking latch_loops (0)

1. checking no_clock (0)
------------------------
 There are 0 register/latch pins with no clock.


2. checking constant_clock (0)
------------------------------
 There are 0 register/latch pins with constant_clock.


3. checking pulse_width_clock (0)
---------------------------------
 There are 0 register/latch pins which need pulse_width check


4. checking unconstrained_internal_endpoints (0)
------------------------------------------------
 There are 0 pins that are not constrained for maximum delay.

 There are 0 pins that are not constrained for maximum delay due to constant clock.


5. checking no_input_delay (5)
------------------------------
 There are 5 input ports with no input delay specified. (HIGH)

 There are 0 input ports with no input delay but user has a false path constraint.


6. checking no_output_delay (5)
-------------------------------
 There are 5 ports with no output delay specified. (HIGH)

 There are 0 ports with no output delay but user has a false path constraint

 There are 0 ports with no output delay but with a timing clock defined on it or propagating through it


7. checking multiple_clock (0)
------------------------------
 There are 0 register/latch pins with multiple clocks.


8. checking generated_clocks (0)
--------------------------------
 There are 0 generated clocks that are not connected to a clock source.


9. checking loops (0)
---------------------
 There are 0 combinational loops in the design.


10. checking partial_input_delay (0)
------------------------------------
 There are 0 input ports with partial input delay specified.


11. checking partial_output_delay (0)
-------------------------------------
 There are 0 ports with partial output delay specified.


12. checking latch_loops (0)
----------------------------
 There are 0 combinational latch loops in the design through latch input



------------------------------------------------------------------------------------------------
| Design Timing Summary
| ---------------------
------------------------------------------------------------------------------------------------

    WNS(ns)      TNS(ns)  TNS Failing Endpoints  TNS Total Endpoints     WPWS(ns)     TPWS(ns)  TPWS Failing Endpoints  TPWS Total Endpoints  
    -------      -------  ---------------------  -------------------     --------     --------  ----------------------  --------------------  
      0.436        0.000                      0                15799        3.750        0.000                       0                  4116  


All user specified timing constraints are met.


------------------------------------------------------------------------------------------------
| Clock Summary
| -------------
------------------------------------------------------------------------------------------------

Clock        Waveform(ns)       Period(ns)      Frequency(MHz)
-----        ------------       ----------      --------------
sys_clk_pin  {0.000 5.000}      10.000          100.000         


------------------------------------------------------------------------------------------------
| Intra Clock Table
| -----------------
------------------------------------------------------------------------------------------------

Clock             WNS(ns)      TNS(ns)  TNS Failing Endpoints  TNS Total Endpoints     WPWS(ns)     TPWS(ns)  TPWS Failing Endpoints  TPWS Total Endpoints  
-----             -------      -------  ---------------------  -------------------     --------     --------  ----------------------  --------------------  
sys_clk_pin         0.436        0.000                      0                15775        3.750        0.000                       0                  4116  


------------------------------------------------------------------------------------------------
| Inter Clock Table
| -----------------
------------------------------------------------------------------------------------------------

From Clock    To Clock          WNS(ns)      TNS(ns)  TNS Failing Endpoints  TNS Total Endpoints  
----------    --------          -------      -------  ---------------------  -------------------  


------------------------------------------------------------------------------------------------
| Other Path Groups Table
| -----------------------
------------------------------------------------------------------------------------------------

Path Group         From Clock         To Clock               WNS(ns)      TNS(ns)  TNS Failing Endpoints  TNS Total Endpoints  
----------         ----------         --------               -------      -------  ---------------------  -------------------  
**async_default**  sys_clk_pin        sys_clk_pin              2.393        0.000                      0                   24  


------------------------------------------------------------------------------------------------
| User Ignored Path Table
| -----------------------
------------------------------------------------------------------------------------------------

Path Group    From Clock    To Clock    
----------    ----------    --------    


------------------------------------------------------------------------------------------------
| Unconstrained Path Table
| ------------------------
------------------------------------------------------------------------------------------------

Path Group    From Clock    To Clock    
----------    ----------    --------    
(none)        sys_clk_pin                 
(none)                      sys_clk_pin   


------------------------------------------------------------------------------------------------
| Timing Details
| --------------
------------------------------------------------------------------------------------------------


---------------------------------------------------------------------------------------------------
From Clock:  sys_clk_pin
  To Clock:  sys_clk_pin

Setup :            0  Failing Endpoints,  Worst Slack        0.436ns,  Total Violation        0.000ns
Hold  :           NA  Failing Endpoints,  Worst Slack           NA  ,  Total Violation           NA
PW    :            0  Failing Endpoints,  Worst Slack        3.750ns,  Total Violation        0.000ns
---------------------------------------------------------------------------------------------------


Max Delay Paths
--------------------------------------------------------------------------------------
Slack (MET) :             0.436ns  (required time - arrival time)
  Source:                 u_core/g_engine[0].u_engine/scan_first_pipe_reg/C
                            (rising edge-triggered cell FDRE clocked by sys_clk_pin  {rise@0.000ns fall@5.000ns period=10.000ns})
  Destination:            u_core/g_engine[0].u_engine/block_high_reg[1][0][6]/CE
                            (rising edge-triggered cell FDRE clocked by sys_clk_pin  {rise@0.000ns fall@5.000ns period=10.000ns})
  Path Group:             sys_clk_pin
  Path Type:              Setup (Max at Slow Process Corner)
  Requirement:            10.000ns  (sys_clk_pin rise@10.000ns - sys_clk_pin rise@0.000ns)
  Data Path Delay:        9.101ns  (logic 3.858ns (42.389%)  route 5.243ns (57.611%))
  Logic Levels:           10  (CARRY4=5 LUT2=1 LUT3=2 LUT4=1 LUT5=1)
  Clock Path Skew:        -0.034ns (DCD - SCD + CPR)
    Destination Clock Delay (DCD):    4.912ns = ( 14.912 - 10.000 ) 
    Source Clock Delay      (SCD):    5.205ns
    Clock Pessimism Removal (CPR):    0.259ns
  Clock Uncertainty:      0.035ns  ((TSJ^2 + TIJ^2)^1/2 + DJ) / 2 + PE
    Total System Jitter     (TSJ):    0.071ns
    Total Input Jitter      (TIJ):    0.000ns
    Discrete Jitter          (DJ):    0.000ns
    Phase Error              (PE):    0.000ns

    Location             Delay type                Incr(ns)  Path(ns)    Netlist Resource(s)
  -------------------------------------------------------------------    -------------------
                         (clock sys_clk_pin rise edge)
                                                      0.000     0.000 r  <hidden>
    E3                                                0.000     0.000 r  clk100mhz
                         net (fo=0)                   0.000     0.000    clk100mhz
    E3                   IBUF (Prop_ibuf_I_O)         1.482     1.482 r  clk100mhz_IBUF_inst/O
                         net (fo=1, routed)           2.025     3.506    clk100mhz_IBUF
    BUFGCTRL_X0Y16       BUFG (Prop_bufg_I_O)         0.096     3.602 r  clk100mhz_IBUF_BUFG_inst/O
                         net (fo=4115, routed)        1.603     5.205    u_core/g_engine[0].u_engine/clk100mhz_IBUF_BUFG
    SLICE_X65Y121        FDRE                                         r  u_core/g_engine[0].u_engine/scan_first_pipe_reg/C
  -------------------------------------------------------------------    -------------------
    SLICE_X65Y121        FDRE (Prop_fdre_C_Q)         0.456     5.661 r  u_core/g_engine[0].u_engine/scan_first_pipe_reg/Q
                         net (fo=106, routed)         0.694     6.356    u_core/g_engine[0].u_engine/scan_first_pipe
    SLICE_X63Y121        LUT3 (Prop_lut3_I0_O)        0.124     6.480 r  u_core/g_engine[0].u_engine/cumulative[3]_i_9/O
                         net (fo=1, routed)           0.000     6.480    u_core/g_engine[0].u_engine/cumulative[3]_i_9_n_0
    SLICE_X63Y121        CARRY4 (Prop_carry4_S[1]_CO[3])
                                                      0.550     7.030 r  u_core/g_engine[0].u_engine/cumulative_reg[3]_i_2/CO[3]
                         net (fo=1, routed)           0.000     7.030    u_core/g_engine[0].u_engine/cumulative_reg[3]_i_2_n_0
    SLICE_X63Y122        CARRY4 (Prop_carry4_CI_O[2])
                                                      0.239     7.269 r  u_core/g_engine[0].u_engine/cumulative_reg[7]_i_2/O[2]
                         net (fo=4, routed)           0.612     7.881    u_core/g_engine[0].u_engine/cumulative_next[6]
    SLICE_X65Y122        LUT2 (Prop_lut2_I1_O)        0.302     8.183 r  u_core/g_engine[0].u_engine/block_high[1][0][10]_i_33/O
                         net (fo=1, routed)           0.000     8.183    u_core/g_engine[0].u_engine/block_high[1][0][10]_i_33_n_0
    SLICE_X65Y122        CARRY4 (Prop_carry4_S[1]_CO[3])
                                                      0.550     8.733 r  u_core/g_engine[0].u_engine/block_high_reg[1][0][10]_i_27/CO[3]
                         net (fo=1, routed)           0.000     8.733    u_core/g_engine[0].u_engine/block_high_reg[1][0][10]_i_27_n_0
    SLICE_X65Y123        CARRY4 (Prop_carry4_CI_O[1])
                                                      0.334     9.067 r  u_core/g_engine[0].u_engine/block_high_reg[1][0][10]_i_25/O[1]
                         net (fo=2, routed)           0.840     9.906    u_core/g_engine[0].u_engine/u_step/five_cumulative[10]
    SLICE_X64Y125        LUT3 (Prop_lut3_I0_O)        0.303    10.209 r  u_core/g_engine[0].u_engine/block_high[1][0][10]_i_13/O
                         net (fo=1, routed)           0.000    10.209    u_core/g_engine[0].u_engine/block_high[1][0][10]_i_13_n_0
    SLICE_X64Y125        CARRY4 (Prop_carry4_S[1]_CO[2])
                                                      0.570    10.779 r  u_core/g_engine[0].u_engine/block_high_reg[1][0][10]_i_6/CO[2]
                         net (fo=3, routed)           0.719    11.498    u_core/g_engine[0].u_engine/block_high_reg[1][0][10]_i_6_n_1
    SLICE_X64Y130        LUT4 (Prop_lut4_I0_O)        0.313    11.811 r  u_core/g_engine[0].u_engine/block_high[1][0][10]_i_5/O
                         net (fo=107, routed)         1.371    13.182    u_core/g_engine[0].u_engine/selected0
    SLICE_X54Y140        LUT5 (Prop_lut5_I4_O)        0.117    13.299 r  u_core/g_engine[0].u_engine/block_high[1][0][10]_i_1/O
                         net (fo=13, routed)          1.007    14.307    u_core/g_engine[0].u_engine/block_high[1][0][10]_i_1_n_0
    SLICE_X62Y136        FDRE                                         r  u_core/g_engine[0].u_engine/block_high_reg[1][0][6]/CE
  -------------------------------------------------------------------    -------------------

                         (clock sys_clk_pin rise edge)
                                                     10.000    10.000 r  <hidden>
    E3                                                0.000    10.000 r  clk100mhz
                         net (fo=0)                   0.000    10.000    clk100mhz
    E3                   IBUF (Prop_ibuf_I_O)         1.411    11.411 r  clk100mhz_IBUF_inst/O
                         net (fo=1, routed)           1.920    13.331    clk100mhz_IBUF
    BUFGCTRL_X0Y16       BUFG (Prop_bufg_I_O)         0.091    13.422 r  clk100mhz_IBUF_BUFG_inst/O
                         net (fo=4115, routed)        1.490    14.912    u_core/g_engine[0].u_engine/clk100mhz_IBUF_BUFG
    SLICE_X62Y136        FDRE                                         r  u_core/g_engine[0].u_engine/block_high_reg[1][0][6]/C
                         clock pessimism              0.259    15.171    <hidden>
                         clock uncertainty           -0.035    15.136    <hidden>
    SLICE_X62Y136        FDRE (Setup_fdre_C_CE)      -0.393    14.743    u_core/g_engine[0].u_engine/block_high_reg[1][0][6]
  -------------------------------------------------------------------
                         required time                         14.743    <hidden>
                         arrival time                         -14.307    <hidden>
  -------------------------------------------------------------------
                         slack                                  0.436    <hidden>





Pulse Width Checks
--------------------------------------------------------------------------------------
Clock Name:         sys_clk_pin
Waveform(ns):       { 0.000 5.000 }
Period(ns):         10.000
Sources:            { clk100mhz }

Check Type        Corner  Lib Pin             Reference Pin  Required(ns)  Actual(ns)  Slack(ns)  Location       Pin
Min Period        n/a     RAMB36E1/CLKARDCLK  n/a            3.363         10.000      6.637      RAMB36_X2Y20   edge_mem_reg_0_0/CLKARDCLK
Low Pulse Width   Slow    RAMD64E/CLK         n/a            1.250         5.000       3.750      SLICE_X60Y122  u_core/g_engine[0].u_engine/g_bank[0].u_hist/hist_reg_r1_0_63_0_2/RAMA/CLK
High Pulse Width  Slow    RAMD64E/CLK         n/a            1.250         5.000       3.750      SLICE_X60Y122  u_core/g_engine[0].u_engine/g_bank[0].u_hist/hist_reg_r1_0_63_0_2/RAMA/CLK



---------------------------------------------------------------------------------------------------
Path Group:  **async_default**
From Clock:  sys_clk_pin
  To Clock:  sys_clk_pin

Setup :            0  Failing Endpoints,  Worst Slack        2.393ns,  Total Violation        0.000ns
Hold  :           NA  Failing Endpoints,  Worst Slack           NA  ,  Total Violation           NA
---------------------------------------------------------------------------------------------------


Max Delay Paths
--------------------------------------------------------------------------------------
Slack (MET) :             2.393ns  (required time - arrival time)
  Source:                 reset_pipe_reg[1]/C
                            (rising edge-triggered cell FDRE clocked by sys_clk_pin  {rise@0.000ns fall@5.000ns period=10.000ns})
  Destination:            u_uart/div_count_reg[0]/CLR
                            (recovery check against rising-edge clock sys_clk_pin  {rise@0.000ns fall@5.000ns period=10.000ns})
  Path Group:             **async_default**
  Path Type:              Recovery (Max at Slow Process Corner)
  Requirement:            10.000ns  (sys_clk_pin rise@10.000ns - sys_clk_pin rise@0.000ns)
  Data Path Delay:        7.135ns  (logic 0.642ns (8.998%)  route 6.493ns (91.002%))
  Logic Levels:           1  (LUT1=1)
  Clock Path Skew:        -0.032ns (DCD - SCD + CPR)
    Destination Clock Delay (DCD):    4.919ns = ( 14.919 - 10.000 ) 
    Source Clock Delay      (SCD):    5.210ns
    Clock Pessimism Removal (CPR):    0.259ns
  Clock Uncertainty:      0.035ns  ((TSJ^2 + TIJ^2)^1/2 + DJ) / 2 + PE
    Total System Jitter     (TSJ):    0.071ns
    Total Input Jitter      (TIJ):    0.000ns
    Discrete Jitter          (DJ):    0.000ns
    Phase Error              (PE):    0.000ns

    Location             Delay type                Incr(ns)  Path(ns)    Netlist Resource(s)
  -------------------------------------------------------------------    -------------------
                         (clock sys_clk_pin rise edge)
                                                      0.000     0.000 r  <hidden>
    E3                                                0.000     0.000 r  clk100mhz
                         net (fo=0)                   0.000     0.000    clk100mhz
    E3                   IBUF (Prop_ibuf_I_O)         1.482     1.482 r  clk100mhz_IBUF_inst/O
                         net (fo=1, routed)           2.025     3.506    clk100mhz_IBUF
    BUFGCTRL_X0Y16       BUFG (Prop_bufg_I_O)         0.096     3.602 r  clk100mhz_IBUF_BUFG_inst/O
                         net (fo=4115, routed)        1.608     5.210    clk100mhz_IBUF_BUFG
    SLICE_X54Y108        FDRE                                         r  reset_pipe_reg[1]/C
  -------------------------------------------------------------------    -------------------
    SLICE_X54Y108        FDRE (Prop_fdre_C_Q)         0.518     5.728 r  reset_pipe_reg[1]/Q
                         net (fo=84, routed)          1.848     7.576    u_core/u_gradient/u_cordic/rst_n
    SLICE_X48Y87         LUT1 (Prop_lut1_I0_O)        0.124     7.700 f  u_core/u_gradient/u_cordic/div_count[9]_i_3/O
                         net (fo=2359, routed)        4.645    12.345    u_uart/p_0_in
    SLICE_X68Y101        FDCE                                         f  u_uart/div_count_reg[0]/CLR
  -------------------------------------------------------------------    -------------------

                         (clock sys_clk_pin rise edge)
                                                     10.000    10.000 r  <hidden>
    E3                                                0.000    10.000 r  clk100mhz
                         net (fo=0)                   0.000    10.000    clk100mhz
    E3                   IBUF (Prop_ibuf_I_O)         1.411    11.411 r  clk100mhz_IBUF_inst/O
                         net (fo=1, routed)           1.920    13.331    clk100mhz_IBUF
    BUFGCTRL_X0Y16       BUFG (Prop_bufg_I_O)         0.091    13.422 r  clk100mhz_IBUF_BUFG_inst/O
                         net (fo=4115, routed)        1.497    14.919    u_uart/clk100mhz_IBUF_BUFG
    SLICE_X68Y101        FDCE                                         r  u_uart/div_count_reg[0]/C
                         clock pessimism              0.259    15.178    <hidden>
                         clock uncertainty           -0.035    15.143    <hidden>
    SLICE_X68Y101        FDCE (Recov_fdce_C_CLR)     -0.405    14.738    u_uart/div_count_reg[0]
  -------------------------------------------------------------------
                         required time                         14.738    <hidden>
                         arrival time                         -12.345    <hidden>
  -------------------------------------------------------------------
                         slack                                  2.393    <hidden>





--------------------------------------------------------------------------------------
Path Group:  (none)
From Clock:  sys_clk_pin
  To Clock:  

Max Delay             5 Endpoints
Min Delay             0 Endpoints
--------------------------------------------------------------------------------------


Max Delay Paths
--------------------------------------------------------------------------------------
Slack:                    inf
  Source:                 state_reg[1]/C
                            (rising edge-triggered cell FDRE clocked by sys_clk_pin  {rise@0.000ns fall@5.000ns period=10.000ns})
  Destination:            led[2]
                            (output port)
  Path Group:             (none)
  Path Type:              Max at Slow Process Corner
  Data Path Delay:        9.258ns  (logic 4.195ns (45.308%)  route 5.063ns (54.692%))
  Logic Levels:           2  (LUT4=1 OBUF=1)
  Clock Uncertainty:      0.025ns  ((TSJ^2 + TIJ^2)^1/2 + DJ) / 2 + PE
    Total System Jitter     (TSJ):    0.050ns
    Total Input Jitter      (TIJ):    0.000ns
    Discrete Jitter          (DJ):    0.000ns
    Phase Error              (PE):    0.000ns

    Location             Delay type                Incr(ns)  Path(ns)    Netlist Resource(s)
  -------------------------------------------------------------------    -------------------
                         (clock sys_clk_pin rise edge)
                                                      0.000     0.000 r  <hidden>
    E3                                                0.000     0.000 r  clk100mhz
                         net (fo=0)                   0.000     0.000    clk100mhz
    E3                   IBUF (Prop_ibuf_I_O)         1.482     1.482 r  clk100mhz_IBUF_inst/O
                         net (fo=1, routed)           2.025     3.506    clk100mhz_IBUF
    BUFGCTRL_X0Y16       BUFG (Prop_bufg_I_O)         0.096     3.602 r  clk100mhz_IBUF_BUFG_inst/O
                         net (fo=4115, routed)        1.626     5.229    clk100mhz_IBUF_BUFG
    SLICE_X56Y93         FDRE                                         r  state_reg[1]/C
  -------------------------------------------------------------------    -------------------
    SLICE_X56Y93         FDRE (Prop_fdre_C_Q)         0.518     5.747 r  state_reg[1]/Q
                         net (fo=114, routed)         1.383     7.130    u_uart/Q[1]
    SLICE_X57Y95         LUT4 (Prop_lut4_I0_O)        0.124     7.254 r  u_uart/led_OBUF[2]_inst_i_1/O
                         net (fo=2, routed)           3.680    10.934    led_OBUF[2]
    J13                  OBUF (Prop_obuf_I_O)         3.553    14.487 r  led_OBUF[2]_inst/O
                         net (fo=0)                   0.000    14.487    led[2]
    J13                                                               r  led[2]
  -------------------------------------------------------------------    -------------------





--------------------------------------------------------------------------------------
Path Group:  (none)
From Clock:  
  To Clock:  sys_clk_pin

Max Delay             6 Endpoints
Min Delay             0 Endpoints
--------------------------------------------------------------------------------------


Max Delay Paths
--------------------------------------------------------------------------------------
Slack:                    inf
  Source:                 cpu_resetn
                            (input port)
  Destination:            reset_pipe_reg[1]/D
                            (rising edge-triggered cell FDRE clocked by sys_clk_pin  {rise@0.000ns fall@5.000ns period=10.000ns})
  Path Group:             (none)
  Path Type:              Setup (Max at Slow Process Corner)
  Data Path Delay:        5.029ns  (logic 1.631ns (32.429%)  route 3.398ns (67.571%))
  Logic Levels:           2  (IBUF=1 LUT2=1)
  Clock Path Skew:        4.909ns (DCD - SCD + CPR)
    Destination Clock Delay (DCD):    4.909ns
    Source Clock Delay      (SCD):    0.000ns
    Clock Pessimism Removal (CPR):    0.000ns
  Clock Uncertainty:      0.025ns  ((TSJ^2 + TIJ^2)^1/2 + DJ) / 2 + PE
    Total System Jitter     (TSJ):    0.050ns
    Total Input Jitter      (TIJ):    0.000ns
    Discrete Jitter          (DJ):    0.000ns
    Phase Error              (PE):    0.000ns

    Location             Delay type                Incr(ns)  Path(ns)    Netlist Resource(s)
  -------------------------------------------------------------------    -------------------
    C12                                               0.000     0.000 r  cpu_resetn
                         net (fo=0)                   0.000     0.000    cpu_resetn
    C12                  IBUF (Prop_ibuf_I_O)         1.507     1.507 r  cpu_resetn_IBUF_inst/O
                         net (fo=2, routed)           3.398     4.905    cpu_resetn_IBUF
    SLICE_X54Y108        LUT2 (Prop_lut2_I1_O)        0.124     5.029 r  reset_pipe[1]_i_1/O
                         net (fo=1, routed)           0.000     5.029    reset_pipe[1]_i_1_n_0
    SLICE_X54Y108        FDRE                                         r  reset_pipe_reg[1]/D
  -------------------------------------------------------------------    -------------------

                         (clock sys_clk_pin rise edge)
                                                      0.000     0.000 r  <hidden>
    E3                                                0.000     0.000 r  clk100mhz
                         net (fo=0)                   0.000     0.000    clk100mhz
    E3                   IBUF (Prop_ibuf_I_O)         1.411     1.411 r  clk100mhz_IBUF_inst/O
                         net (fo=1, routed)           1.920     3.331    clk100mhz_IBUF
    BUFGCTRL_X0Y16       BUFG (Prop_bufg_I_O)         0.091     3.422 r  clk100mhz_IBUF_BUFG_inst/O
                         net (fo=4115, routed)        1.487     4.909    clk100mhz_IBUF_BUFG
    SLICE_X54Y108        FDRE                                         r  reset_pipe_reg[1]/C





