Copyright 1986-2022 Xilinx, Inc. All Rights Reserved. Copyright 2022-2026 Advanced Micro Devices, Inc. All Rights Reserved.
---------------------------------------------------------------------------------------------------------------------------------------------
| Tool Version : Vivado v.2026.1 (win64) Build 6511674 Tue Jun 16 11:02:23 MDT 2026
| Date         : Tue Oct  6 01:10:35 2026
| Host         : Kiyopon running 64-bit major release  (build 9200)
| Command      : report_drc -file reports/phase11/phase11_drc_synth.rpt
| Design       : canny_nexys_a7_phase11_top
| Device       : xc7a100tcsg324-1
| Speed File   : -1
| Design State : Synthesized
---------------------------------------------------------------------------------------------------------------------------------------------

Report DRC

Table of Contents
-----------------
1. REPORT SUMMARY
2. REPORT DETAILS

1. REPORT SUMMARY
-----------------
            Netlist: netlist
          Floorplan: design_1
      Design limits: <entire design considered>
           Ruledeck: default
             Max checks: <unlimited>
             Checks found: 32
+-----------+----------+-----------------------------------------------------+--------+
| Rule      | Severity | Description                                         | Checks |
+-----------+----------+-----------------------------------------------------+--------+
| CFGBVS-1  | Warning  | Missing CFGBVS and CONFIG_VOLTAGE Design Properties | 1      |
| CHECK-3   | Warning  | Report rule limit reached                           | 1      |
| REQP-1839 | Warning  | RAMB36 async control check                          | 20     |
| REQP-1840 | Warning  | RAMB18 async control check                          | 10     |
+-----------+----------+-----------------------------------------------------+--------+

2. REPORT DETAILS
-----------------
CFGBVS-1#1 Warning
Missing CFGBVS and CONFIG_VOLTAGE Design Properties  
Neither the CFGBVS nor CONFIG_VOLTAGE voltage property is set in the current_design.  Configuration bank voltage select (CFGBVS) must be set to VCCO or GND, and CONFIG_VOLTAGE must be set to the correct configuration voltage, in order to determine the I/O voltage support for the pins in bank 0.  It is suggested to specify these either using the 'Edit Device Properties' function in the GUI or directly in the XDC file using the following syntax:

 set_property CFGBVS value1 [current_design]
 #where value1 is either VCCO or GND

 set_property CONFIG_VOLTAGE value2 [current_design]
 #where value2 is the voltage provided to configuration bank 0

Refer to the device configuration user guide for more information.
Related violations: <none>

CHECK-3#1 Warning
Report rule limit reached  
REQP-1839 rule limit reached: 20 violations have been found.
Related violations: <none>

REQP-1839#1 Warning
RAMB36 async control check  
The RAMB36E1 edge_mem_reg_0_0 has an input control pin edge_mem_reg_0_0/ADDRARDADDR[0] (net: p_1_in[0]) which is driven by a register (pixel_count_reg[3]) that has an active asychronous set or reset. This may cause corruption of the memory contents and/or read values when the set/reset is asserted and is not analyzed by the default static timing analysis. It is suggested to eliminate the use of a set/reset to registers driving this RAMB pin or else use a synchronous reset in which the assertion of the reset is timed by default.
Related violations: <none>

REQP-1839#2 Warning
RAMB36 async control check  
The RAMB36E1 edge_mem_reg_0_0 has an input control pin edge_mem_reg_0_0/ADDRARDADDR[10] (net: p_1_in[10]) which is driven by a register (pixel_count_reg[13]) that has an active asychronous set or reset. This may cause corruption of the memory contents and/or read values when the set/reset is asserted and is not analyzed by the default static timing analysis. It is suggested to eliminate the use of a set/reset to registers driving this RAMB pin or else use a synchronous reset in which the assertion of the reset is timed by default.
Related violations: <none>

REQP-1839#3 Warning
RAMB36 async control check  
The RAMB36E1 edge_mem_reg_0_0 has an input control pin edge_mem_reg_0_0/ADDRARDADDR[11] (net: p_1_in[11]) which is driven by a register (pixel_count_reg[14]) that has an active asychronous set or reset. This may cause corruption of the memory contents and/or read values when the set/reset is asserted and is not analyzed by the default static timing analysis. It is suggested to eliminate the use of a set/reset to registers driving this RAMB pin or else use a synchronous reset in which the assertion of the reset is timed by default.
Related violations: <none>

REQP-1839#4 Warning
RAMB36 async control check  
The RAMB36E1 edge_mem_reg_0_0 has an input control pin edge_mem_reg_0_0/ADDRARDADDR[12] (net: p_1_in[12]) which is driven by a register (pixel_count_reg[15]) that has an active asychronous set or reset. This may cause corruption of the memory contents and/or read values when the set/reset is asserted and is not analyzed by the default static timing analysis. It is suggested to eliminate the use of a set/reset to registers driving this RAMB pin or else use a synchronous reset in which the assertion of the reset is timed by default.
Related violations: <none>

REQP-1839#5 Warning
RAMB36 async control check  
The RAMB36E1 edge_mem_reg_0_0 has an input control pin edge_mem_reg_0_0/ADDRARDADDR[13] (net: p_1_in[13]) which is driven by a register (pixel_count_reg[16]) that has an active asychronous set or reset. This may cause corruption of the memory contents and/or read values when the set/reset is asserted and is not analyzed by the default static timing analysis. It is suggested to eliminate the use of a set/reset to registers driving this RAMB pin or else use a synchronous reset in which the assertion of the reset is timed by default.
Related violations: <none>

REQP-1839#6 Warning
RAMB36 async control check  
The RAMB36E1 edge_mem_reg_0_0 has an input control pin edge_mem_reg_0_0/ADDRARDADDR[14] (net: p_1_in[14]) which is driven by a register (pixel_count_reg[17]) that has an active asychronous set or reset. This may cause corruption of the memory contents and/or read values when the set/reset is asserted and is not analyzed by the default static timing analysis. It is suggested to eliminate the use of a set/reset to registers driving this RAMB pin or else use a synchronous reset in which the assertion of the reset is timed by default.
Related violations: <none>

REQP-1839#7 Warning
RAMB36 async control check  
The RAMB36E1 edge_mem_reg_0_0 has an input control pin edge_mem_reg_0_0/ADDRARDADDR[15] (net: p_1_in[15]) which is driven by a register (pixel_count_reg[18]) that has an active asychronous set or reset. This may cause corruption of the memory contents and/or read values when the set/reset is asserted and is not analyzed by the default static timing analysis. It is suggested to eliminate the use of a set/reset to registers driving this RAMB pin or else use a synchronous reset in which the assertion of the reset is timed by default.
Related violations: <none>

REQP-1839#8 Warning
RAMB36 async control check  
The RAMB36E1 edge_mem_reg_0_0 has an input control pin edge_mem_reg_0_0/ADDRARDADDR[1] (net: p_1_in[1]) which is driven by a register (pixel_count_reg[4]) that has an active asychronous set or reset. This may cause corruption of the memory contents and/or read values when the set/reset is asserted and is not analyzed by the default static timing analysis. It is suggested to eliminate the use of a set/reset to registers driving this RAMB pin or else use a synchronous reset in which the assertion of the reset is timed by default.
Related violations: <none>

REQP-1839#9 Warning
RAMB36 async control check  
The RAMB36E1 edge_mem_reg_0_0 has an input control pin edge_mem_reg_0_0/ADDRARDADDR[2] (net: p_1_in[2]) which is driven by a register (pixel_count_reg[5]) that has an active asychronous set or reset. This may cause corruption of the memory contents and/or read values when the set/reset is asserted and is not analyzed by the default static timing analysis. It is suggested to eliminate the use of a set/reset to registers driving this RAMB pin or else use a synchronous reset in which the assertion of the reset is timed by default.
Related violations: <none>

REQP-1839#10 Warning
RAMB36 async control check  
The RAMB36E1 edge_mem_reg_0_0 has an input control pin edge_mem_reg_0_0/ADDRARDADDR[3] (net: p_1_in[3]) which is driven by a register (pixel_count_reg[6]) that has an active asychronous set or reset. This may cause corruption of the memory contents and/or read values when the set/reset is asserted and is not analyzed by the default static timing analysis. It is suggested to eliminate the use of a set/reset to registers driving this RAMB pin or else use a synchronous reset in which the assertion of the reset is timed by default.
Related violations: <none>

REQP-1839#11 Warning
RAMB36 async control check  
The RAMB36E1 edge_mem_reg_0_0 has an input control pin edge_mem_reg_0_0/ADDRARDADDR[4] (net: p_1_in[4]) which is driven by a register (pixel_count_reg[7]) that has an active asychronous set or reset. This may cause corruption of the memory contents and/or read values when the set/reset is asserted and is not analyzed by the default static timing analysis. It is suggested to eliminate the use of a set/reset to registers driving this RAMB pin or else use a synchronous reset in which the assertion of the reset is timed by default.
Related violations: <none>

REQP-1839#12 Warning
RAMB36 async control check  
The RAMB36E1 edge_mem_reg_0_0 has an input control pin edge_mem_reg_0_0/ADDRARDADDR[5] (net: p_1_in[5]) which is driven by a register (pixel_count_reg[8]) that has an active asychronous set or reset. This may cause corruption of the memory contents and/or read values when the set/reset is asserted and is not analyzed by the default static timing analysis. It is suggested to eliminate the use of a set/reset to registers driving this RAMB pin or else use a synchronous reset in which the assertion of the reset is timed by default.
Related violations: <none>

REQP-1839#13 Warning
RAMB36 async control check  
The RAMB36E1 edge_mem_reg_0_0 has an input control pin edge_mem_reg_0_0/ADDRARDADDR[6] (net: p_1_in[6]) which is driven by a register (pixel_count_reg[9]) that has an active asychronous set or reset. This may cause corruption of the memory contents and/or read values when the set/reset is asserted and is not analyzed by the default static timing analysis. It is suggested to eliminate the use of a set/reset to registers driving this RAMB pin or else use a synchronous reset in which the assertion of the reset is timed by default.
Related violations: <none>

REQP-1839#14 Warning
RAMB36 async control check  
The RAMB36E1 edge_mem_reg_0_0 has an input control pin edge_mem_reg_0_0/ADDRARDADDR[7] (net: p_1_in[7]) which is driven by a register (pixel_count_reg[10]) that has an active asychronous set or reset. This may cause corruption of the memory contents and/or read values when the set/reset is asserted and is not analyzed by the default static timing analysis. It is suggested to eliminate the use of a set/reset to registers driving this RAMB pin or else use a synchronous reset in which the assertion of the reset is timed by default.
Related violations: <none>

REQP-1839#15 Warning
RAMB36 async control check  
The RAMB36E1 edge_mem_reg_0_0 has an input control pin edge_mem_reg_0_0/ADDRARDADDR[8] (net: p_1_in[8]) which is driven by a register (pixel_count_reg[11]) that has an active asychronous set or reset. This may cause corruption of the memory contents and/or read values when the set/reset is asserted and is not analyzed by the default static timing analysis. It is suggested to eliminate the use of a set/reset to registers driving this RAMB pin or else use a synchronous reset in which the assertion of the reset is timed by default.
Related violations: <none>

REQP-1839#16 Warning
RAMB36 async control check  
The RAMB36E1 edge_mem_reg_0_0 has an input control pin edge_mem_reg_0_0/ADDRARDADDR[9] (net: p_1_in[9]) which is driven by a register (pixel_count_reg[12]) that has an active asychronous set or reset. This may cause corruption of the memory contents and/or read values when the set/reset is asserted and is not analyzed by the default static timing analysis. It is suggested to eliminate the use of a set/reset to registers driving this RAMB pin or else use a synchronous reset in which the assertion of the reset is timed by default.
Related violations: <none>

REQP-1839#17 Warning
RAMB36 async control check  
The RAMB36E1 edge_mem_reg_0_0 has an input control pin edge_mem_reg_0_0/ADDRBWRADDR[12] (net: payload_addr[12]) which is driven by a register (payload_addr_reg_rep[12]) that has an active asychronous set or reset. This may cause corruption of the memory contents and/or read values when the set/reset is asserted and is not analyzed by the default static timing analysis. It is suggested to eliminate the use of a set/reset to registers driving this RAMB pin or else use a synchronous reset in which the assertion of the reset is timed by default.
Related violations: <none>

REQP-1839#18 Warning
RAMB36 async control check  
The RAMB36E1 edge_mem_reg_0_0 has an input control pin edge_mem_reg_0_0/ADDRBWRADDR[13] (net: payload_addr[13]) which is driven by a register (payload_addr_reg_rep[13]) that has an active asychronous set or reset. This may cause corruption of the memory contents and/or read values when the set/reset is asserted and is not analyzed by the default static timing analysis. It is suggested to eliminate the use of a set/reset to registers driving this RAMB pin or else use a synchronous reset in which the assertion of the reset is timed by default.
Related violations: <none>

REQP-1839#19 Warning
RAMB36 async control check  
The RAMB36E1 edge_mem_reg_0_0 has an input control pin edge_mem_reg_0_0/ADDRBWRADDR[14] (net: payload_addr[14]) which is driven by a register (payload_addr_reg_rep[14]) that has an active asychronous set or reset. This may cause corruption of the memory contents and/or read values when the set/reset is asserted and is not analyzed by the default static timing analysis. It is suggested to eliminate the use of a set/reset to registers driving this RAMB pin or else use a synchronous reset in which the assertion of the reset is timed by default.
Related violations: <none>

REQP-1839#20 Warning
RAMB36 async control check  
The RAMB36E1 edge_mem_reg_0_0 has an input control pin edge_mem_reg_0_0/ADDRBWRADDR[15] (net: payload_addr[15]) which is driven by a register (payload_addr_reg_rep[15]) that has an active asychronous set or reset. This may cause corruption of the memory contents and/or read values when the set/reset is asserted and is not analyzed by the default static timing analysis. It is suggested to eliminate the use of a set/reset to registers driving this RAMB pin or else use a synchronous reset in which the assertion of the reset is timed by default.
Related violations: <none>

REQP-1840#1 Warning
RAMB18 async control check  
The RAMB18E1 u_core/u_gaussian/u_matrix_generate_3x3_phase5b/u_one_column_ram/u_fifo_ram0/fifo_buffer_reg has an input control pin u_core/u_gaussian/u_matrix_generate_3x3_phase5b/u_one_column_ram/u_fifo_ram0/fifo_buffer_reg/RSTRAMB (net: u_core/u_gaussian/u_matrix_generate_3x3_phase5b/u_one_column_ram/u_fifo_ram0/fifo_buffer_reg_0) which is driven by a register (stream_hs_reg) that has an active asychronous set or reset. This may cause corruption of the memory contents and/or read values when the set/reset is asserted and is not analyzed by the default static timing analysis. It is suggested to eliminate the use of a set/reset to registers driving this RAMB pin or else use a synchronous reset in which the assertion of the reset is timed by default.
Related violations: <none>

REQP-1840#2 Warning
RAMB18 async control check  
The RAMB18E1 u_core/u_gaussian/u_matrix_generate_3x3_phase5b/u_one_column_ram/u_fifo_ram1/fifo_buffer_reg has an input control pin u_core/u_gaussian/u_matrix_generate_3x3_phase5b/u_one_column_ram/u_fifo_ram1/fifo_buffer_reg/RSTRAMB (net: u_core/u_gaussian/u_matrix_generate_3x3_phase5b/u_one_column_ram/u_fifo_ram1/stream_hs_reg) which is driven by a register (stream_hs_reg) that has an active asychronous set or reset. This may cause corruption of the memory contents and/or read values when the set/reset is asserted and is not analyzed by the default static timing analysis. It is suggested to eliminate the use of a set/reset to registers driving this RAMB pin or else use a synchronous reset in which the assertion of the reset is timed by default.
Related violations: <none>

REQP-1840#3 Warning
RAMB18 async control check  
The RAMB18E1 u_core/u_gradient/u_matrix/u_one_column_ram/u_fifo_ram0/fifo_buffer_reg has an input control pin u_core/u_gradient/u_matrix/u_one_column_ram/u_fifo_ram0/fifo_buffer_reg/RSTRAMB (net: u_core/u_gradient/u_matrix/u_one_column_ram/u_fifo_ram0/fifo_buffer_reg_0) which is driven by a register (u_core/u_gaussian/matrix_generator_clken_d2_reg) that has an active asychronous set or reset. This may cause corruption of the memory contents and/or read values when the set/reset is asserted and is not analyzed by the default static timing analysis. It is suggested to eliminate the use of a set/reset to registers driving this RAMB pin or else use a synchronous reset in which the assertion of the reset is timed by default.
Related violations: <none>

REQP-1840#4 Warning
RAMB18 async control check  
The RAMB18E1 u_core/u_gradient/u_matrix/u_one_column_ram/u_fifo_ram1/fifo_buffer_reg has an input control pin u_core/u_gradient/u_matrix/u_one_column_ram/u_fifo_ram1/fifo_buffer_reg/RSTRAMB (net: u_core/u_gradient/u_matrix/u_one_column_ram/u_fifo_ram1/fifo_buffer_reg_0) which is driven by a register (u_core/u_gaussian/matrix_generator_clken_d2_reg) that has an active asychronous set or reset. This may cause corruption of the memory contents and/or read values when the set/reset is asserted and is not analyzed by the default static timing analysis. It is suggested to eliminate the use of a set/reset to registers driving this RAMB pin or else use a synchronous reset in which the assertion of the reset is timed by default.
Related violations: <none>

REQP-1840#5 Warning
RAMB18 async control check  
The RAMB18E1 u_core/u_local_3x3/u_matrix_generate_3x3_phase5b/u_one_column_ram/u_fifo_ram0/fifo_buffer_reg has an input control pin u_core/u_local_3x3/u_matrix_generate_3x3_phase5b/u_one_column_ram/u_fifo_ram0/fifo_buffer_reg/RSTRAMB (net: u_core/u_local_3x3/u_matrix_generate_3x3_phase5b/u_one_column_ram/u_fifo_ram0/fifo_buffer_reg_0) which is driven by a register (u_core/g_engine[0].u_engine/class_hs_reg) that has an active asychronous set or reset. This may cause corruption of the memory contents and/or read values when the set/reset is asserted and is not analyzed by the default static timing analysis. It is suggested to eliminate the use of a set/reset to registers driving this RAMB pin or else use a synchronous reset in which the assertion of the reset is timed by default.
Related violations: <none>

REQP-1840#6 Warning
RAMB18 async control check  
The RAMB18E1 u_core/u_local_3x3/u_matrix_generate_3x3_phase5b/u_one_column_ram/u_fifo_ram0/fifo_buffer_reg has an input control pin u_core/u_local_3x3/u_matrix_generate_3x3_phase5b/u_one_column_ram/u_fifo_ram0/fifo_buffer_reg/RSTRAMB (net: u_core/u_local_3x3/u_matrix_generate_3x3_phase5b/u_one_column_ram/u_fifo_ram0/fifo_buffer_reg_0) which is driven by a register (u_core/merge_active_reg) that has an active asychronous set or reset. This may cause corruption of the memory contents and/or read values when the set/reset is asserted and is not analyzed by the default static timing analysis. It is suggested to eliminate the use of a set/reset to registers driving this RAMB pin or else use a synchronous reset in which the assertion of the reset is timed by default.
Related violations: <none>

REQP-1840#7 Warning
RAMB18 async control check  
The RAMB18E1 u_core/u_local_3x3/u_matrix_generate_3x3_phase5b/u_one_column_ram/u_fifo_ram1/fifo_buffer_reg has an input control pin u_core/u_local_3x3/u_matrix_generate_3x3_phase5b/u_one_column_ram/u_fifo_ram1/fifo_buffer_reg/RSTRAMB (net: u_core/u_local_3x3/u_matrix_generate_3x3_phase5b/u_one_column_ram/u_fifo_ram1/fifo_buffer_reg_1) which is driven by a register (u_core/g_engine[0].u_engine/class_hs_reg) that has an active asychronous set or reset. This may cause corruption of the memory contents and/or read values when the set/reset is asserted and is not analyzed by the default static timing analysis. It is suggested to eliminate the use of a set/reset to registers driving this RAMB pin or else use a synchronous reset in which the assertion of the reset is timed by default.
Related violations: <none>

REQP-1840#8 Warning
RAMB18 async control check  
The RAMB18E1 u_core/u_local_3x3/u_matrix_generate_3x3_phase5b/u_one_column_ram/u_fifo_ram1/fifo_buffer_reg has an input control pin u_core/u_local_3x3/u_matrix_generate_3x3_phase5b/u_one_column_ram/u_fifo_ram1/fifo_buffer_reg/RSTRAMB (net: u_core/u_local_3x3/u_matrix_generate_3x3_phase5b/u_one_column_ram/u_fifo_ram1/fifo_buffer_reg_1) which is driven by a register (u_core/merge_active_reg) that has an active asychronous set or reset. This may cause corruption of the memory contents and/or read values when the set/reset is asserted and is not analyzed by the default static timing analysis. It is suggested to eliminate the use of a set/reset to registers driving this RAMB pin or else use a synchronous reset in which the assertion of the reset is timed by default.
Related violations: <none>

REQP-1840#9 Warning
RAMB18 async control check  
The RAMB18E1 u_core/u_nms/u_matrix/u_one_column_ram/u_fifo_ram0/fifo_buffer_reg has an input control pin u_core/u_nms/u_matrix/u_one_column_ram/u_fifo_ram0/fifo_buffer_reg/RSTRAMB (net: u_core/u_nms/u_matrix/u_one_column_ram/u_fifo_ram0/fifo_buffer_reg_0) which is driven by a register (u_core/u_gradient/gradient_de_reg) that has an active asychronous set or reset. This may cause corruption of the memory contents and/or read values when the set/reset is asserted and is not analyzed by the default static timing analysis. It is suggested to eliminate the use of a set/reset to registers driving this RAMB pin or else use a synchronous reset in which the assertion of the reset is timed by default.
Related violations: <none>

REQP-1840#10 Warning
RAMB18 async control check  
The RAMB18E1 u_core/u_nms/u_matrix/u_one_column_ram/u_fifo_ram1/fifo_buffer_reg has an input control pin u_core/u_nms/u_matrix/u_one_column_ram/u_fifo_ram1/fifo_buffer_reg/RSTRAMB (net: u_core/u_nms/u_matrix/u_one_column_ram/u_fifo_ram1/fifo_buffer_reg_0) which is driven by a register (u_core/u_gradient/gradient_de_reg) that has an active asychronous set or reset. This may cause corruption of the memory contents and/or read values when the set/reset is asserted and is not analyzed by the default static timing analysis. It is suggested to eliminate the use of a set/reset to registers driving this RAMB pin or else use a synchronous reset in which the assertion of the reset is timed by default.
Related violations: <none>


