Copyright 1986-2022 Xilinx, Inc. All Rights Reserved. Copyright 2022-2026 Advanced Micro Devices, Inc. All Rights Reserved.
---------------------------------------------------------------------------------------------------------------------------------------------
| Tool Version : Vivado v.2026.1 (win64) Build 6511674 Tue Jun 16 11:02:23 MDT 2026
| Date         : Tue Oct  6 01:27:54 2026
| Host         : Kiyopon running 64-bit major release  (build 9200)
| Command      : report_drc -file reports/phase11/phase11_rev2_drc_route.rpt
| Design       : canny_nexys_a7_phase11_top
| Device       : xc7a100tcsg324-1
| Speed File   : -1
| Design State : Fully Routed
---------------------------------------------------------------------------------------------------------------------------------------------

Report DRC

Table of Contents
-----------------
1. REPORT SUMMARY
2. REPORT DETAILS

1. REPORT SUMMARY
-----------------
            Netlist: netlist
          Floorplan: impl_1
      Design limits: <entire design considered>
           Ruledeck: default
             Max checks: <unlimited>
             Checks found: 38
+-----------+----------+----------------------------+--------+
| Rule      | Severity | Description                | Checks |
+-----------+----------+----------------------------+--------+
| CHECK-3   | Warning  | Report rule limit reached  | 1      |
| REQP-1839 | Warning  | RAMB36 async control check | 20     |
| REQP-1840 | Warning  | RAMB18 async control check | 17     |
+-----------+----------+----------------------------+--------+

2. REPORT DETAILS
-----------------
CHECK-3#1 Warning
Report rule limit reached  
REQP-1839 rule limit reached: 20 violations have been found.
Related violations: <none>

REQP-1839#1 Warning
RAMB36 async control check  
The RAMB36E1 edge_mem_reg_0_0 has an input control pin edge_mem_reg_0_0/WEA[0] (net: u_core_n_8) which is driven by a register (reset_pipe_reg[1]) that has an active asychronous set or reset. This may cause corruption of the memory contents and/or read values when the set/reset is asserted and is not analyzed by the default static timing analysis. It is suggested to eliminate the use of a set/reset to registers driving this RAMB pin or else use a synchronous reset in which the assertion of the reset is timed by default.
Related violations: <none>

REQP-1839#2 Warning
RAMB36 async control check  
The RAMB36E1 edge_mem_reg_0_0 has an input control pin edge_mem_reg_0_0/WEA[0] (net: u_core_n_8) which is driven by a register (u_core/u_local_3x3/doubleThreshold_href_d1_reg) that has an active asychronous set or reset. This may cause corruption of the memory contents and/or read values when the set/reset is asserted and is not analyzed by the default static timing analysis. It is suggested to eliminate the use of a set/reset to registers driving this RAMB pin or else use a synchronous reset in which the assertion of the reset is timed by default.
Related violations: <none>

REQP-1839#3 Warning
RAMB36 async control check  
The RAMB36E1 edge_mem_reg_0_1 has an input control pin edge_mem_reg_0_1/WEA[0] (net: u_core_n_8) which is driven by a register (reset_pipe_reg[1]) that has an active asychronous set or reset. This may cause corruption of the memory contents and/or read values when the set/reset is asserted and is not analyzed by the default static timing analysis. It is suggested to eliminate the use of a set/reset to registers driving this RAMB pin or else use a synchronous reset in which the assertion of the reset is timed by default.
Related violations: <none>

REQP-1839#4 Warning
RAMB36 async control check  
The RAMB36E1 edge_mem_reg_0_1 has an input control pin edge_mem_reg_0_1/WEA[0] (net: u_core_n_8) which is driven by a register (u_core/u_local_3x3/doubleThreshold_href_d1_reg) that has an active asychronous set or reset. This may cause corruption of the memory contents and/or read values when the set/reset is asserted and is not analyzed by the default static timing analysis. It is suggested to eliminate the use of a set/reset to registers driving this RAMB pin or else use a synchronous reset in which the assertion of the reset is timed by default.
Related violations: <none>

REQP-1839#5 Warning
RAMB36 async control check  
The RAMB36E1 edge_mem_reg_0_2 has an input control pin edge_mem_reg_0_2/WEA[0] (net: u_core_n_7) which is driven by a register (reset_pipe_reg[1]) that has an active asychronous set or reset. This may cause corruption of the memory contents and/or read values when the set/reset is asserted and is not analyzed by the default static timing analysis. It is suggested to eliminate the use of a set/reset to registers driving this RAMB pin or else use a synchronous reset in which the assertion of the reset is timed by default.
Related violations: <none>

REQP-1839#6 Warning
RAMB36 async control check  
The RAMB36E1 edge_mem_reg_0_2 has an input control pin edge_mem_reg_0_2/WEA[0] (net: u_core_n_7) which is driven by a register (u_core/u_local_3x3/doubleThreshold_href_d1_reg) that has an active asychronous set or reset. This may cause corruption of the memory contents and/or read values when the set/reset is asserted and is not analyzed by the default static timing analysis. It is suggested to eliminate the use of a set/reset to registers driving this RAMB pin or else use a synchronous reset in which the assertion of the reset is timed by default.
Related violations: <none>

REQP-1839#7 Warning
RAMB36 async control check  
The RAMB36E1 edge_mem_reg_0_3 has an input control pin edge_mem_reg_0_3/WEA[0] (net: u_core_n_10) which is driven by a register (reset_pipe_reg[1]) that has an active asychronous set or reset. This may cause corruption of the memory contents and/or read values when the set/reset is asserted and is not analyzed by the default static timing analysis. It is suggested to eliminate the use of a set/reset to registers driving this RAMB pin or else use a synchronous reset in which the assertion of the reset is timed by default.
Related violations: <none>

REQP-1839#8 Warning
RAMB36 async control check  
The RAMB36E1 edge_mem_reg_0_3 has an input control pin edge_mem_reg_0_3/WEA[0] (net: u_core_n_10) which is driven by a register (u_core/u_local_3x3/doubleThreshold_href_d1_reg) that has an active asychronous set or reset. This may cause corruption of the memory contents and/or read values when the set/reset is asserted and is not analyzed by the default static timing analysis. It is suggested to eliminate the use of a set/reset to registers driving this RAMB pin or else use a synchronous reset in which the assertion of the reset is timed by default.
Related violations: <none>

REQP-1839#9 Warning
RAMB36 async control check  
The RAMB36E1 edge_mem_reg_0_4 has an input control pin edge_mem_reg_0_4/WEA[0] (net: u_core_n_9) which is driven by a register (reset_pipe_reg[1]) that has an active asychronous set or reset. This may cause corruption of the memory contents and/or read values when the set/reset is asserted and is not analyzed by the default static timing analysis. It is suggested to eliminate the use of a set/reset to registers driving this RAMB pin or else use a synchronous reset in which the assertion of the reset is timed by default.
Related violations: <none>

REQP-1839#10 Warning
RAMB36 async control check  
The RAMB36E1 edge_mem_reg_0_4 has an input control pin edge_mem_reg_0_4/WEA[0] (net: u_core_n_9) which is driven by a register (u_core/u_local_3x3/doubleThreshold_href_d1_reg) that has an active asychronous set or reset. This may cause corruption of the memory contents and/or read values when the set/reset is asserted and is not analyzed by the default static timing analysis. It is suggested to eliminate the use of a set/reset to registers driving this RAMB pin or else use a synchronous reset in which the assertion of the reset is timed by default.
Related violations: <none>

REQP-1839#11 Warning
RAMB36 async control check  
The RAMB36E1 edge_mem_reg_0_5 has an input control pin edge_mem_reg_0_5/WEA[0] (net: u_core_n_12) which is driven by a register (reset_pipe_reg[1]) that has an active asychronous set or reset. This may cause corruption of the memory contents and/or read values when the set/reset is asserted and is not analyzed by the default static timing analysis. It is suggested to eliminate the use of a set/reset to registers driving this RAMB pin or else use a synchronous reset in which the assertion of the reset is timed by default.
Related violations: <none>

REQP-1839#12 Warning
RAMB36 async control check  
The RAMB36E1 edge_mem_reg_0_5 has an input control pin edge_mem_reg_0_5/WEA[0] (net: u_core_n_12) which is driven by a register (u_core/u_local_3x3/doubleThreshold_href_d1_reg) that has an active asychronous set or reset. This may cause corruption of the memory contents and/or read values when the set/reset is asserted and is not analyzed by the default static timing analysis. It is suggested to eliminate the use of a set/reset to registers driving this RAMB pin or else use a synchronous reset in which the assertion of the reset is timed by default.
Related violations: <none>

REQP-1839#13 Warning
RAMB36 async control check  
The RAMB36E1 edge_mem_reg_0_6 has an input control pin edge_mem_reg_0_6/WEA[0] (net: u_core_n_12) which is driven by a register (reset_pipe_reg[1]) that has an active asychronous set or reset. This may cause corruption of the memory contents and/or read values when the set/reset is asserted and is not analyzed by the default static timing analysis. It is suggested to eliminate the use of a set/reset to registers driving this RAMB pin or else use a synchronous reset in which the assertion of the reset is timed by default.
Related violations: <none>

REQP-1839#14 Warning
RAMB36 async control check  
The RAMB36E1 edge_mem_reg_0_6 has an input control pin edge_mem_reg_0_6/WEA[0] (net: u_core_n_12) which is driven by a register (u_core/u_local_3x3/doubleThreshold_href_d1_reg) that has an active asychronous set or reset. This may cause corruption of the memory contents and/or read values when the set/reset is asserted and is not analyzed by the default static timing analysis. It is suggested to eliminate the use of a set/reset to registers driving this RAMB pin or else use a synchronous reset in which the assertion of the reset is timed by default.
Related violations: <none>

REQP-1839#15 Warning
RAMB36 async control check  
The RAMB36E1 edge_mem_reg_0_7 has an input control pin edge_mem_reg_0_7/WEA[0] (net: u_core_n_11) which is driven by a register (reset_pipe_reg[1]) that has an active asychronous set or reset. This may cause corruption of the memory contents and/or read values when the set/reset is asserted and is not analyzed by the default static timing analysis. It is suggested to eliminate the use of a set/reset to registers driving this RAMB pin or else use a synchronous reset in which the assertion of the reset is timed by default.
Related violations: <none>

REQP-1839#16 Warning
RAMB36 async control check  
The RAMB36E1 edge_mem_reg_0_7 has an input control pin edge_mem_reg_0_7/WEA[0] (net: u_core_n_11) which is driven by a register (u_core/u_local_3x3/doubleThreshold_href_d1_reg) that has an active asychronous set or reset. This may cause corruption of the memory contents and/or read values when the set/reset is asserted and is not analyzed by the default static timing analysis. It is suggested to eliminate the use of a set/reset to registers driving this RAMB pin or else use a synchronous reset in which the assertion of the reset is timed by default.
Related violations: <none>

REQP-1839#17 Warning
RAMB36 async control check  
The RAMB36E1 edge_mem_reg_1_0 has an input control pin edge_mem_reg_1_0/WEA[0] (net: u_core_n_8) which is driven by a register (reset_pipe_reg[1]) that has an active asychronous set or reset. This may cause corruption of the memory contents and/or read values when the set/reset is asserted and is not analyzed by the default static timing analysis. It is suggested to eliminate the use of a set/reset to registers driving this RAMB pin or else use a synchronous reset in which the assertion of the reset is timed by default.
Related violations: <none>

REQP-1839#18 Warning
RAMB36 async control check  
The RAMB36E1 edge_mem_reg_1_0 has an input control pin edge_mem_reg_1_0/WEA[0] (net: u_core_n_8) which is driven by a register (u_core/u_local_3x3/doubleThreshold_href_d1_reg) that has an active asychronous set or reset. This may cause corruption of the memory contents and/or read values when the set/reset is asserted and is not analyzed by the default static timing analysis. It is suggested to eliminate the use of a set/reset to registers driving this RAMB pin or else use a synchronous reset in which the assertion of the reset is timed by default.
Related violations: <none>

REQP-1839#19 Warning
RAMB36 async control check  
The RAMB36E1 edge_mem_reg_1_1 has an input control pin edge_mem_reg_1_1/WEA[0] (net: u_core_n_7) which is driven by a register (reset_pipe_reg[1]) that has an active asychronous set or reset. This may cause corruption of the memory contents and/or read values when the set/reset is asserted and is not analyzed by the default static timing analysis. It is suggested to eliminate the use of a set/reset to registers driving this RAMB pin or else use a synchronous reset in which the assertion of the reset is timed by default.
Related violations: <none>

REQP-1839#20 Warning
RAMB36 async control check  
The RAMB36E1 edge_mem_reg_1_1 has an input control pin edge_mem_reg_1_1/WEA[0] (net: u_core_n_7) which is driven by a register (u_core/u_local_3x3/doubleThreshold_href_d1_reg) that has an active asychronous set or reset. This may cause corruption of the memory contents and/or read values when the set/reset is asserted and is not analyzed by the default static timing analysis. It is suggested to eliminate the use of a set/reset to registers driving this RAMB pin or else use a synchronous reset in which the assertion of the reset is timed by default.
Related violations: <none>

REQP-1840#1 Warning
RAMB18 async control check  
The RAMB18E1 u_core/u_gaussian/u_matrix_generate_3x3_phase5b/u_one_column_ram/u_fifo_ram1/fifo_buffer_reg has an input control pin u_core/u_gaussian/u_matrix_generate_3x3_phase5b/u_one_column_ram/u_fifo_ram1/fifo_buffer_reg/ENBWREN (net: u_core/u_gaussian/u_matrix_generate_3x3_phase5b/u_one_column_ram/u_fifo_ram1/fifo_buffer_reg_ENBWREN_cooolgate_en_sig_9) which is driven by a register (reset_pipe_reg[0]) that has an active asychronous set or reset. This may cause corruption of the memory contents and/or read values when the set/reset is asserted and is not analyzed by the default static timing analysis. It is suggested to eliminate the use of a set/reset to registers driving this RAMB pin or else use a synchronous reset in which the assertion of the reset is timed by default.
Related violations: <none>

REQP-1840#2 Warning
RAMB18 async control check  
The RAMB18E1 u_core/u_gradient/u_matrix/u_one_column_ram/u_fifo_ram0/fifo_buffer_reg has an input control pin u_core/u_gradient/u_matrix/u_one_column_ram/u_fifo_ram0/fifo_buffer_reg/ENBWREN (net: u_core/u_gradient/u_matrix/u_one_column_ram/u_fifo_ram0/fifo_buffer_reg_0) which is driven by a register (u_core/u_gaussian/matrix_generator_clken_d2_reg) that has an active asychronous set or reset. This may cause corruption of the memory contents and/or read values when the set/reset is asserted and is not analyzed by the default static timing analysis. It is suggested to eliminate the use of a set/reset to registers driving this RAMB pin or else use a synchronous reset in which the assertion of the reset is timed by default.
Related violations: <none>

REQP-1840#3 Warning
RAMB18 async control check  
The RAMB18E1 u_core/u_gradient/u_matrix/u_one_column_ram/u_fifo_ram0/fifo_buffer_reg has an input control pin u_core/u_gradient/u_matrix/u_one_column_ram/u_fifo_ram0/fifo_buffer_reg/RSTRAMB (net: u_core/u_gradient/u_matrix/u_one_column_ram/u_fifo_ram0/fifo_buffer_reg_0) which is driven by a register (u_core/u_gaussian/matrix_generator_clken_d2_reg) that has an active asychronous set or reset. This may cause corruption of the memory contents and/or read values when the set/reset is asserted and is not analyzed by the default static timing analysis. It is suggested to eliminate the use of a set/reset to registers driving this RAMB pin or else use a synchronous reset in which the assertion of the reset is timed by default.
Related violations: <none>

REQP-1840#4 Warning
RAMB18 async control check  
The RAMB18E1 u_core/u_gradient/u_matrix/u_one_column_ram/u_fifo_ram1/fifo_buffer_reg has an input control pin u_core/u_gradient/u_matrix/u_one_column_ram/u_fifo_ram1/fifo_buffer_reg/ENBWREN (net: u_core/u_gradient/u_matrix/u_one_column_ram/u_fifo_ram1/fifo_buffer_reg_ENBWREN_cooolgate_en_sig_10) which is driven by a register (reset_pipe_reg[0]) that has an active asychronous set or reset. This may cause corruption of the memory contents and/or read values when the set/reset is asserted and is not analyzed by the default static timing analysis. It is suggested to eliminate the use of a set/reset to registers driving this RAMB pin or else use a synchronous reset in which the assertion of the reset is timed by default.
Related violations: <none>

REQP-1840#5 Warning
RAMB18 async control check  
The RAMB18E1 u_core/u_gradient/u_matrix/u_one_column_ram/u_fifo_ram1/fifo_buffer_reg has an input control pin u_core/u_gradient/u_matrix/u_one_column_ram/u_fifo_ram1/fifo_buffer_reg/ENBWREN (net: u_core/u_gradient/u_matrix/u_one_column_ram/u_fifo_ram1/fifo_buffer_reg_ENBWREN_cooolgate_en_sig_10) which is driven by a register (u_core/u_gaussian/matrix_generator_clken_d2_reg) that has an active asychronous set or reset. This may cause corruption of the memory contents and/or read values when the set/reset is asserted and is not analyzed by the default static timing analysis. It is suggested to eliminate the use of a set/reset to registers driving this RAMB pin or else use a synchronous reset in which the assertion of the reset is timed by default.
Related violations: <none>

REQP-1840#6 Warning
RAMB18 async control check  
The RAMB18E1 u_core/u_gradient/u_matrix/u_one_column_ram/u_fifo_ram1/fifo_buffer_reg has an input control pin u_core/u_gradient/u_matrix/u_one_column_ram/u_fifo_ram1/fifo_buffer_reg/RSTRAMB (net: u_core/u_gradient/u_matrix/u_one_column_ram/u_fifo_ram1/fifo_buffer_reg_0) which is driven by a register (u_core/u_gaussian/matrix_generator_clken_d2_reg) that has an active asychronous set or reset. This may cause corruption of the memory contents and/or read values when the set/reset is asserted and is not analyzed by the default static timing analysis. It is suggested to eliminate the use of a set/reset to registers driving this RAMB pin or else use a synchronous reset in which the assertion of the reset is timed by default.
Related violations: <none>

REQP-1840#7 Warning
RAMB18 async control check  
The RAMB18E1 u_core/u_local_3x3/u_matrix_generate_3x3_phase5b/u_one_column_ram/u_fifo_ram0/fifo_buffer_reg has an input control pin u_core/u_local_3x3/u_matrix_generate_3x3_phase5b/u_one_column_ram/u_fifo_ram0/fifo_buffer_reg/ENBWREN (net: u_core/u_local_3x3/u_matrix_generate_3x3_phase5b/u_one_column_ram/u_fifo_ram0/class_hs) which is driven by a register (u_core/g_engine[0].u_engine/class_hs_reg) that has an active asychronous set or reset. This may cause corruption of the memory contents and/or read values when the set/reset is asserted and is not analyzed by the default static timing analysis. It is suggested to eliminate the use of a set/reset to registers driving this RAMB pin or else use a synchronous reset in which the assertion of the reset is timed by default.
Related violations: <none>

REQP-1840#8 Warning
RAMB18 async control check  
The RAMB18E1 u_core/u_local_3x3/u_matrix_generate_3x3_phase5b/u_one_column_ram/u_fifo_ram0/fifo_buffer_reg has an input control pin u_core/u_local_3x3/u_matrix_generate_3x3_phase5b/u_one_column_ram/u_fifo_ram0/fifo_buffer_reg/ENBWREN (net: u_core/u_local_3x3/u_matrix_generate_3x3_phase5b/u_one_column_ram/u_fifo_ram0/class_hs) which is driven by a register (u_core/merge_active_reg) that has an active asychronous set or reset. This may cause corruption of the memory contents and/or read values when the set/reset is asserted and is not analyzed by the default static timing analysis. It is suggested to eliminate the use of a set/reset to registers driving this RAMB pin or else use a synchronous reset in which the assertion of the reset is timed by default.
Related violations: <none>

REQP-1840#9 Warning
RAMB18 async control check  
The RAMB18E1 u_core/u_local_3x3/u_matrix_generate_3x3_phase5b/u_one_column_ram/u_fifo_ram0/fifo_buffer_reg has an input control pin u_core/u_local_3x3/u_matrix_generate_3x3_phase5b/u_one_column_ram/u_fifo_ram0/fifo_buffer_reg/RSTRAMB (net: u_core/u_local_3x3/u_matrix_generate_3x3_phase5b/u_one_column_ram/u_fifo_ram0/fifo_buffer_reg_0) which is driven by a register (u_core/g_engine[0].u_engine/class_hs_reg) that has an active asychronous set or reset. This may cause corruption of the memory contents and/or read values when the set/reset is asserted and is not analyzed by the default static timing analysis. It is suggested to eliminate the use of a set/reset to registers driving this RAMB pin or else use a synchronous reset in which the assertion of the reset is timed by default.
Related violations: <none>

REQP-1840#10 Warning
RAMB18 async control check  
The RAMB18E1 u_core/u_local_3x3/u_matrix_generate_3x3_phase5b/u_one_column_ram/u_fifo_ram0/fifo_buffer_reg has an input control pin u_core/u_local_3x3/u_matrix_generate_3x3_phase5b/u_one_column_ram/u_fifo_ram0/fifo_buffer_reg/RSTRAMB (net: u_core/u_local_3x3/u_matrix_generate_3x3_phase5b/u_one_column_ram/u_fifo_ram0/fifo_buffer_reg_0) which is driven by a register (u_core/merge_active_reg) that has an active asychronous set or reset. This may cause corruption of the memory contents and/or read values when the set/reset is asserted and is not analyzed by the default static timing analysis. It is suggested to eliminate the use of a set/reset to registers driving this RAMB pin or else use a synchronous reset in which the assertion of the reset is timed by default.
Related violations: <none>

REQP-1840#11 Warning
RAMB18 async control check  
The RAMB18E1 u_core/u_local_3x3/u_matrix_generate_3x3_phase5b/u_one_column_ram/u_fifo_ram1/fifo_buffer_reg has an input control pin u_core/u_local_3x3/u_matrix_generate_3x3_phase5b/u_one_column_ram/u_fifo_ram1/fifo_buffer_reg/ENBWREN (net: u_core/u_local_3x3/u_matrix_generate_3x3_phase5b/u_one_column_ram/u_fifo_ram1/pwropt) which is driven by a register (reset_pipe_reg[0]) that has an active asychronous set or reset. This may cause corruption of the memory contents and/or read values when the set/reset is asserted and is not analyzed by the default static timing analysis. It is suggested to eliminate the use of a set/reset to registers driving this RAMB pin or else use a synchronous reset in which the assertion of the reset is timed by default.
Related violations: <none>

REQP-1840#12 Warning
RAMB18 async control check  
The RAMB18E1 u_core/u_local_3x3/u_matrix_generate_3x3_phase5b/u_one_column_ram/u_fifo_ram1/fifo_buffer_reg has an input control pin u_core/u_local_3x3/u_matrix_generate_3x3_phase5b/u_one_column_ram/u_fifo_ram1/fifo_buffer_reg/RSTRAMB (net: u_core/u_local_3x3/u_matrix_generate_3x3_phase5b/u_one_column_ram/u_fifo_ram1/fifo_buffer_reg_1) which is driven by a register (u_core/g_engine[0].u_engine/class_hs_reg) that has an active asychronous set or reset. This may cause corruption of the memory contents and/or read values when the set/reset is asserted and is not analyzed by the default static timing analysis. It is suggested to eliminate the use of a set/reset to registers driving this RAMB pin or else use a synchronous reset in which the assertion of the reset is timed by default.
Related violations: <none>

REQP-1840#13 Warning
RAMB18 async control check  
The RAMB18E1 u_core/u_local_3x3/u_matrix_generate_3x3_phase5b/u_one_column_ram/u_fifo_ram1/fifo_buffer_reg has an input control pin u_core/u_local_3x3/u_matrix_generate_3x3_phase5b/u_one_column_ram/u_fifo_ram1/fifo_buffer_reg/RSTRAMB (net: u_core/u_local_3x3/u_matrix_generate_3x3_phase5b/u_one_column_ram/u_fifo_ram1/fifo_buffer_reg_1) which is driven by a register (u_core/merge_active_reg) that has an active asychronous set or reset. This may cause corruption of the memory contents and/or read values when the set/reset is asserted and is not analyzed by the default static timing analysis. It is suggested to eliminate the use of a set/reset to registers driving this RAMB pin or else use a synchronous reset in which the assertion of the reset is timed by default.
Related violations: <none>

REQP-1840#14 Warning
RAMB18 async control check  
The RAMB18E1 u_core/u_nms/u_matrix/u_one_column_ram/u_fifo_ram0/fifo_buffer_reg has an input control pin u_core/u_nms/u_matrix/u_one_column_ram/u_fifo_ram0/fifo_buffer_reg/ENBWREN (net: u_core/u_nms/u_matrix/u_one_column_ram/u_fifo_ram0/fifo_buffer_reg_0) which is driven by a register (u_core/u_gradient/gradient_de_reg) that has an active asychronous set or reset. This may cause corruption of the memory contents and/or read values when the set/reset is asserted and is not analyzed by the default static timing analysis. It is suggested to eliminate the use of a set/reset to registers driving this RAMB pin or else use a synchronous reset in which the assertion of the reset is timed by default.
Related violations: <none>

REQP-1840#15 Warning
RAMB18 async control check  
The RAMB18E1 u_core/u_nms/u_matrix/u_one_column_ram/u_fifo_ram0/fifo_buffer_reg has an input control pin u_core/u_nms/u_matrix/u_one_column_ram/u_fifo_ram0/fifo_buffer_reg/RSTRAMB (net: u_core/u_nms/u_matrix/u_one_column_ram/u_fifo_ram0/fifo_buffer_reg_0) which is driven by a register (u_core/u_gradient/gradient_de_reg) that has an active asychronous set or reset. This may cause corruption of the memory contents and/or read values when the set/reset is asserted and is not analyzed by the default static timing analysis. It is suggested to eliminate the use of a set/reset to registers driving this RAMB pin or else use a synchronous reset in which the assertion of the reset is timed by default.
Related violations: <none>

REQP-1840#16 Warning
RAMB18 async control check  
The RAMB18E1 u_core/u_nms/u_matrix/u_one_column_ram/u_fifo_ram1/fifo_buffer_reg has an input control pin u_core/u_nms/u_matrix/u_one_column_ram/u_fifo_ram1/fifo_buffer_reg/ENBWREN (net: u_core/u_nms/u_matrix/u_one_column_ram/u_fifo_ram1/pwropt) which is driven by a register (reset_pipe_reg[0]) that has an active asychronous set or reset. This may cause corruption of the memory contents and/or read values when the set/reset is asserted and is not analyzed by the default static timing analysis. It is suggested to eliminate the use of a set/reset to registers driving this RAMB pin or else use a synchronous reset in which the assertion of the reset is timed by default.
Related violations: <none>

REQP-1840#17 Warning
RAMB18 async control check  
The RAMB18E1 u_core/u_nms/u_matrix/u_one_column_ram/u_fifo_ram1/fifo_buffer_reg has an input control pin u_core/u_nms/u_matrix/u_one_column_ram/u_fifo_ram1/fifo_buffer_reg/RSTRAMB (net: u_core/u_nms/u_matrix/u_one_column_ram/u_fifo_ram1/fifo_buffer_reg_0) which is driven by a register (u_core/u_gradient/gradient_de_reg) that has an active asychronous set or reset. This may cause corruption of the memory contents and/or read values when the set/reset is asserted and is not analyzed by the default static timing analysis. It is suggested to eliminate the use of a set/reset to registers driving this RAMB pin or else use a synchronous reset in which the assertion of the reset is timed by default.
Related violations: <none>


