Copyright 1986-2022 Xilinx, Inc. All Rights Reserved. Copyright 2022-2026 Advanced Micro Devices, Inc. All Rights Reserved.
---------------------------------------------------------------------------------------------------------------------------------------------
| Tool Version : Vivado v.2026.1 (win64) Build 6511674 Tue Jun 16 11:02:23 MDT 2026
| Date         : Mon Oct  5 01:28:05 2026
| Host         : Kiyopon running 64-bit major release  (build 9200)
| Command      : report_utilization -hierarchical -file reports/phase9/b32_h16_utilization_hierarchical.rpt
| Design       : canny_block_adaptive_phase9_top
| Device       : xc7a100tcsg324-1
| Speed File   : -1
| Design State : Synthesized
---------------------------------------------------------------------------------------------------------------------------------------------

Utilization Design Information

Table of Contents
-----------------
1. Utilization by Hierarchy

1. Utilization by Hierarchy
---------------------------

+---------------------------------------+---------------------------------------------+------------+------------+---------+------+------+--------+--------+------------+
|                Instance               |                    Module                   | Total LUTs | Logic LUTs | LUTRAMs | SRLs |  FFs | RAMB36 | RAMB18 | DSP Blocks |
+---------------------------------------+---------------------------------------------+------------+------------+---------+------+------+--------+--------+------------+
| canny_block_adaptive_phase9_top       |                                       (top) |       3361 |       3036 |     320 |    5 | 2959 |     22 |      8 |          0 |
|   (canny_block_adaptive_phase9_top)   |                                       (top) |          1 |          1 |       0 |    0 |   24 |      0 |      0 |          0 |
|   u_gaussian                          |               image_gaussian_filter_phase5b |        110 |        110 |       0 |    0 |  189 |      0 |      2 |          0 |
|     u_matrix_generate_3x3_phase5b     |               matrix_generate_3x3_phase5b_4 |         98 |         98 |       0 |    0 |  145 |      0 |      2 |          0 |
|       (u_matrix_generate_3x3_phase5b) |               matrix_generate_3x3_phase5b_4 |         65 |         65 |       0 |    0 |   79 |      0 |      0 |          0 |
|       u_one_column_ram                |                            one_column_ram_5 |         33 |         33 |       0 |    0 |   66 |      0 |      2 |          0 |
|   u_gradient                          |                   canny_gradient_raw_phase8 |       1366 |       1361 |       0 |    5 | 1359 |      0 |      2 |          0 |
|     (u_gradient)                      |                   canny_gradient_raw_phase8 |         30 |         30 |       0 |    0 |   84 |      0 |      0 |          0 |
|     u_cordic                          |                     cordic_gradient_phase4b |       1228 |       1223 |       0 |    5 | 1131 |      0 |      0 |          0 |
|     u_matrix                          |                 matrix_generate_3x3_phase5b |        108 |        108 |       0 |    0 |  144 |      0 |      2 |          0 |
|       (u_matrix)                      |                 matrix_generate_3x3_phase5b |         75 |         75 |       0 |    0 |   78 |      0 |      0 |          0 |
|       u_one_column_ram                |                              one_column_ram |         33 |         33 |       0 |    0 |   66 |      0 |      2 |          0 |
|   u_local_3x3                         |               canny_doubleThreshold_phase5b |         39 |         39 |       0 |    0 |   68 |      0 |      2 |          0 |
|   u_nms                               |                  canny_nms_magnitude_phase8 |        152 |        152 |       0 |    0 |  216 |      0 |      2 |          0 |
|     u_matrix                          | matrix_generate_3x3_phase5b__parameterized0 |        143 |        143 |       0 |    0 |  202 |      0 |      2 |          0 |
|       (u_matrix)                      | matrix_generate_3x3_phase5b__parameterized0 |         95 |         95 |       0 |    0 |  115 |      0 |      0 |          0 |
|       u_one_column_ram                |              one_column_ram__parameterized0 |         48 |         48 |       0 |    0 |   87 |      0 |      2 |          0 |
|   u_stripe                            |              stripe_threshold_engine_phase9 |       1693 |       1373 |     320 |    0 | 1103 |     22 |      0 |          0 |
|     (u_stripe)                        |              stripe_threshold_engine_phase9 |        708 |        708 |       0 |    0 |  663 |     22 |      0 |          0 |
|     g_bank[0].u_hist                  |                       histogram_unit_phase9 |        484 |        324 |     160 |    0 |  220 |      0 |      0 |          0 |
|     g_bank[1].u_hist                  |                     histogram_unit_phase9_0 |        501 |        341 |     160 |    0 |  220 |      0 |      0 |          0 |
+---------------------------------------+---------------------------------------------+------------+------------+---------+------+------+--------+--------+------------+


