u_gaussian/u_matrix_generate_3x3_phase5b/u_one_column_ram/u_fifo_ram0/fifo_buffer_reg RAMB18E1
u_gaussian/u_matrix_generate_3x3_phase5b/u_one_column_ram/u_fifo_ram1/fifo_buffer_reg RAMB18E1
u_gradient/u_matrix/u_one_column_ram/u_fifo_ram0/fifo_buffer_reg RAMB18E1
u_gradient/u_matrix/u_one_column_ram/u_fifo_ram1/fifo_buffer_reg RAMB18E1
u_local_3x3/u_matrix_generate_3x3_phase5b/u_one_column_ram/u_fifo_ram0/fifo_buffer_reg RAMB18E1
u_local_3x3/u_matrix_generate_3x3_phase5b/u_one_column_ram/u_fifo_ram1/fifo_buffer_reg RAMB18E1
u_nms/u_matrix/u_one_column_ram/u_fifo_ram0/fifo_buffer_reg RAMB18E1
u_nms/u_matrix/u_one_column_ram/u_fifo_ram1/fifo_buffer_reg RAMB18E1
u_stripe/g_bank[0].stripe_reg_0_0 RAMB36E1
u_stripe/g_bank[0].stripe_reg_0_1 RAMB36E1
u_stripe/g_bank[0].stripe_reg_0_10 RAMB36E1
u_stripe/g_bank[0].stripe_reg_0_2 RAMB36E1
u_stripe/g_bank[0].stripe_reg_0_3 RAMB36E1
u_stripe/g_bank[0].stripe_reg_0_4 RAMB36E1
u_stripe/g_bank[0].stripe_reg_0_5 RAMB36E1
u_stripe/g_bank[0].stripe_reg_0_6 RAMB36E1
u_stripe/g_bank[0].stripe_reg_0_7 RAMB36E1
u_stripe/g_bank[0].stripe_reg_0_8 RAMB36E1
u_stripe/g_bank[0].stripe_reg_0_9 RAMB36E1
u_stripe/g_bank[1].stripe_reg_0_0 RAMB36E1
u_stripe/g_bank[1].stripe_reg_0_1 RAMB36E1
u_stripe/g_bank[1].stripe_reg_0_10 RAMB36E1
u_stripe/g_bank[1].stripe_reg_0_2 RAMB36E1
u_stripe/g_bank[1].stripe_reg_0_3 RAMB36E1
u_stripe/g_bank[1].stripe_reg_0_4 RAMB36E1
u_stripe/g_bank[1].stripe_reg_0_5 RAMB36E1
u_stripe/g_bank[1].stripe_reg_0_6 RAMB36E1
u_stripe/g_bank[1].stripe_reg_0_7 RAMB36E1
u_stripe/g_bank[1].stripe_reg_0_8 RAMB36E1
u_stripe/g_bank[1].stripe_reg_0_9 RAMB36E1
u_stripe/g_bank[0].u_hist/hist_reg_r1_0_63_0_2 RAM64M
u_stripe/g_bank[0].u_hist/hist_reg_r1_0_63_3_5 RAM64M
u_stripe/g_bank[0].u_hist/hist_reg_r1_0_63_6_8 RAM64M
u_stripe/g_bank[0].u_hist/hist_reg_r1_0_63_9_10 RAM64M
u_stripe/g_bank[0].u_hist/hist_reg_r1_128_191_0_2 RAM64M
u_stripe/g_bank[0].u_hist/hist_reg_r1_128_191_3_5 RAM64M
u_stripe/g_bank[0].u_hist/hist_reg_r1_128_191_6_8 RAM64M
u_stripe/g_bank[0].u_hist/hist_reg_r1_128_191_9_10 RAM64M
u_stripe/g_bank[0].u_hist/hist_reg_r1_192_255_0_2 RAM64M
u_stripe/g_bank[0].u_hist/hist_reg_r1_192_255_3_5 RAM64M
u_stripe/g_bank[0].u_hist/hist_reg_r1_192_255_6_8 RAM64M
u_stripe/g_bank[0].u_hist/hist_reg_r1_192_255_9_10 RAM64M
u_stripe/g_bank[0].u_hist/hist_reg_r1_256_319_0_2 RAM64M
u_stripe/g_bank[0].u_hist/hist_reg_r1_256_319_3_5 RAM64M
u_stripe/g_bank[0].u_hist/hist_reg_r1_256_319_6_8 RAM64M
u_stripe/g_bank[0].u_hist/hist_reg_r1_256_319_9_10 RAM64M
u_stripe/g_bank[0].u_hist/hist_reg_r1_320_383_0_2 RAM64M
u_stripe/g_bank[0].u_hist/hist_reg_r1_320_383_3_5 RAM64M
u_stripe/g_bank[0].u_hist/hist_reg_r1_320_383_6_8 RAM64M
u_stripe/g_bank[0].u_hist/hist_reg_r1_320_383_9_10 RAM64M
u_stripe/g_bank[0].u_hist/hist_reg_r1_384_447_0_2 RAM64M
u_stripe/g_bank[0].u_hist/hist_reg_r1_384_447_3_5 RAM64M
u_stripe/g_bank[0].u_hist/hist_reg_r1_384_447_6_8 RAM64M
u_stripe/g_bank[0].u_hist/hist_reg_r1_384_447_9_10 RAM64M
u_stripe/g_bank[0].u_hist/hist_reg_r1_448_511_0_2 RAM64M
u_stripe/g_bank[0].u_hist/hist_reg_r1_448_511_3_5 RAM64M
u_stripe/g_bank[0].u_hist/hist_reg_r1_448_511_6_8 RAM64M
u_stripe/g_bank[0].u_hist/hist_reg_r1_448_511_9_10 RAM64M
u_stripe/g_bank[0].u_hist/hist_reg_r1_512_575_0_2 RAM64M
u_stripe/g_bank[0].u_hist/hist_reg_r1_512_575_3_5 RAM64M
u_stripe/g_bank[0].u_hist/hist_reg_r1_512_575_6_8 RAM64M
u_stripe/g_bank[0].u_hist/hist_reg_r1_512_575_9_10 RAM64M
u_stripe/g_bank[0].u_hist/hist_reg_r1_576_639_0_2 RAM64M
u_stripe/g_bank[0].u_hist/hist_reg_r1_576_639_3_5 RAM64M
u_stripe/g_bank[0].u_hist/hist_reg_r1_576_639_6_8 RAM64M
u_stripe/g_bank[0].u_hist/hist_reg_r1_576_639_9_10 RAM64M
u_stripe/g_bank[0].u_hist/hist_reg_r1_64_127_0_2 RAM64M
u_stripe/g_bank[0].u_hist/hist_reg_r1_64_127_3_5 RAM64M
u_stripe/g_bank[0].u_hist/hist_reg_r1_64_127_6_8 RAM64M
u_stripe/g_bank[0].u_hist/hist_reg_r1_64_127_9_10 RAM64M
u_stripe/g_bank[0].u_hist/hist_reg_r2_0_63_0_2 RAM64M
u_stripe/g_bank[0].u_hist/hist_reg_r2_0_63_3_5 RAM64M
u_stripe/g_bank[0].u_hist/hist_reg_r2_0_63_6_8 RAM64M
u_stripe/g_bank[0].u_hist/hist_reg_r2_0_63_9_10 RAM64M
u_stripe/g_bank[0].u_hist/hist_reg_r2_128_191_0_2 RAM64M
u_stripe/g_bank[0].u_hist/hist_reg_r2_128_191_3_5 RAM64M
u_stripe/g_bank[0].u_hist/hist_reg_r2_128_191_6_8 RAM64M
u_stripe/g_bank[0].u_hist/hist_reg_r2_128_191_9_10 RAM64M
u_stripe/g_bank[0].u_hist/hist_reg_r2_192_255_0_2 RAM64M
u_stripe/g_bank[0].u_hist/hist_reg_r2_192_255_3_5 RAM64M
u_stripe/g_bank[0].u_hist/hist_reg_r2_192_255_6_8 RAM64M
u_stripe/g_bank[0].u_hist/hist_reg_r2_192_255_9_10 RAM64M
u_stripe/g_bank[0].u_hist/hist_reg_r2_256_319_0_2 RAM64M
u_stripe/g_bank[0].u_hist/hist_reg_r2_256_319_3_5 RAM64M
u_stripe/g_bank[0].u_hist/hist_reg_r2_256_319_6_8 RAM64M
u_stripe/g_bank[0].u_hist/hist_reg_r2_256_319_9_10 RAM64M
u_stripe/g_bank[0].u_hist/hist_reg_r2_320_383_0_2 RAM64M
u_stripe/g_bank[0].u_hist/hist_reg_r2_320_383_3_5 RAM64M
u_stripe/g_bank[0].u_hist/hist_reg_r2_320_383_6_8 RAM64M
u_stripe/g_bank[0].u_hist/hist_reg_r2_320_383_9_10 RAM64M
u_stripe/g_bank[0].u_hist/hist_reg_r2_384_447_0_2 RAM64M
u_stripe/g_bank[0].u_hist/hist_reg_r2_384_447_3_5 RAM64M
u_stripe/g_bank[0].u_hist/hist_reg_r2_384_447_6_8 RAM64M
u_stripe/g_bank[0].u_hist/hist_reg_r2_384_447_9_10 RAM64M
u_stripe/g_bank[0].u_hist/hist_reg_r2_448_511_0_2 RAM64M
u_stripe/g_bank[0].u_hist/hist_reg_r2_448_511_3_5 RAM64M
u_stripe/g_bank[0].u_hist/hist_reg_r2_448_511_6_8 RAM64M
u_stripe/g_bank[0].u_hist/hist_reg_r2_448_511_9_10 RAM64M
u_stripe/g_bank[0].u_hist/hist_reg_r2_512_575_0_2 RAM64M
u_stripe/g_bank[0].u_hist/hist_reg_r2_512_575_3_5 RAM64M
u_stripe/g_bank[0].u_hist/hist_reg_r2_512_575_6_8 RAM64M
u_stripe/g_bank[0].u_hist/hist_reg_r2_512_575_9_10 RAM64M
u_stripe/g_bank[0].u_hist/hist_reg_r2_576_639_0_2 RAM64M
u_stripe/g_bank[0].u_hist/hist_reg_r2_576_639_3_5 RAM64M
u_stripe/g_bank[0].u_hist/hist_reg_r2_576_639_6_8 RAM64M
u_stripe/g_bank[0].u_hist/hist_reg_r2_576_639_9_10 RAM64M
u_stripe/g_bank[0].u_hist/hist_reg_r2_64_127_0_2 RAM64M
u_stripe/g_bank[0].u_hist/hist_reg_r2_64_127_3_5 RAM64M
u_stripe/g_bank[0].u_hist/hist_reg_r2_64_127_6_8 RAM64M
u_stripe/g_bank[0].u_hist/hist_reg_r2_64_127_9_10 RAM64M
u_stripe/g_bank[1].u_hist/hist_reg_r1_0_63_0_2 RAM64M
u_stripe/g_bank[1].u_hist/hist_reg_r1_0_63_3_5 RAM64M
u_stripe/g_bank[1].u_hist/hist_reg_r1_0_63_6_8 RAM64M
u_stripe/g_bank[1].u_hist/hist_reg_r1_0_63_9_10 RAM64M
u_stripe/g_bank[1].u_hist/hist_reg_r1_128_191_0_2 RAM64M
u_stripe/g_bank[1].u_hist/hist_reg_r1_128_191_3_5 RAM64M
u_stripe/g_bank[1].u_hist/hist_reg_r1_128_191_6_8 RAM64M
u_stripe/g_bank[1].u_hist/hist_reg_r1_128_191_9_10 RAM64M
u_stripe/g_bank[1].u_hist/hist_reg_r1_192_255_0_2 RAM64M
u_stripe/g_bank[1].u_hist/hist_reg_r1_192_255_3_5 RAM64M
u_stripe/g_bank[1].u_hist/hist_reg_r1_192_255_6_8 RAM64M
u_stripe/g_bank[1].u_hist/hist_reg_r1_192_255_9_10 RAM64M
u_stripe/g_bank[1].u_hist/hist_reg_r1_256_319_0_2 RAM64M
u_stripe/g_bank[1].u_hist/hist_reg_r1_256_319_3_5 RAM64M
u_stripe/g_bank[1].u_hist/hist_reg_r1_256_319_6_8 RAM64M
u_stripe/g_bank[1].u_hist/hist_reg_r1_256_319_9_10 RAM64M
u_stripe/g_bank[1].u_hist/hist_reg_r1_320_383_0_2 RAM64M
u_stripe/g_bank[1].u_hist/hist_reg_r1_320_383_3_5 RAM64M
u_stripe/g_bank[1].u_hist/hist_reg_r1_320_383_6_8 RAM64M
u_stripe/g_bank[1].u_hist/hist_reg_r1_320_383_9_10 RAM64M
u_stripe/g_bank[1].u_hist/hist_reg_r1_384_447_0_2 RAM64M
u_stripe/g_bank[1].u_hist/hist_reg_r1_384_447_3_5 RAM64M
u_stripe/g_bank[1].u_hist/hist_reg_r1_384_447_6_8 RAM64M
u_stripe/g_bank[1].u_hist/hist_reg_r1_384_447_9_10 RAM64M
u_stripe/g_bank[1].u_hist/hist_reg_r1_448_511_0_2 RAM64M
u_stripe/g_bank[1].u_hist/hist_reg_r1_448_511_3_5 RAM64M
u_stripe/g_bank[1].u_hist/hist_reg_r1_448_511_6_8 RAM64M
u_stripe/g_bank[1].u_hist/hist_reg_r1_448_511_9_10 RAM64M
u_stripe/g_bank[1].u_hist/hist_reg_r1_512_575_0_2 RAM64M
u_stripe/g_bank[1].u_hist/hist_reg_r1_512_575_3_5 RAM64M
u_stripe/g_bank[1].u_hist/hist_reg_r1_512_575_6_8 RAM64M
u_stripe/g_bank[1].u_hist/hist_reg_r1_512_575_9_10 RAM64M
u_stripe/g_bank[1].u_hist/hist_reg_r1_576_639_0_2 RAM64M
u_stripe/g_bank[1].u_hist/hist_reg_r1_576_639_3_5 RAM64M
u_stripe/g_bank[1].u_hist/hist_reg_r1_576_639_6_8 RAM64M
u_stripe/g_bank[1].u_hist/hist_reg_r1_576_639_9_10 RAM64M
u_stripe/g_bank[1].u_hist/hist_reg_r1_64_127_0_2 RAM64M
u_stripe/g_bank[1].u_hist/hist_reg_r1_64_127_3_5 RAM64M
u_stripe/g_bank[1].u_hist/hist_reg_r1_64_127_6_8 RAM64M
u_stripe/g_bank[1].u_hist/hist_reg_r1_64_127_9_10 RAM64M
u_stripe/g_bank[1].u_hist/hist_reg_r2_0_63_0_2 RAM64M
u_stripe/g_bank[1].u_hist/hist_reg_r2_0_63_3_5 RAM64M
u_stripe/g_bank[1].u_hist/hist_reg_r2_0_63_6_8 RAM64M
u_stripe/g_bank[1].u_hist/hist_reg_r2_0_63_9_10 RAM64M
u_stripe/g_bank[1].u_hist/hist_reg_r2_128_191_0_2 RAM64M
u_stripe/g_bank[1].u_hist/hist_reg_r2_128_191_3_5 RAM64M
u_stripe/g_bank[1].u_hist/hist_reg_r2_128_191_6_8 RAM64M
u_stripe/g_bank[1].u_hist/hist_reg_r2_128_191_9_10 RAM64M
u_stripe/g_bank[1].u_hist/hist_reg_r2_192_255_0_2 RAM64M
u_stripe/g_bank[1].u_hist/hist_reg_r2_192_255_3_5 RAM64M
u_stripe/g_bank[1].u_hist/hist_reg_r2_192_255_6_8 RAM64M
u_stripe/g_bank[1].u_hist/hist_reg_r2_192_255_9_10 RAM64M
u_stripe/g_bank[1].u_hist/hist_reg_r2_256_319_0_2 RAM64M
u_stripe/g_bank[1].u_hist/hist_reg_r2_256_319_3_5 RAM64M
u_stripe/g_bank[1].u_hist/hist_reg_r2_256_319_6_8 RAM64M
u_stripe/g_bank[1].u_hist/hist_reg_r2_256_319_9_10 RAM64M
u_stripe/g_bank[1].u_hist/hist_reg_r2_320_383_0_2 RAM64M
u_stripe/g_bank[1].u_hist/hist_reg_r2_320_383_3_5 RAM64M
u_stripe/g_bank[1].u_hist/hist_reg_r2_320_383_6_8 RAM64M
u_stripe/g_bank[1].u_hist/hist_reg_r2_320_383_9_10 RAM64M
u_stripe/g_bank[1].u_hist/hist_reg_r2_384_447_0_2 RAM64M
u_stripe/g_bank[1].u_hist/hist_reg_r2_384_447_3_5 RAM64M
u_stripe/g_bank[1].u_hist/hist_reg_r2_384_447_6_8 RAM64M
u_stripe/g_bank[1].u_hist/hist_reg_r2_384_447_9_10 RAM64M
u_stripe/g_bank[1].u_hist/hist_reg_r2_448_511_0_2 RAM64M
u_stripe/g_bank[1].u_hist/hist_reg_r2_448_511_3_5 RAM64M
u_stripe/g_bank[1].u_hist/hist_reg_r2_448_511_6_8 RAM64M
u_stripe/g_bank[1].u_hist/hist_reg_r2_448_511_9_10 RAM64M
u_stripe/g_bank[1].u_hist/hist_reg_r2_512_575_0_2 RAM64M
u_stripe/g_bank[1].u_hist/hist_reg_r2_512_575_3_5 RAM64M
u_stripe/g_bank[1].u_hist/hist_reg_r2_512_575_6_8 RAM64M
u_stripe/g_bank[1].u_hist/hist_reg_r2_512_575_9_10 RAM64M
u_stripe/g_bank[1].u_hist/hist_reg_r2_576_639_0_2 RAM64M
u_stripe/g_bank[1].u_hist/hist_reg_r2_576_639_3_5 RAM64M
u_stripe/g_bank[1].u_hist/hist_reg_r2_576_639_6_8 RAM64M
u_stripe/g_bank[1].u_hist/hist_reg_r2_576_639_9_10 RAM64M
u_stripe/g_bank[1].u_hist/hist_reg_r2_64_127_0_2 RAM64M
u_stripe/g_bank[1].u_hist/hist_reg_r2_64_127_3_5 RAM64M
u_stripe/g_bank[1].u_hist/hist_reg_r2_64_127_6_8 RAM64M
u_stripe/g_bank[1].u_hist/hist_reg_r2_64_127_9_10 RAM64M
