Copyright 1986-2022 Xilinx, Inc. All Rights Reserved. Copyright 2022-2026 Advanced Micro Devices, Inc. All Rights Reserved.
---------------------------------------------------------------------------------------------------------------------------------------------
| Tool Version : Vivado v.2026.1 (win64) Build 6511674 Tue Jun 16 11:02:23 MDT 2026
| Date         : Mon Oct  5 01:32:58 2026
| Host         : Kiyopon running 64-bit major release  (build 9200)
| Command      : report_timing_summary -delay_type max -report_unconstrained -file reports/phase9/b32_h32_timing_route.rpt
| Design       : canny_block_adaptive_phase9_top
| Device       : 7a100t-csg324
| Speed File   : -1  PRODUCTION 1.23 2018-06-13
| Design State : Routed
---------------------------------------------------------------------------------------------------------------------------------------------

Timing Summary Report

------------------------------------------------------------------------------------------------
| Timer Settings
| --------------
------------------------------------------------------------------------------------------------

  Enable Multi Corner Analysis               :  Yes
  Enable Pessimism Removal                   :  Yes
  Pessimism Removal Resolution               :  Nearest Common Node
  Enable Input Delay Default Clock           :  No
  Enable Preset / Clear Arcs                 :  No
  Disable Flight Delays                      :  No
  Ignore I/O Paths                           :  No
  Timing Early Launch at Borrowing Latches   :  No
  Borrow Time for Max Delay Exceptions       :  Yes
  Merge Timing Exceptions                    :  Yes
  Inter-SLR Compensation                     :  Conservative

  Corner  Analyze    Analyze    
  Name    Max Paths  Min Paths  
  ------  ---------  ---------  
  Slow    Yes        Yes        
  Fast    Yes        Yes        


------------------------------------------------------------------------------------------------
| Report Methodology
| ------------------
------------------------------------------------------------------------------------------------

Rule       Severity  Description                                 Violations  
---------  --------  ------------------------------------------  ----------  
SYNTH-6    Warning   Timing of a RAM block might be sub-optimal  30          
TIMING-18  Warning   Missing input or output delay               39          

Note: This report is based on the most recent report_methodology run and may not be up-to-date. Run report_methodology on the current design for the latest report.



check_timing report

Table of Contents
-----------------
1. checking no_clock (0)
2. checking constant_clock (0)
3. checking pulse_width_clock (0)
4. checking unconstrained_internal_endpoints (0)
5. checking no_input_delay (35)
6. checking no_output_delay (4)
7. checking multiple_clock (0)
8. checking generated_clocks (0)
9. checking loops (0)
10. checking partial_input_delay (0)
11. checking partial_output_delay (0)
12. checking latch_loops (0)

1. checking no_clock (0)
------------------------
 There are 0 register/latch pins with no clock.


2. checking constant_clock (0)
------------------------------
 There are 0 register/latch pins with constant_clock.


3. checking pulse_width_clock (0)
---------------------------------
 There are 0 register/latch pins which need pulse_width check


4. checking unconstrained_internal_endpoints (0)
------------------------------------------------
 There are 0 pins that are not constrained for maximum delay.

 There are 0 pins that are not constrained for maximum delay due to constant clock.


5. checking no_input_delay (35)
-------------------------------
 There are 35 input ports with no input delay specified. (HIGH)

 There are 0 input ports with no input delay but user has a false path constraint.


6. checking no_output_delay (4)
-------------------------------
 There are 4 ports with no output delay specified. (HIGH)

 There are 0 ports with no output delay but user has a false path constraint

 There are 0 ports with no output delay but with a timing clock defined on it or propagating through it


7. checking multiple_clock (0)
------------------------------
 There are 0 register/latch pins with multiple clocks.


8. checking generated_clocks (0)
--------------------------------
 There are 0 generated clocks that are not connected to a clock source.


9. checking loops (0)
---------------------
 There are 0 combinational loops in the design.


10. checking partial_input_delay (0)
------------------------------------
 There are 0 input ports with partial input delay specified.


11. checking partial_output_delay (0)
-------------------------------------
 There are 0 ports with partial output delay specified.


12. checking latch_loops (0)
----------------------------
 There are 0 combinational latch loops in the design through latch input



------------------------------------------------------------------------------------------------
| Design Timing Summary
| ---------------------
------------------------------------------------------------------------------------------------

    WNS(ns)      TNS(ns)  TNS Failing Endpoints  TNS Total Endpoints     WPWS(ns)     TPWS(ns)  TPWS Failing Endpoints  TPWS Total Endpoints  
    -------      -------  ---------------------  -------------------     --------     --------  ----------------------  --------------------  
      0.947        0.000                      0                10931        3.750        0.000                       0                  3762  


All user specified timing constraints are met.


------------------------------------------------------------------------------------------------
| Clock Summary
| -------------
------------------------------------------------------------------------------------------------

Clock  Waveform(ns)       Period(ns)      Frequency(MHz)
-----  ------------       ----------      --------------
clk    {0.000 5.000}      10.000          100.000         


------------------------------------------------------------------------------------------------
| Intra Clock Table
| -----------------
------------------------------------------------------------------------------------------------

Clock             WNS(ns)      TNS(ns)  TNS Failing Endpoints  TNS Total Endpoints     WPWS(ns)     TPWS(ns)  TPWS Failing Endpoints  TPWS Total Endpoints  
-----             -------      -------  ---------------------  -------------------     --------     --------  ----------------------  --------------------  
clk                 0.947        0.000                      0                10931        3.750        0.000                       0                  3762  


------------------------------------------------------------------------------------------------
| Inter Clock Table
| -----------------
------------------------------------------------------------------------------------------------

From Clock    To Clock          WNS(ns)      TNS(ns)  TNS Failing Endpoints  TNS Total Endpoints  
----------    --------          -------      -------  ---------------------  -------------------  


------------------------------------------------------------------------------------------------
| Other Path Groups Table
| -----------------------
------------------------------------------------------------------------------------------------

Path Group    From Clock    To Clock          WNS(ns)      TNS(ns)  TNS Failing Endpoints  TNS Total Endpoints  
----------    ----------    --------          -------      -------  ---------------------  -------------------  


------------------------------------------------------------------------------------------------
| User Ignored Path Table
| -----------------------
------------------------------------------------------------------------------------------------

Path Group    From Clock    To Clock    
----------    ----------    --------    


------------------------------------------------------------------------------------------------
| Unconstrained Path Table
| ------------------------
------------------------------------------------------------------------------------------------

Path Group    From Clock    To Clock    
----------    ----------    --------    
(none)        clk                         
(none)                      clk           


------------------------------------------------------------------------------------------------
| Timing Details
| --------------
------------------------------------------------------------------------------------------------


---------------------------------------------------------------------------------------------------
From Clock:  clk
  To Clock:  clk

Setup :            0  Failing Endpoints,  Worst Slack        0.947ns,  Total Violation        0.000ns
Hold  :           NA  Failing Endpoints,  Worst Slack           NA  ,  Total Violation           NA
PW    :            0  Failing Endpoints,  Worst Slack        3.750ns,  Total Violation        0.000ns
---------------------------------------------------------------------------------------------------


Max Delay Paths
--------------------------------------------------------------------------------------
Slack (MET) :             0.947ns  (required time - arrival time)
  Source:                 u_gradient/u_cordic/g_stage[15].x_reg_reg[1]/C
                            (rising edge-triggered cell FDCE clocked by clk  {rise@0.000ns fall@5.000ns period=10.000ns})
  Destination:            u_gradient/u_cordic/scaled_reg_reg[47]/D
                            (rising edge-triggered cell FDCE clocked by clk  {rise@0.000ns fall@5.000ns period=10.000ns})
  Path Group:             clk
  Path Type:              Setup (Max at Slow Process Corner)
  Requirement:            10.000ns  (clk rise@10.000ns - clk rise@0.000ns)
  Data Path Delay:        9.047ns  (logic 4.699ns (51.939%)  route 4.348ns (48.061%))
  Logic Levels:           17  (CARRY4=13 LUT3=2 LUT4=1 LUT5=1)
  Clock Path Skew:        -0.033ns (DCD - SCD + CPR)
    Destination Clock Delay (DCD):    4.494ns = ( 14.494 - 10.000 ) 
    Source Clock Delay      (SCD):    4.859ns
    Clock Pessimism Removal (CPR):    0.331ns
  Clock Uncertainty:      0.035ns  ((TSJ^2 + TIJ^2)^1/2 + DJ) / 2 + PE
    Total System Jitter     (TSJ):    0.071ns
    Total Input Jitter      (TIJ):    0.000ns
    Discrete Jitter          (DJ):    0.000ns
    Phase Error              (PE):    0.000ns

    Location             Delay type                Incr(ns)  Path(ns)    Netlist Resource(s)
  -------------------------------------------------------------------    -------------------
                         (clock clk rise edge)        0.000     0.000 r  <hidden>
    N15                                               0.000     0.000 r  clk
                         net (fo=0)                   0.000     0.000    clk
    N15                  IBUF (Prop_ibuf_I_O)         0.948     0.948 r  clk_IBUF_inst/O
                         net (fo=1, routed)           2.016     2.963    clk_IBUF
    BUFGCTRL_X0Y0        BUFG (Prop_bufg_I_O)         0.096     3.059 r  clk_IBUF_BUFG_inst/O
                         net (fo=3761, routed)        1.799     4.859    u_gradient/u_cordic/clk_IBUF_BUFG
    SLICE_X35Y19         FDCE                                         r  u_gradient/u_cordic/g_stage[15].x_reg_reg[1]/C
  -------------------------------------------------------------------    -------------------
    SLICE_X35Y19         FDCE (Prop_fdce_C_Q)         0.456     5.315 r  u_gradient/u_cordic/g_stage[15].x_reg_reg[1]/Q
                         net (fo=17, routed)          0.841     6.156    u_gradient/u_cordic/g_stage[15].x_reg[1]
    SLICE_X40Y24         CARRY4 (Prop_carry4_S[0]_CO[3])
                                                      0.656     6.812 r  u_gradient/u_cordic/scaled_reg_reg[29]_i_94/CO[3]
                         net (fo=1, routed)           0.009     6.821    u_gradient/u_cordic/scaled_reg_reg[29]_i_94_n_0
    SLICE_X40Y25         CARRY4 (Prop_carry4_CI_CO[3])
                                                      0.114     6.935 r  u_gradient/u_cordic/scaled_reg_reg[29]_i_169/CO[3]
                         net (fo=1, routed)           0.000     6.935    u_gradient/u_cordic/scaled_reg_reg[29]_i_169_n_0
    SLICE_X40Y26         CARRY4 (Prop_carry4_CI_CO[3])
                                                      0.114     7.049 r  u_gradient/u_cordic/scaled_reg_reg[29]_i_143/CO[3]
                         net (fo=1, routed)           0.000     7.049    u_gradient/u_cordic/scaled_reg_reg[29]_i_143_n_0
    SLICE_X40Y27         CARRY4 (Prop_carry4_CI_CO[3])
                                                      0.114     7.163 r  u_gradient/u_cordic/scaled_reg_reg[29]_i_112/CO[3]
                         net (fo=1, routed)           0.000     7.163    u_gradient/u_cordic/scaled_reg_reg[29]_i_112_n_0
    SLICE_X40Y28         CARRY4 (Prop_carry4_CI_CO[3])
                                                      0.114     7.277 r  u_gradient/u_cordic/scaled_reg_reg[29]_i_84/CO[3]
                         net (fo=1, routed)           0.000     7.277    u_gradient/u_cordic/scaled_reg_reg[29]_i_84_n_0
    SLICE_X40Y29         CARRY4 (Prop_carry4_CI_O[1])
                                                      0.334     7.611 r  u_gradient/u_cordic/scaled_reg_reg[33]_i_31/O[1]
                         net (fo=2, routed)           0.712     8.323    u_gradient/u_cordic/scaled_reg_reg[33]_i_31_n_6
    SLICE_X35Y29         LUT3 (Prop_lut3_I2_O)        0.303     8.626 r  u_gradient/u_cordic/scaled_reg[29]_i_48/O
                         net (fo=2, routed)           0.578     9.204    u_gradient/u_cordic/scaled_reg[29]_i_48_n_0
    SLICE_X36Y29         LUT4 (Prop_lut4_I3_O)        0.124     9.328 r  u_gradient/u_cordic/scaled_reg[29]_i_52/O
                         net (fo=1, routed)           0.000     9.328    u_gradient/u_cordic/scaled_reg[29]_i_52_n_0
    SLICE_X36Y29         CARRY4 (Prop_carry4_S[2]_CO[3])
                                                      0.398     9.726 r  u_gradient/u_cordic/scaled_reg_reg[29]_i_26/CO[3]
                         net (fo=1, routed)           0.000     9.726    u_gradient/u_cordic/scaled_reg_reg[29]_i_26_n_0
    SLICE_X36Y30         CARRY4 (Prop_carry4_CI_CO[3])
                                                      0.114     9.840 r  u_gradient/u_cordic/scaled_reg_reg[33]_i_16/CO[3]
                         net (fo=1, routed)           0.000     9.840    u_gradient/u_cordic/scaled_reg_reg[33]_i_16_n_0
    SLICE_X36Y31         CARRY4 (Prop_carry4_CI_O[0])
                                                      0.222    10.062 r  u_gradient/u_cordic/scaled_reg_reg[37]_i_16/O[0]
                         net (fo=3, routed)           0.773    10.835    u_gradient/u_cordic/scaled_reg_reg[37]_i_16_n_7
    SLICE_X27Y31         LUT3 (Prop_lut3_I1_O)        0.299    11.134 r  u_gradient/u_cordic/scaled_reg[33]_i_15/O
                         net (fo=2, routed)           0.649    11.783    u_gradient/u_cordic/scaled_reg[33]_i_15_n_0
    SLICE_X27Y30         LUT5 (Prop_lut5_I1_O)        0.152    11.935 r  u_gradient/u_cordic/scaled_reg[33]_i_5/O
                         net (fo=2, routed)           0.786    12.721    u_gradient/u_cordic/scaled_reg[33]_i_5_n_0
    SLICE_X29Y31         CARRY4 (Prop_carry4_DI[0]_CO[3])
                                                      0.734    13.455 r  u_gradient/u_cordic/scaled_reg_reg[33]_i_1/CO[3]
                         net (fo=1, routed)           0.000    13.455    u_gradient/u_cordic/scaled_reg_reg[33]_i_1_n_0
    SLICE_X29Y32         CARRY4 (Prop_carry4_CI_CO[3])
                                                      0.114    13.569 r  u_gradient/u_cordic/scaled_reg_reg[37]_i_1/CO[3]
                         net (fo=1, routed)           0.000    13.569    u_gradient/u_cordic/scaled_reg_reg[37]_i_1_n_0
    SLICE_X29Y33         CARRY4 (Prop_carry4_CI_CO[3])
                                                      0.114    13.683 r  u_gradient/u_cordic/scaled_reg_reg[41]_i_1/CO[3]
                         net (fo=1, routed)           0.000    13.683    u_gradient/u_cordic/scaled_reg_reg[41]_i_1_n_0
    SLICE_X29Y34         CARRY4 (Prop_carry4_CI_O[0])
                                                      0.223    13.906 r  u_gradient/u_cordic/scaled_reg_reg[47]_i_1/O[0]
                         net (fo=1, routed)           0.000    13.906    u_gradient/u_cordic/scaled_next[42]
    SLICE_X29Y34         FDCE                                         r  u_gradient/u_cordic/scaled_reg_reg[47]/D
  -------------------------------------------------------------------    -------------------

                         (clock clk rise edge)       10.000    10.000 r  <hidden>
    N15                                               0.000    10.000 r  clk
                         net (fo=0)                   0.000    10.000    clk
    N15                  IBUF (Prop_ibuf_I_O)         0.814    10.814 r  clk_IBUF_inst/O
                         net (fo=1, routed)           1.911    12.725    clk_IBUF
    BUFGCTRL_X0Y0        BUFG (Prop_bufg_I_O)         0.091    12.816 r  clk_IBUF_BUFG_inst/O
                         net (fo=3761, routed)        1.678    14.494    u_gradient/u_cordic/clk_IBUF_BUFG
    SLICE_X29Y34         FDCE                                         r  u_gradient/u_cordic/scaled_reg_reg[47]/C
                         clock pessimism              0.331    14.826    <hidden>
                         clock uncertainty           -0.035    14.790    <hidden>
    SLICE_X29Y34         FDCE (Setup_fdce_C_D)        0.062    14.852    u_gradient/u_cordic/scaled_reg_reg[47]
  -------------------------------------------------------------------
                         required time                         14.852    <hidden>
                         arrival time                         -13.906    <hidden>
  -------------------------------------------------------------------
                         slack                                  0.947    <hidden>





Pulse Width Checks
--------------------------------------------------------------------------------------
Clock Name:         clk
Waveform(ns):       { 0.000 5.000 }
Period(ns):         10.000
Sources:            { clk }

Check Type        Corner  Lib Pin             Reference Pin  Required(ns)  Actual(ns)  Slack(ns)  Location      Pin
Min Period        n/a     RAMB18E1/CLKARDCLK  n/a            2.944         10.000      7.056      RAMB18_X0Y1   u_gaussian/u_matrix_generate_3x3_phase5b/u_one_column_ram/u_fifo_ram0/fifo_buffer_reg/CLKARDCLK
Low Pulse Width   Slow    RAMD64E/CLK         n/a            1.250         5.000       3.750      SLICE_X46Y38  u_stripe/g_bank[0].u_hist/hist_reg_r1_0_63_0_2/RAMA/CLK
High Pulse Width  Slow    RAMD64E/CLK         n/a            1.250         5.000       3.750      SLICE_X46Y38  u_stripe/g_bank[0].u_hist/hist_reg_r1_0_63_0_2/RAMA/CLK



--------------------------------------------------------------------------------------
Path Group:  (none)
From Clock:  clk
  To Clock:  

Max Delay             4 Endpoints
Min Delay             0 Endpoints
--------------------------------------------------------------------------------------


Max Delay Paths
--------------------------------------------------------------------------------------
Slack:                    inf
  Source:                 u_local_3x3/canny_out_reg/C
                            (rising edge-triggered cell FDCE clocked by clk  {rise@0.000ns fall@5.000ns period=10.000ns})
  Destination:            post_img_bit
                            (output port)
  Path Group:             (none)
  Path Type:              Max at Slow Process Corner
  Data Path Delay:        7.769ns  (logic 3.112ns (40.052%)  route 4.657ns (59.948%))
  Logic Levels:           1  (OBUF=1)
  Clock Uncertainty:      0.025ns  ((TSJ^2 + TIJ^2)^1/2 + DJ) / 2 + PE
    Total System Jitter     (TSJ):    0.050ns
    Total Input Jitter      (TIJ):    0.000ns
    Discrete Jitter          (DJ):    0.000ns
    Phase Error              (PE):    0.000ns

    Location             Delay type                Incr(ns)  Path(ns)    Netlist Resource(s)
  -------------------------------------------------------------------    -------------------
                         (clock clk rise edge)        0.000     0.000 r  <hidden>
    N15                                               0.000     0.000 r  clk
                         net (fo=0)                   0.000     0.000    clk
    N15                  IBUF (Prop_ibuf_I_O)         0.948     0.948 r  clk_IBUF_inst/O
                         net (fo=1, routed)           2.016     2.963    clk_IBUF
    BUFGCTRL_X0Y0        BUFG (Prop_bufg_I_O)         0.096     3.059 r  clk_IBUF_BUFG_inst/O
                         net (fo=3761, routed)        1.779     4.839    u_local_3x3/clk_IBUF_BUFG
    SLICE_X55Y27         FDCE                                         r  u_local_3x3/canny_out_reg/C
  -------------------------------------------------------------------    -------------------
    SLICE_X55Y27         FDCE (Prop_fdce_C_Q)         0.456     5.295 r  u_local_3x3/canny_out_reg/Q
                         net (fo=1, routed)           4.657     9.952    post_img_bit_OBUF
    R13                  OBUF (Prop_obuf_I_O)         2.656    12.608 r  post_img_bit_OBUF_inst/O
                         net (fo=0)                   0.000    12.608    post_img_bit
    R13                                                               r  post_img_bit
  -------------------------------------------------------------------    -------------------





--------------------------------------------------------------------------------------
Path Group:  (none)
From Clock:  
  To Clock:  clk

Max Delay          2426 Endpoints
Min Delay             0 Endpoints
--------------------------------------------------------------------------------------


Max Delay Paths
--------------------------------------------------------------------------------------
Slack:                    inf
  Source:                 rst_n
                            (input port)
  Destination:            u_stripe/block_high_reg[1][14][10]/CLR
                            (recovery check against rising-edge clock clk  {rise@0.000ns fall@5.000ns period=10.000ns})
  Path Group:             (none)
  Path Type:              Recovery (Max at Slow Process Corner)
  Data Path Delay:        13.805ns  (logic 1.106ns (8.014%)  route 12.699ns (91.986%))
  Logic Levels:           2  (IBUF=1 LUT1=1)
  Clock Path Skew:        4.319ns (DCD - SCD + CPR)
    Destination Clock Delay (DCD):    4.319ns
    Source Clock Delay      (SCD):    0.000ns
    Clock Pessimism Removal (CPR):    0.000ns
  Clock Uncertainty:      0.025ns  ((TSJ^2 + TIJ^2)^1/2 + DJ) / 2 + PE
    Total System Jitter     (TSJ):    0.050ns
    Total Input Jitter      (TIJ):    0.000ns
    Discrete Jitter          (DJ):    0.000ns
    Phase Error              (PE):    0.000ns

    Location             Delay type                Incr(ns)  Path(ns)    Netlist Resource(s)
  -------------------------------------------------------------------    -------------------
    T18                                               0.000     0.000 r  rst_n
                         net (fo=0)                   0.000     0.000    rst_n
    T18                  IBUF (Prop_ibuf_I_O)         0.982     0.982 r  rst_n_IBUF_inst/O
                         net (fo=1, routed)           2.108     3.090    u_gradient/u_cordic/rst_n_IBUF
    SLICE_X0Y58          LUT1 (Prop_lut1_I0_O)        0.124     3.214 f  u_gradient/u_cordic/per_frame_href_r[1]_i_1/O
                         net (fo=2344, routed)       10.591    13.805    u_stripe/scan_count_pipe_reg[10]_0
    SLICE_X54Y52         FDCE                                         f  u_stripe/block_high_reg[1][14][10]/CLR
  -------------------------------------------------------------------    -------------------

                         (clock clk rise edge)        0.000     0.000 r  <hidden>
    N15                                               0.000     0.000 r  clk
                         net (fo=0)                   0.000     0.000    clk
    N15                  IBUF (Prop_ibuf_I_O)         0.814     0.814 r  clk_IBUF_inst/O
                         net (fo=1, routed)           1.911     2.725    clk_IBUF
    BUFGCTRL_X0Y0        BUFG (Prop_bufg_I_O)         0.091     2.816 r  clk_IBUF_BUFG_inst/O
                         net (fo=3761, routed)        1.502     4.319    u_stripe/clk_IBUF_BUFG
    SLICE_X54Y52         FDCE                                         r  u_stripe/block_high_reg[1][14][10]/C





