Copyright 1986-2022 Xilinx, Inc. All Rights Reserved. Copyright 2022-2026 Advanced Micro Devices, Inc. All Rights Reserved.
---------------------------------------------------------------------------------------------------------------------------------------------
| Tool Version : Vivado v.2026.1 (win64) Build 6511674 Tue Jun 16 11:02:23 MDT 2026
| Date         : Mon Oct  5 01:25:38 2026
| Host         : Kiyopon running 64-bit major release  (build 9200)
| Command      : report_timing_summary -delay_type max -report_unconstrained -file reports/phase9/b32_h8_timing_route.rpt
| Design       : canny_block_adaptive_phase9_top
| Device       : 7a100t-csg324
| Speed File   : -1  PRODUCTION 1.23 2018-06-13
| Design State : Routed
---------------------------------------------------------------------------------------------------------------------------------------------

Timing Summary Report

------------------------------------------------------------------------------------------------
| Timer Settings
| --------------
------------------------------------------------------------------------------------------------

  Enable Multi Corner Analysis               :  Yes
  Enable Pessimism Removal                   :  Yes
  Pessimism Removal Resolution               :  Nearest Common Node
  Enable Input Delay Default Clock           :  No
  Enable Preset / Clear Arcs                 :  No
  Disable Flight Delays                      :  No
  Ignore I/O Paths                           :  No
  Timing Early Launch at Borrowing Latches   :  No
  Borrow Time for Max Delay Exceptions       :  Yes
  Merge Timing Exceptions                    :  Yes
  Inter-SLR Compensation                     :  Conservative

  Corner  Analyze    Analyze    
  Name    Max Paths  Min Paths  
  ------  ---------  ---------  
  Slow    Yes        Yes        
  Fast    Yes        Yes        


------------------------------------------------------------------------------------------------
| Report Methodology
| ------------------
------------------------------------------------------------------------------------------------

Rule       Severity  Description                                 Violations  
---------  --------  ------------------------------------------  ----------  
SYNTH-6    Warning   Timing of a RAM block might be sub-optimal  30          
TIMING-18  Warning   Missing input or output delay               39          

Note: This report is based on the most recent report_methodology run and may not be up-to-date. Run report_methodology on the current design for the latest report.



check_timing report

Table of Contents
-----------------
1. checking no_clock (0)
2. checking constant_clock (0)
3. checking pulse_width_clock (0)
4. checking unconstrained_internal_endpoints (0)
5. checking no_input_delay (35)
6. checking no_output_delay (4)
7. checking multiple_clock (0)
8. checking generated_clocks (0)
9. checking loops (0)
10. checking partial_input_delay (0)
11. checking partial_output_delay (0)
12. checking latch_loops (0)

1. checking no_clock (0)
------------------------
 There are 0 register/latch pins with no clock.


2. checking constant_clock (0)
------------------------------
 There are 0 register/latch pins with constant_clock.


3. checking pulse_width_clock (0)
---------------------------------
 There are 0 register/latch pins which need pulse_width check


4. checking unconstrained_internal_endpoints (0)
------------------------------------------------
 There are 0 pins that are not constrained for maximum delay.

 There are 0 pins that are not constrained for maximum delay due to constant clock.


5. checking no_input_delay (35)
-------------------------------
 There are 35 input ports with no input delay specified. (HIGH)

 There are 0 input ports with no input delay but user has a false path constraint.


6. checking no_output_delay (4)
-------------------------------
 There are 4 ports with no output delay specified. (HIGH)

 There are 0 ports with no output delay but user has a false path constraint

 There are 0 ports with no output delay but with a timing clock defined on it or propagating through it


7. checking multiple_clock (0)
------------------------------
 There are 0 register/latch pins with multiple clocks.


8. checking generated_clocks (0)
--------------------------------
 There are 0 generated clocks that are not connected to a clock source.


9. checking loops (0)
---------------------
 There are 0 combinational loops in the design.


10. checking partial_input_delay (0)
------------------------------------
 There are 0 input ports with partial input delay specified.


11. checking partial_output_delay (0)
-------------------------------------
 There are 0 ports with partial output delay specified.


12. checking latch_loops (0)
----------------------------
 There are 0 combinational latch loops in the design through latch input



------------------------------------------------------------------------------------------------
| Design Timing Summary
| ---------------------
------------------------------------------------------------------------------------------------

    WNS(ns)      TNS(ns)  TNS Failing Endpoints  TNS Total Endpoints     WPWS(ns)     TPWS(ns)  TPWS Failing Endpoints  TPWS Total Endpoints  
    -------      -------  ---------------------  -------------------     --------     --------  ----------------------  --------------------  
      0.980        0.000                      0                 7148        3.750        0.000                       0                  3139  


All user specified timing constraints are met.


------------------------------------------------------------------------------------------------
| Clock Summary
| -------------
------------------------------------------------------------------------------------------------

Clock  Waveform(ns)       Period(ns)      Frequency(MHz)
-----  ------------       ----------      --------------
clk    {0.000 5.000}      10.000          100.000         


------------------------------------------------------------------------------------------------
| Intra Clock Table
| -----------------
------------------------------------------------------------------------------------------------

Clock             WNS(ns)      TNS(ns)  TNS Failing Endpoints  TNS Total Endpoints     WPWS(ns)     TPWS(ns)  TPWS Failing Endpoints  TPWS Total Endpoints  
-----             -------      -------  ---------------------  -------------------     --------     --------  ----------------------  --------------------  
clk                 0.980        0.000                      0                 7148        3.750        0.000                       0                  3139  


------------------------------------------------------------------------------------------------
| Inter Clock Table
| -----------------
------------------------------------------------------------------------------------------------

From Clock    To Clock          WNS(ns)      TNS(ns)  TNS Failing Endpoints  TNS Total Endpoints  
----------    --------          -------      -------  ---------------------  -------------------  


------------------------------------------------------------------------------------------------
| Other Path Groups Table
| -----------------------
------------------------------------------------------------------------------------------------

Path Group    From Clock    To Clock          WNS(ns)      TNS(ns)  TNS Failing Endpoints  TNS Total Endpoints  
----------    ----------    --------          -------      -------  ---------------------  -------------------  


------------------------------------------------------------------------------------------------
| User Ignored Path Table
| -----------------------
------------------------------------------------------------------------------------------------

Path Group    From Clock    To Clock    
----------    ----------    --------    


------------------------------------------------------------------------------------------------
| Unconstrained Path Table
| ------------------------
------------------------------------------------------------------------------------------------

Path Group    From Clock    To Clock    
----------    ----------    --------    
(none)        clk                         
(none)                      clk           


------------------------------------------------------------------------------------------------
| Timing Details
| --------------
------------------------------------------------------------------------------------------------


---------------------------------------------------------------------------------------------------
From Clock:  clk
  To Clock:  clk

Setup :            0  Failing Endpoints,  Worst Slack        0.980ns,  Total Violation        0.000ns
Hold  :           NA  Failing Endpoints,  Worst Slack           NA  ,  Total Violation           NA
PW    :            0  Failing Endpoints,  Worst Slack        3.750ns,  Total Violation        0.000ns
---------------------------------------------------------------------------------------------------


Max Delay Paths
--------------------------------------------------------------------------------------
Slack (MET) :             0.980ns  (required time - arrival time)
  Source:                 u_gradient/u_cordic/g_stage[15].x_reg_reg[2]/C
                            (rising edge-triggered cell FDCE clocked by clk  {rise@0.000ns fall@5.000ns period=10.000ns})
  Destination:            u_gradient/u_cordic/scaled_reg_reg[47]/D
                            (rising edge-triggered cell FDCE clocked by clk  {rise@0.000ns fall@5.000ns period=10.000ns})
  Path Group:             clk
  Path Type:              Setup (Max at Slow Process Corner)
  Requirement:            10.000ns  (clk rise@10.000ns - clk rise@0.000ns)
  Data Path Delay:        9.011ns  (logic 4.737ns (52.568%)  route 4.274ns (47.432%))
  Logic Levels:           19  (CARRY4=13 LUT2=1 LUT3=2 LUT4=1 LUT5=1 LUT6=1)
  Clock Path Skew:        -0.035ns (DCD - SCD + CPR)
    Destination Clock Delay (DCD):    4.502ns = ( 14.502 - 10.000 ) 
    Source Clock Delay      (SCD):    4.869ns
    Clock Pessimism Removal (CPR):    0.331ns
  Clock Uncertainty:      0.035ns  ((TSJ^2 + TIJ^2)^1/2 + DJ) / 2 + PE
    Total System Jitter     (TSJ):    0.071ns
    Total Input Jitter      (TIJ):    0.000ns
    Discrete Jitter          (DJ):    0.000ns
    Phase Error              (PE):    0.000ns

    Location             Delay type                Incr(ns)  Path(ns)    Netlist Resource(s)
  -------------------------------------------------------------------    -------------------
                         (clock clk rise edge)        0.000     0.000 r  <hidden>
    N15                                               0.000     0.000 r  clk
                         net (fo=0)                   0.000     0.000    clk
    N15                  IBUF (Prop_ibuf_I_O)         0.948     0.948 r  clk_IBUF_inst/O
                         net (fo=1, routed)           2.016     2.963    clk_IBUF
    BUFGCTRL_X0Y0        BUFG (Prop_bufg_I_O)         0.096     3.059 r  clk_IBUF_BUFG_inst/O
                         net (fo=3138, routed)        1.809     4.869    u_gradient/u_cordic/clk_IBUF_BUFG
    SLICE_X22Y34         FDCE                                         r  u_gradient/u_cordic/g_stage[15].x_reg_reg[2]/C
  -------------------------------------------------------------------    -------------------
    SLICE_X22Y34         FDCE (Prop_fdce_C_Q)         0.456     5.325 r  u_gradient/u_cordic/g_stage[15].x_reg_reg[2]/Q
                         net (fo=19, routed)          0.953     6.277    u_gradient/u_cordic/g_stage[15].x_reg[2]
    SLICE_X14Y34         LUT2 (Prop_lut2_I0_O)        0.124     6.401 r  u_gradient/u_cordic/scaled_reg[29]_i_128/O
                         net (fo=1, routed)           0.000     6.401    u_gradient/u_cordic/scaled_reg[29]_i_128_n_0
    SLICE_X14Y34         CARRY4 (Prop_carry4_S[1]_CO[3])
                                                      0.533     6.934 r  u_gradient/u_cordic/scaled_reg_reg[29]_i_94/CO[3]
                         net (fo=1, routed)           0.000     6.934    u_gradient/u_cordic/scaled_reg_reg[29]_i_94_n_0
    SLICE_X14Y35         CARRY4 (Prop_carry4_CI_CO[3])
                                                      0.117     7.051 r  u_gradient/u_cordic/scaled_reg_reg[29]_i_169/CO[3]
                         net (fo=1, routed)           0.000     7.051    u_gradient/u_cordic/scaled_reg_reg[29]_i_169_n_0
    SLICE_X14Y36         CARRY4 (Prop_carry4_CI_CO[3])
                                                      0.117     7.168 r  u_gradient/u_cordic/scaled_reg_reg[29]_i_143/CO[3]
                         net (fo=1, routed)           0.000     7.168    u_gradient/u_cordic/scaled_reg_reg[29]_i_143_n_0
    SLICE_X14Y37         CARRY4 (Prop_carry4_CI_CO[3])
                                                      0.117     7.285 r  u_gradient/u_cordic/scaled_reg_reg[29]_i_112/CO[3]
                         net (fo=1, routed)           0.000     7.285    u_gradient/u_cordic/scaled_reg_reg[29]_i_112_n_0
    SLICE_X14Y38         CARRY4 (Prop_carry4_CI_O[2])
                                                      0.239     7.524 r  u_gradient/u_cordic/scaled_reg_reg[29]_i_84/O[2]
                         net (fo=2, routed)           0.586     8.111    u_gradient/u_cordic/scaled_reg_reg[29]_i_84_n_5
    SLICE_X13Y38         LUT3 (Prop_lut3_I2_O)        0.301     8.412 r  u_gradient/u_cordic/scaled_reg[29]_i_74/O
                         net (fo=2, routed)           0.612     9.024    u_gradient/u_cordic/scaled_reg[29]_i_74_n_0
    SLICE_X16Y38         LUT4 (Prop_lut4_I3_O)        0.124     9.148 r  u_gradient/u_cordic/scaled_reg[29]_i_78/O
                         net (fo=1, routed)           0.000     9.148    u_gradient/u_cordic/scaled_reg[29]_i_78_n_0
    SLICE_X16Y38         CARRY4 (Prop_carry4_S[3]_CO[3])
                                                      0.401     9.549 r  u_gradient/u_cordic/scaled_reg_reg[29]_i_41/CO[3]
                         net (fo=1, routed)           0.000     9.549    u_gradient/u_cordic/scaled_reg_reg[29]_i_41_n_0
    SLICE_X16Y39         CARRY4 (Prop_carry4_CI_CO[3])
                                                      0.114     9.663 r  u_gradient/u_cordic/scaled_reg_reg[29]_i_26/CO[3]
                         net (fo=1, routed)           0.000     9.663    u_gradient/u_cordic/scaled_reg_reg[29]_i_26_n_0
    SLICE_X16Y40         CARRY4 (Prop_carry4_CI_CO[3])
                                                      0.114     9.777 r  u_gradient/u_cordic/scaled_reg_reg[33]_i_16/CO[3]
                         net (fo=1, routed)           0.000     9.777    u_gradient/u_cordic/scaled_reg_reg[33]_i_16_n_0
    SLICE_X16Y41         CARRY4 (Prop_carry4_CI_CO[3])
                                                      0.114     9.891 r  u_gradient/u_cordic/scaled_reg_reg[37]_i_16/CO[3]
                         net (fo=1, routed)           0.000     9.891    u_gradient/u_cordic/scaled_reg_reg[37]_i_16_n_0
    SLICE_X16Y42         CARRY4 (Prop_carry4_CI_O[0])
                                                      0.222    10.113 r  u_gradient/u_cordic/scaled_reg_reg[41]_i_13/O[0]
                         net (fo=3, routed)           0.774    10.886    u_gradient/u_cordic/scaled_reg_reg[41]_i_13_n_7
    SLICE_X20Y43         LUT3 (Prop_lut3_I1_O)        0.299    11.185 r  u_gradient/u_cordic/scaled_reg[37]_i_15/O
                         net (fo=2, routed)           0.738    11.923    u_gradient/u_cordic/scaled_reg[37]_i_15_n_0
    SLICE_X21Y42         LUT5 (Prop_lut5_I1_O)        0.150    12.073 r  u_gradient/u_cordic/scaled_reg[37]_i_5/O
                         net (fo=2, routed)           0.612    12.685    u_gradient/u_cordic/scaled_reg[37]_i_5_n_0
    SLICE_X19Y42         LUT6 (Prop_lut6_I0_O)        0.326    13.011 r  u_gradient/u_cordic/scaled_reg[37]_i_9/O
                         net (fo=1, routed)           0.000    13.011    u_gradient/u_cordic/scaled_reg[37]_i_9_n_0
    SLICE_X19Y42         CARRY4 (Prop_carry4_S[0]_CO[3])
                                                      0.532    13.543 r  u_gradient/u_cordic/scaled_reg_reg[37]_i_1/CO[3]
                         net (fo=1, routed)           0.000    13.543    u_gradient/u_cordic/scaled_reg_reg[37]_i_1_n_0
    SLICE_X19Y43         CARRY4 (Prop_carry4_CI_CO[3])
                                                      0.114    13.657 r  u_gradient/u_cordic/scaled_reg_reg[41]_i_1/CO[3]
                         net (fo=1, routed)           0.000    13.657    u_gradient/u_cordic/scaled_reg_reg[41]_i_1_n_0
    SLICE_X19Y44         CARRY4 (Prop_carry4_CI_O[0])
                                                      0.223    13.880 r  u_gradient/u_cordic/scaled_reg_reg[47]_i_1/O[0]
                         net (fo=1, routed)           0.000    13.880    u_gradient/u_cordic/scaled_next[42]
    SLICE_X19Y44         FDCE                                         r  u_gradient/u_cordic/scaled_reg_reg[47]/D
  -------------------------------------------------------------------    -------------------

                         (clock clk rise edge)       10.000    10.000 r  <hidden>
    N15                                               0.000    10.000 r  clk
                         net (fo=0)                   0.000    10.000    clk
    N15                  IBUF (Prop_ibuf_I_O)         0.814    10.814 r  clk_IBUF_inst/O
                         net (fo=1, routed)           1.911    12.725    clk_IBUF
    BUFGCTRL_X0Y0        BUFG (Prop_bufg_I_O)         0.091    12.816 r  clk_IBUF_BUFG_inst/O
                         net (fo=3138, routed)        1.686    14.502    u_gradient/u_cordic/clk_IBUF_BUFG
    SLICE_X19Y44         FDCE                                         r  u_gradient/u_cordic/scaled_reg_reg[47]/C
                         clock pessimism              0.331    14.834    <hidden>
                         clock uncertainty           -0.035    14.798    <hidden>
    SLICE_X19Y44         FDCE (Setup_fdce_C_D)        0.062    14.860    u_gradient/u_cordic/scaled_reg_reg[47]
  -------------------------------------------------------------------
                         required time                         14.860    <hidden>
                         arrival time                         -13.880    <hidden>
  -------------------------------------------------------------------
                         slack                                  0.980    <hidden>





Pulse Width Checks
--------------------------------------------------------------------------------------
Clock Name:         clk
Waveform(ns):       { 0.000 5.000 }
Period(ns):         10.000
Sources:            { clk }

Check Type        Corner  Lib Pin             Reference Pin  Required(ns)  Actual(ns)  Slack(ns)  Location      Pin
Min Period        n/a     RAMB18E1/CLKARDCLK  n/a            2.944         10.000      7.056      RAMB18_X0Y7   u_gaussian/u_matrix_generate_3x3_phase5b/u_one_column_ram/u_fifo_ram0/fifo_buffer_reg/CLKARDCLK
Low Pulse Width   Slow    RAMD64E/CLK         n/a            1.250         5.000       3.750      SLICE_X46Y43  u_stripe/g_bank[0].u_hist/hist_reg_r1_0_63_0_2/RAMA/CLK
High Pulse Width  Slow    RAMD64E/CLK         n/a            1.250         5.000       3.750      SLICE_X46Y43  u_stripe/g_bank[0].u_hist/hist_reg_r1_0_63_0_2/RAMA/CLK



--------------------------------------------------------------------------------------
Path Group:  (none)
From Clock:  clk
  To Clock:  

Max Delay             4 Endpoints
Min Delay             0 Endpoints
--------------------------------------------------------------------------------------


Max Delay Paths
--------------------------------------------------------------------------------------
Slack:                    inf
  Source:                 u_local_3x3/canny_out_reg/C
                            (rising edge-triggered cell FDCE clocked by clk  {rise@0.000ns fall@5.000ns period=10.000ns})
  Destination:            post_img_bit
                            (output port)
  Path Group:             (none)
  Path Type:              Max at Slow Process Corner
  Data Path Delay:        8.082ns  (logic 3.174ns (39.271%)  route 4.908ns (60.729%))
  Logic Levels:           1  (OBUF=1)
  Clock Uncertainty:      0.025ns  ((TSJ^2 + TIJ^2)^1/2 + DJ) / 2 + PE
    Total System Jitter     (TSJ):    0.050ns
    Total Input Jitter      (TIJ):    0.000ns
    Discrete Jitter          (DJ):    0.000ns
    Phase Error              (PE):    0.000ns

    Location             Delay type                Incr(ns)  Path(ns)    Netlist Resource(s)
  -------------------------------------------------------------------    -------------------
                         (clock clk rise edge)        0.000     0.000 r  <hidden>
    N15                                               0.000     0.000 r  clk
                         net (fo=0)                   0.000     0.000    clk
    N15                  IBUF (Prop_ibuf_I_O)         0.948     0.948 r  clk_IBUF_inst/O
                         net (fo=1, routed)           2.016     2.963    clk_IBUF
    BUFGCTRL_X0Y0        BUFG (Prop_bufg_I_O)         0.096     3.059 r  clk_IBUF_BUFG_inst/O
                         net (fo=3138, routed)        1.792     4.852    u_local_3x3/clk_IBUF_BUFG
    SLICE_X62Y31         FDCE                                         r  u_local_3x3/canny_out_reg/C
  -------------------------------------------------------------------    -------------------
    SLICE_X62Y31         FDCE (Prop_fdce_C_Q)         0.518     5.370 r  u_local_3x3/canny_out_reg/Q
                         net (fo=1, routed)           4.908    10.277    post_img_bit_OBUF
    R13                  OBUF (Prop_obuf_I_O)         2.656    12.933 r  post_img_bit_OBUF_inst/O
                         net (fo=0)                   0.000    12.933    post_img_bit
    R13                                                               r  post_img_bit
  -------------------------------------------------------------------    -------------------





--------------------------------------------------------------------------------------
Path Group:  (none)
From Clock:  
  To Clock:  clk

Max Delay          2251 Endpoints
Min Delay             0 Endpoints
--------------------------------------------------------------------------------------


Max Delay Paths
--------------------------------------------------------------------------------------
Slack:                    inf
  Source:                 rst_n
                            (input port)
  Destination:            u_local_3x3/doubleThreshold_vsync_d1_reg/CLR
                            (recovery check against rising-edge clock clk  {rise@0.000ns fall@5.000ns period=10.000ns})
  Path Group:             (none)
  Path Type:              Recovery (Max at Slow Process Corner)
  Data Path Delay:        12.712ns  (logic 1.106ns (8.704%)  route 11.605ns (91.296%))
  Logic Levels:           2  (IBUF=1 LUT1=1)
  Clock Path Skew:        4.481ns (DCD - SCD + CPR)
    Destination Clock Delay (DCD):    4.481ns
    Source Clock Delay      (SCD):    0.000ns
    Clock Pessimism Removal (CPR):    0.000ns
  Clock Uncertainty:      0.025ns  ((TSJ^2 + TIJ^2)^1/2 + DJ) / 2 + PE
    Total System Jitter     (TSJ):    0.050ns
    Total Input Jitter      (TIJ):    0.000ns
    Discrete Jitter          (DJ):    0.000ns
    Phase Error              (PE):    0.000ns

    Location             Delay type                Incr(ns)  Path(ns)    Netlist Resource(s)
  -------------------------------------------------------------------    -------------------
    T18                                               0.000     0.000 r  rst_n
                         net (fo=0)                   0.000     0.000    rst_n
    T18                  IBUF (Prop_ibuf_I_O)         0.982     0.982 r  rst_n_IBUF_inst/O
                         net (fo=1, routed)           2.273     3.255    u_gradient/u_cordic/rst_n_IBUF
    SLICE_X4Y55          LUT1 (Prop_lut1_I0_O)        0.124     3.379 f  u_gradient/u_cordic/per_frame_href_r[1]_i_1/O
                         net (fo=2169, routed)        9.333    12.712    u_local_3x3/matrix_p31_reg[1]
    SLICE_X63Y32         FDCE                                         f  u_local_3x3/doubleThreshold_vsync_d1_reg/CLR
  -------------------------------------------------------------------    -------------------

                         (clock clk rise edge)        0.000     0.000 r  <hidden>
    N15                                               0.000     0.000 r  clk
                         net (fo=0)                   0.000     0.000    clk
    N15                  IBUF (Prop_ibuf_I_O)         0.814     0.814 r  clk_IBUF_inst/O
                         net (fo=1, routed)           1.911     2.725    clk_IBUF
    BUFGCTRL_X0Y0        BUFG (Prop_bufg_I_O)         0.091     2.816 r  clk_IBUF_BUFG_inst/O
                         net (fo=3138, routed)        1.665     4.481    u_local_3x3/clk_IBUF_BUFG
    SLICE_X63Y32         FDCE                                         r  u_local_3x3/doubleThreshold_vsync_d1_reg/C





