Copyright 1986-2022 Xilinx, Inc. All Rights Reserved. Copyright 2022-2026 Advanced Micro Devices, Inc. All Rights Reserved.
---------------------------------------------------------------------------------------------------------------------------------------------
| Tool Version : Vivado v.2026.1 (win64) Build 6511674 Tue Jun 16 11:02:23 MDT 2026
| Date         : Mon Oct  5 01:38:45 2026
| Host         : Kiyopon running 64-bit major release  (build 9200)
| Command      : report_timing_summary -delay_type max -report_unconstrained -file reports/phase9/b64_h8_timing_route.rpt
| Design       : canny_block_adaptive_phase9_top
| Device       : 7a100t-csg324
| Speed File   : -1  PRODUCTION 1.23 2018-06-13
| Design State : Routed
---------------------------------------------------------------------------------------------------------------------------------------------

Timing Summary Report

------------------------------------------------------------------------------------------------
| Timer Settings
| --------------
------------------------------------------------------------------------------------------------

  Enable Multi Corner Analysis               :  Yes
  Enable Pessimism Removal                   :  Yes
  Pessimism Removal Resolution               :  Nearest Common Node
  Enable Input Delay Default Clock           :  No
  Enable Preset / Clear Arcs                 :  No
  Disable Flight Delays                      :  No
  Ignore I/O Paths                           :  No
  Timing Early Launch at Borrowing Latches   :  No
  Borrow Time for Max Delay Exceptions       :  Yes
  Merge Timing Exceptions                    :  Yes
  Inter-SLR Compensation                     :  Conservative

  Corner  Analyze    Analyze    
  Name    Max Paths  Min Paths  
  ------  ---------  ---------  
  Slow    Yes        Yes        
  Fast    Yes        Yes        


------------------------------------------------------------------------------------------------
| Report Methodology
| ------------------
------------------------------------------------------------------------------------------------

Rule       Severity  Description                                 Violations  
---------  --------  ------------------------------------------  ----------  
SYNTH-6    Warning   Timing of a RAM block might be sub-optimal  41          
TIMING-18  Warning   Missing input or output delay               39          

Note: This report is based on the most recent report_methodology run and may not be up-to-date. Run report_methodology on the current design for the latest report.



check_timing report

Table of Contents
-----------------
1. checking no_clock (0)
2. checking constant_clock (0)
3. checking pulse_width_clock (0)
4. checking unconstrained_internal_endpoints (0)
5. checking no_input_delay (35)
6. checking no_output_delay (4)
7. checking multiple_clock (0)
8. checking generated_clocks (0)
9. checking loops (0)
10. checking partial_input_delay (0)
11. checking partial_output_delay (0)
12. checking latch_loops (0)

1. checking no_clock (0)
------------------------
 There are 0 register/latch pins with no clock.


2. checking constant_clock (0)
------------------------------
 There are 0 register/latch pins with constant_clock.


3. checking pulse_width_clock (0)
---------------------------------
 There are 0 register/latch pins which need pulse_width check


4. checking unconstrained_internal_endpoints (0)
------------------------------------------------
 There are 0 pins that are not constrained for maximum delay.

 There are 0 pins that are not constrained for maximum delay due to constant clock.


5. checking no_input_delay (35)
-------------------------------
 There are 35 input ports with no input delay specified. (HIGH)

 There are 0 input ports with no input delay but user has a false path constraint.


6. checking no_output_delay (4)
-------------------------------
 There are 4 ports with no output delay specified. (HIGH)

 There are 0 ports with no output delay but user has a false path constraint

 There are 0 ports with no output delay but with a timing clock defined on it or propagating through it


7. checking multiple_clock (0)
------------------------------
 There are 0 register/latch pins with multiple clocks.


8. checking generated_clocks (0)
--------------------------------
 There are 0 generated clocks that are not connected to a clock source.


9. checking loops (0)
---------------------
 There are 0 combinational loops in the design.


10. checking partial_input_delay (0)
------------------------------------
 There are 0 input ports with partial input delay specified.


11. checking partial_output_delay (0)
-------------------------------------
 There are 0 ports with partial output delay specified.


12. checking latch_loops (0)
----------------------------
 There are 0 combinational latch loops in the design through latch input



------------------------------------------------------------------------------------------------
| Design Timing Summary
| ---------------------
------------------------------------------------------------------------------------------------

    WNS(ns)      TNS(ns)  TNS Failing Endpoints  TNS Total Endpoints     WPWS(ns)     TPWS(ns)  TPWS Failing Endpoints  TPWS Total Endpoints  
    -------      -------  ---------------------  -------------------     --------     --------  ----------------------  --------------------  
      0.311        0.000                      0                 8735        3.750        0.000                       0                  3158  


All user specified timing constraints are met.


------------------------------------------------------------------------------------------------
| Clock Summary
| -------------
------------------------------------------------------------------------------------------------

Clock  Waveform(ns)       Period(ns)      Frequency(MHz)
-----  ------------       ----------      --------------
clk    {0.000 5.000}      10.000          100.000         


------------------------------------------------------------------------------------------------
| Intra Clock Table
| -----------------
------------------------------------------------------------------------------------------------

Clock             WNS(ns)      TNS(ns)  TNS Failing Endpoints  TNS Total Endpoints     WPWS(ns)     TPWS(ns)  TPWS Failing Endpoints  TPWS Total Endpoints  
-----             -------      -------  ---------------------  -------------------     --------     --------  ----------------------  --------------------  
clk                 0.311        0.000                      0                 8735        3.750        0.000                       0                  3158  


------------------------------------------------------------------------------------------------
| Inter Clock Table
| -----------------
------------------------------------------------------------------------------------------------

From Clock    To Clock          WNS(ns)      TNS(ns)  TNS Failing Endpoints  TNS Total Endpoints  
----------    --------          -------      -------  ---------------------  -------------------  


------------------------------------------------------------------------------------------------
| Other Path Groups Table
| -----------------------
------------------------------------------------------------------------------------------------

Path Group    From Clock    To Clock          WNS(ns)      TNS(ns)  TNS Failing Endpoints  TNS Total Endpoints  
----------    ----------    --------          -------      -------  ---------------------  -------------------  


------------------------------------------------------------------------------------------------
| User Ignored Path Table
| -----------------------
------------------------------------------------------------------------------------------------

Path Group    From Clock    To Clock    
----------    ----------    --------    


------------------------------------------------------------------------------------------------
| Unconstrained Path Table
| ------------------------
------------------------------------------------------------------------------------------------

Path Group    From Clock    To Clock    
----------    ----------    --------    
(none)        clk                         
(none)                      clk           


------------------------------------------------------------------------------------------------
| Timing Details
| --------------
------------------------------------------------------------------------------------------------


---------------------------------------------------------------------------------------------------
From Clock:  clk
  To Clock:  clk

Setup :            0  Failing Endpoints,  Worst Slack        0.311ns,  Total Violation        0.000ns
Hold  :           NA  Failing Endpoints,  Worst Slack           NA  ,  Total Violation           NA
PW    :            0  Failing Endpoints,  Worst Slack        3.750ns,  Total Violation        0.000ns
---------------------------------------------------------------------------------------------------


Max Delay Paths
--------------------------------------------------------------------------------------
Slack (MET) :             0.311ns  (required time - arrival time)
  Source:                 u_stripe/cumulative_reg[1]/C
                            (rising edge-triggered cell FDCE clocked by clk  {rise@0.000ns fall@5.000ns period=10.000ns})
  Destination:            u_stripe/block_low_reg[1][6][9]/D
                            (rising edge-triggered cell FDCE clocked by clk  {rise@0.000ns fall@5.000ns period=10.000ns})
  Path Group:             clk
  Path Type:              Setup (Max at Slow Process Corner)
  Requirement:            10.000ns  (clk rise@10.000ns - clk rise@0.000ns)
  Data Path Delay:        9.274ns  (logic 3.640ns (39.251%)  route 5.634ns (60.749%))
  Logic Levels:           11  (CARRY4=5 LUT2=1 LUT3=1 LUT4=2 LUT6=2)
  Clock Path Skew:        -0.116ns (DCD - SCD + CPR)
    Destination Clock Delay (DCD):    4.503ns = ( 14.503 - 10.000 ) 
    Source Clock Delay      (SCD):    4.951ns
    Clock Pessimism Removal (CPR):    0.331ns
  Clock Uncertainty:      0.035ns  ((TSJ^2 + TIJ^2)^1/2 + DJ) / 2 + PE
    Total System Jitter     (TSJ):    0.071ns
    Total Input Jitter      (TIJ):    0.000ns
    Discrete Jitter          (DJ):    0.000ns
    Phase Error              (PE):    0.000ns

    Location             Delay type                Incr(ns)  Path(ns)    Netlist Resource(s)
  -------------------------------------------------------------------    -------------------
                         (clock clk rise edge)        0.000     0.000 r  <hidden>
    N15                                               0.000     0.000 r  clk
                         net (fo=0)                   0.000     0.000    clk
    N15                  IBUF (Prop_ibuf_I_O)         0.948     0.948 r  clk_IBUF_inst/O
                         net (fo=1, routed)           2.016     2.963    clk_IBUF
    BUFGCTRL_X0Y0        BUFG (Prop_bufg_I_O)         0.096     3.059 r  clk_IBUF_BUFG_inst/O
                         net (fo=3157, routed)        1.891     4.951    u_stripe/clk_IBUF_BUFG
    SLICE_X7Y13          FDCE                                         r  u_stripe/cumulative_reg[1]/C
  -------------------------------------------------------------------    -------------------
    SLICE_X7Y13          FDCE (Prop_fdce_C_Q)         0.456     5.407 r  u_stripe/cumulative_reg[1]/Q
                         net (fo=2, routed)           0.797     6.204    u_stripe/cumulative_reg_n_0_[1]
    SLICE_X9Y14          LUT3 (Prop_lut3_I1_O)        0.124     6.328 r  u_stripe/cumulative[3]_i_9/O
                         net (fo=1, routed)           0.000     6.328    u_stripe/cumulative[3]_i_9_n_0
    SLICE_X9Y14          CARRY4 (Prop_carry4_S[1]_O[2])
                                                      0.580     6.908 r  u_stripe/cumulative_reg[3]_i_2/O[2]
                         net (fo=4, routed)           0.628     7.536    u_stripe/cumulative_next[2]
    SLICE_X8Y15          LUT2 (Prop_lut2_I1_O)        0.302     7.838 r  u_stripe/block_active[2][0]_i_37/O
                         net (fo=1, routed)           0.000     7.838    u_stripe/block_active[2][0]_i_37_n_0
    SLICE_X8Y15          CARRY4 (Prop_carry4_S[1]_CO[3])
                                                      0.533     8.371 r  u_stripe/block_active_reg[2][0]_i_26/CO[3]
                         net (fo=1, routed)           0.000     8.371    u_stripe/block_active_reg[2][0]_i_26_n_0
    SLICE_X8Y16          CARRY4 (Prop_carry4_CI_CO[3])
                                                      0.117     8.488 r  u_stripe/block_active_reg[2][0]_i_25/CO[3]
                         net (fo=1, routed)           0.000     8.488    u_stripe/block_active_reg[2][0]_i_25_n_0
    SLICE_X8Y17          CARRY4 (Prop_carry4_CI_O[1])
                                                      0.323     8.811 r  u_stripe/block_active_reg[2][0]_i_24/O[1]
                         net (fo=2, routed)           0.580     9.391    u_stripe/u_step/five_cumulative[10]
    SLICE_X10Y17         LUT4 (Prop_lut4_I2_O)        0.306     9.697 r  u_stripe/block_active[2][0]_i_13/O
                         net (fo=1, routed)           0.000     9.697    u_stripe/block_active[2][0]_i_13_n_0
    SLICE_X10Y17         CARRY4 (Prop_carry4_S[1]_CO[3])
                                                      0.533    10.230 r  u_stripe/block_active_reg[2][0]_i_5/CO[3]
                         net (fo=3, routed)           0.930    11.159    u_stripe/block_active_reg[2][0]_i_5_n_0
    SLICE_X14Y16         LUT6 (Prop_lut6_I4_O)        0.124    11.283 r  u_stripe/block_active[2][0]_i_2/O
                         net (fo=5, routed)           0.845    12.128    u_stripe/block_active[2][0]_i_2_n_0
    SLICE_X12Y9          LUT6 (Prop_lut6_I1_O)        0.124    12.252 r  u_stripe/block_active[1][0]_i_1/O
                         net (fo=19, routed)          0.828    13.080    u_stripe/block_active6_out
    SLICE_X11Y6          LUT4 (Prop_lut4_I3_O)        0.118    13.198 r  u_stripe/block_low[1][0][9]_i_2/O
                         net (fo=10, routed)          1.026    14.224    u_stripe/block_low[1][0][9]_i_2_n_0
    SLICE_X20Y2          FDCE                                         r  u_stripe/block_low_reg[1][6][9]/D
  -------------------------------------------------------------------    -------------------

                         (clock clk rise edge)       10.000    10.000 r  <hidden>
    N15                                               0.000    10.000 r  clk
                         net (fo=0)                   0.000    10.000    clk
    N15                  IBUF (Prop_ibuf_I_O)         0.814    10.814 r  clk_IBUF_inst/O
                         net (fo=1, routed)           1.911    12.725    clk_IBUF
    BUFGCTRL_X0Y0        BUFG (Prop_bufg_I_O)         0.091    12.816 r  clk_IBUF_BUFG_inst/O
                         net (fo=3157, routed)        1.687    14.503    u_stripe/clk_IBUF_BUFG
    SLICE_X20Y2          FDCE                                         r  u_stripe/block_low_reg[1][6][9]/C
                         clock pessimism              0.331    14.835    <hidden>
                         clock uncertainty           -0.035    14.799    <hidden>
    SLICE_X20Y2          FDCE (Setup_fdce_C_D)       -0.264    14.535    u_stripe/block_low_reg[1][6][9]
  -------------------------------------------------------------------
                         required time                         14.535    <hidden>
                         arrival time                         -14.224    <hidden>
  -------------------------------------------------------------------
                         slack                                  0.311    <hidden>





Pulse Width Checks
--------------------------------------------------------------------------------------
Clock Name:         clk
Waveform(ns):       { 0.000 5.000 }
Period(ns):         10.000
Sources:            { clk }

Check Type        Corner  Lib Pin             Reference Pin  Required(ns)  Actual(ns)  Slack(ns)  Location      Pin
Min Period        n/a     RAMB36E1/CLKARDCLK  n/a            3.363         10.000      6.637      RAMB36_X2Y14  u_stripe/g_bank[0].stripe_reg_0_0/CLKARDCLK
Low Pulse Width   Slow    RAMD64E/CLK         n/a            1.250         5.000       3.750      SLICE_X10Y10  u_stripe/g_bank[0].u_hist/hist_reg_r1_0_63_0_2/RAMA/CLK
High Pulse Width  Slow    RAMD64E/CLK         n/a            1.250         5.000       3.750      SLICE_X10Y10  u_stripe/g_bank[0].u_hist/hist_reg_r1_0_63_0_2/RAMA/CLK



--------------------------------------------------------------------------------------
Path Group:  (none)
From Clock:  clk
  To Clock:  

Max Delay             4 Endpoints
Min Delay             0 Endpoints
--------------------------------------------------------------------------------------


Max Delay Paths
--------------------------------------------------------------------------------------
Slack:                    inf
  Source:                 u_local_3x3/doubleThreshold_vsync_d1_reg/C
                            (rising edge-triggered cell FDCE clocked by clk  {rise@0.000ns fall@5.000ns period=10.000ns})
  Destination:            post_frame_vsync
                            (output port)
  Path Group:             (none)
  Path Type:              Max at Slow Process Corner
  Data Path Delay:        8.442ns  (logic 3.221ns (38.160%)  route 5.220ns (61.840%))
  Logic Levels:           1  (OBUF=1)
  Clock Uncertainty:      0.025ns  ((TSJ^2 + TIJ^2)^1/2 + DJ) / 2 + PE
    Total System Jitter     (TSJ):    0.050ns
    Total Input Jitter      (TIJ):    0.000ns
    Discrete Jitter          (DJ):    0.000ns
    Phase Error              (PE):    0.000ns

    Location             Delay type                Incr(ns)  Path(ns)    Netlist Resource(s)
  -------------------------------------------------------------------    -------------------
                         (clock clk rise edge)        0.000     0.000 r  <hidden>
    N15                                               0.000     0.000 r  clk
                         net (fo=0)                   0.000     0.000    clk
    N15                  IBUF (Prop_ibuf_I_O)         0.948     0.948 r  clk_IBUF_inst/O
                         net (fo=1, routed)           2.016     2.963    clk_IBUF
    BUFGCTRL_X0Y0        BUFG (Prop_bufg_I_O)         0.096     3.059 r  clk_IBUF_BUFG_inst/O
                         net (fo=3157, routed)        1.816     4.876    u_local_3x3/clk_IBUF_BUFG
    SLICE_X24Y3          FDCE                                         r  u_local_3x3/doubleThreshold_vsync_d1_reg/C
  -------------------------------------------------------------------    -------------------
    SLICE_X24Y3          FDCE (Prop_fdce_C_Q)         0.419     5.295 r  u_local_3x3/doubleThreshold_vsync_d1_reg/Q
                         net (fo=1, routed)           5.220    10.515    post_frame_vsync_OBUF
    L13                  OBUF (Prop_obuf_I_O)         2.802    13.317 r  post_frame_vsync_OBUF_inst/O
                         net (fo=0)                   0.000    13.317    post_frame_vsync
    L13                                                               r  post_frame_vsync
  -------------------------------------------------------------------    -------------------





--------------------------------------------------------------------------------------
Path Group:  (none)
From Clock:  
  To Clock:  clk

Max Delay          2208 Endpoints
Min Delay             0 Endpoints
--------------------------------------------------------------------------------------


Max Delay Paths
--------------------------------------------------------------------------------------
Slack:                    inf
  Source:                 rst_n
                            (input port)
  Destination:            u_gradient/u_cordic/g_stage[13].g_y.y_reg_reg[24]/CLR
                            (recovery check against rising-edge clock clk  {rise@0.000ns fall@5.000ns period=10.000ns})
  Path Group:             (none)
  Path Type:              Recovery (Max at Slow Process Corner)
  Data Path Delay:        13.311ns  (logic 1.106ns (8.312%)  route 12.204ns (91.688%))
  Logic Levels:           2  (IBUF=1 LUT1=1)
  Clock Path Skew:        4.488ns (DCD - SCD + CPR)
    Destination Clock Delay (DCD):    4.488ns
    Source Clock Delay      (SCD):    0.000ns
    Clock Pessimism Removal (CPR):    0.000ns
  Clock Uncertainty:      0.025ns  ((TSJ^2 + TIJ^2)^1/2 + DJ) / 2 + PE
    Total System Jitter     (TSJ):    0.050ns
    Total Input Jitter      (TIJ):    0.000ns
    Discrete Jitter          (DJ):    0.000ns
    Phase Error              (PE):    0.000ns

    Location             Delay type                Incr(ns)  Path(ns)    Netlist Resource(s)
  -------------------------------------------------------------------    -------------------
    T18                                               0.000     0.000 r  rst_n
                         net (fo=0)                   0.000     0.000    rst_n
    T18                  IBUF (Prop_ibuf_I_O)         0.982     0.982 r  rst_n_IBUF_inst/O
                         net (fo=1, routed)           2.313     3.295    u_gradient/u_cordic/rst_n_IBUF
    SLICE_X0Y52          LUT1 (Prop_lut1_I0_O)        0.124     3.419 f  u_gradient/u_cordic/per_frame_href_r[1]_i_1/O
                         net (fo=2126, routed)        9.891    13.311    u_gradient/u_cordic/rst_n
    SLICE_X30Y19         FDCE                                         f  u_gradient/u_cordic/g_stage[13].g_y.y_reg_reg[24]/CLR
  -------------------------------------------------------------------    -------------------

                         (clock clk rise edge)        0.000     0.000 r  <hidden>
    N15                                               0.000     0.000 r  clk
                         net (fo=0)                   0.000     0.000    clk
    N15                  IBUF (Prop_ibuf_I_O)         0.814     0.814 r  clk_IBUF_inst/O
                         net (fo=1, routed)           1.911     2.725    clk_IBUF
    BUFGCTRL_X0Y0        BUFG (Prop_bufg_I_O)         0.091     2.816 r  clk_IBUF_BUFG_inst/O
                         net (fo=3157, routed)        1.672     4.488    u_gradient/u_cordic/clk_IBUF_BUFG
    SLICE_X30Y19         FDCE                                         r  u_gradient/u_cordic/g_stage[13].g_y.y_reg_reg[24]/C





