Copyright 1986-2022 Xilinx, Inc. All Rights Reserved. Copyright 2022-2026 Advanced Micro Devices, Inc. All Rights Reserved.
---------------------------------------------------------------------------------------------------------------------------------------------
| Tool Version : Vivado v.2026.1 (win64) Build 6511674 Tue Jun 16 11:02:23 MDT 2026
| Date         : Mon Oct  5 01:40:51 2026
| Host         : Kiyopon running 64-bit major release  (build 9200)
| Command      : report_timing_summary -delay_type max -report_unconstrained -file reports/phase9/b64_h16_timing_synth.rpt
| Design       : canny_block_adaptive_phase9_top
| Device       : 7a100t-csg324
| Speed File   : -1  PRODUCTION 1.23 2018-06-13
| Design State : Synthesized
---------------------------------------------------------------------------------------------------------------------------------------------

Timing Summary Report

------------------------------------------------------------------------------------------------
| Timer Settings
| --------------
------------------------------------------------------------------------------------------------

  Enable Multi Corner Analysis               :  Yes
  Enable Pessimism Removal                   :  Yes
  Pessimism Removal Resolution               :  Nearest Common Node
  Enable Input Delay Default Clock           :  No
  Enable Preset / Clear Arcs                 :  No
  Disable Flight Delays                      :  No
  Ignore I/O Paths                           :  No
  Timing Early Launch at Borrowing Latches   :  No
  Borrow Time for Max Delay Exceptions       :  Yes
  Merge Timing Exceptions                    :  Yes
  Inter-SLR Compensation                     :  Conservative

  Corner  Analyze    Analyze    
  Name    Max Paths  Min Paths  
  ------  ---------  ---------  
  Slow    Yes        Yes        
  Fast    Yes        Yes        


------------------------------------------------------------------------------------------------
| Report Methodology
| ------------------
------------------------------------------------------------------------------------------------

No report available as report_methodology has not been run prior. Run report_methodology on the current design for the summary of methodology violations.



check_timing report

Table of Contents
-----------------
1. checking no_clock (0)
2. checking constant_clock (0)
3. checking pulse_width_clock (0)
4. checking unconstrained_internal_endpoints (0)
5. checking no_input_delay (35)
6. checking no_output_delay (4)
7. checking multiple_clock (0)
8. checking generated_clocks (0)
9. checking loops (0)
10. checking partial_input_delay (0)
11. checking partial_output_delay (0)
12. checking latch_loops (0)

1. checking no_clock (0)
------------------------
 There are 0 register/latch pins with no clock.


2. checking constant_clock (0)
------------------------------
 There are 0 register/latch pins with constant_clock.


3. checking pulse_width_clock (0)
---------------------------------
 There are 0 register/latch pins which need pulse_width check


4. checking unconstrained_internal_endpoints (0)
------------------------------------------------
 There are 0 pins that are not constrained for maximum delay.

 There are 0 pins that are not constrained for maximum delay due to constant clock.


5. checking no_input_delay (35)
-------------------------------
 There are 35 input ports with no input delay specified. (HIGH)

 There are 0 input ports with no input delay but user has a false path constraint.


6. checking no_output_delay (4)
-------------------------------
 There are 4 ports with no output delay specified. (HIGH)

 There are 0 ports with no output delay but user has a false path constraint

 There are 0 ports with no output delay but with a timing clock defined on it or propagating through it


7. checking multiple_clock (0)
------------------------------
 There are 0 register/latch pins with multiple clocks.


8. checking generated_clocks (0)
--------------------------------
 There are 0 generated clocks that are not connected to a clock source.


9. checking loops (0)
---------------------
 There are 0 combinational loops in the design.


10. checking partial_input_delay (0)
------------------------------------
 There are 0 input ports with partial input delay specified.


11. checking partial_output_delay (0)
-------------------------------------
 There are 0 ports with partial output delay specified.


12. checking latch_loops (0)
----------------------------
 There are 0 combinational latch loops in the design through latch input



------------------------------------------------------------------------------------------------
| Design Timing Summary
| ---------------------
------------------------------------------------------------------------------------------------

    WNS(ns)      TNS(ns)  TNS Failing Endpoints  TNS Total Endpoints     WPWS(ns)     TPWS(ns)  TPWS Failing Endpoints  TPWS Total Endpoints  
    -------      -------  ---------------------  -------------------     --------     --------  ----------------------  --------------------  
      1.067        0.000                      0                 9686        3.750        0.000                       0                  3342  


All user specified timing constraints are met.


------------------------------------------------------------------------------------------------
| Clock Summary
| -------------
------------------------------------------------------------------------------------------------

Clock  Waveform(ns)       Period(ns)      Frequency(MHz)
-----  ------------       ----------      --------------
clk    {0.000 5.000}      10.000          100.000         


------------------------------------------------------------------------------------------------
| Intra Clock Table
| -----------------
------------------------------------------------------------------------------------------------

Clock             WNS(ns)      TNS(ns)  TNS Failing Endpoints  TNS Total Endpoints     WPWS(ns)     TPWS(ns)  TPWS Failing Endpoints  TPWS Total Endpoints  
-----             -------      -------  ---------------------  -------------------     --------     --------  ----------------------  --------------------  
clk                 1.067        0.000                      0                 9686        3.750        0.000                       0                  3342  


------------------------------------------------------------------------------------------------
| Inter Clock Table
| -----------------
------------------------------------------------------------------------------------------------

From Clock    To Clock          WNS(ns)      TNS(ns)  TNS Failing Endpoints  TNS Total Endpoints  
----------    --------          -------      -------  ---------------------  -------------------  


------------------------------------------------------------------------------------------------
| Other Path Groups Table
| -----------------------
------------------------------------------------------------------------------------------------

Path Group    From Clock    To Clock          WNS(ns)      TNS(ns)  TNS Failing Endpoints  TNS Total Endpoints  
----------    ----------    --------          -------      -------  ---------------------  -------------------  


------------------------------------------------------------------------------------------------
| User Ignored Path Table
| -----------------------
------------------------------------------------------------------------------------------------

Path Group    From Clock    To Clock    
----------    ----------    --------    


------------------------------------------------------------------------------------------------
| Unconstrained Path Table
| ------------------------
------------------------------------------------------------------------------------------------

Path Group    From Clock    To Clock    
----------    ----------    --------    
(none)        clk                         
(none)                      clk           


------------------------------------------------------------------------------------------------
| Timing Details
| --------------
------------------------------------------------------------------------------------------------


---------------------------------------------------------------------------------------------------
From Clock:  clk
  To Clock:  clk

Setup :            0  Failing Endpoints,  Worst Slack        1.067ns,  Total Violation        0.000ns
Hold  :           NA  Failing Endpoints,  Worst Slack           NA  ,  Total Violation           NA
PW    :            0  Failing Endpoints,  Worst Slack        3.750ns,  Total Violation        0.000ns
---------------------------------------------------------------------------------------------------


Max Delay Paths
--------------------------------------------------------------------------------------
Slack (MET) :             1.067ns  (required time - arrival time)
  Source:                 u_stripe/scan_first_pipe_reg/C
                            (rising edge-triggered cell FDCE clocked by clk  {rise@0.000ns fall@5.000ns period=10.000ns})
  Destination:            u_stripe/block_active_reg[0][0]/CE
                            (rising edge-triggered cell FDCE clocked by clk  {rise@0.000ns fall@5.000ns period=10.000ns})
  Path Group:             clk
  Path Type:              Setup (Max at Slow Process Corner)
  Requirement:            10.000ns  (clk rise@10.000ns - clk rise@0.000ns)
  Data Path Delay:        8.551ns  (logic 3.915ns (45.784%)  route 4.636ns (54.216%))
  Logic Levels:           12  (CARRY4=6 LUT2=2 LUT3=1 LUT6=3)
  Clock Path Skew:        -0.145ns (DCD - SCD + CPR)
    Destination Clock Delay (DCD):    2.130ns = ( 12.130 - 10.000 ) 
    Source Clock Delay      (SCD):    2.454ns
    Clock Pessimism Removal (CPR):    0.179ns
  Clock Uncertainty:      0.035ns  ((TSJ^2 + TIJ^2)^1/2 + DJ) / 2 + PE
    Total System Jitter     (TSJ):    0.071ns
    Total Input Jitter      (TIJ):    0.000ns
    Discrete Jitter          (DJ):    0.000ns
    Phase Error              (PE):    0.000ns

    Location             Delay type                Incr(ns)  Path(ns)    Netlist Resource(s)
  -------------------------------------------------------------------    -------------------
                         (clock clk rise edge)        0.000     0.000 r  <hidden>
                                                      0.000     0.000 r  clk
                         net (fo=0)                   0.000     0.000    clk
                         IBUF (Prop_ibuf_I_O)         0.971     0.971 r  clk_IBUF_inst/O
                         net (fo=1, unplaced)         0.803     1.774    clk_IBUF
                         BUFG (Prop_bufg_I_O)         0.096     1.870 r  clk_IBUF_BUFG_inst/O
                         net (fo=3341, unplaced)      0.584     2.454    u_stripe/clk_IBUF_BUFG
                         FDCE                                         r  u_stripe/scan_first_pipe_reg/C
  -------------------------------------------------------------------    -------------------
                         FDCE (Prop_fdce_C_Q)         0.478     2.932 r  u_stripe/scan_first_pipe_reg/Q
                         net (fo=27, unplaced)        0.830     3.762    u_stripe/scan_first_pipe
                         LUT3 (Prop_lut3_I0_O)        0.295     4.057 r  u_stripe/cumulative[3]_i_9/O
                         net (fo=1, unplaced)         0.000     4.057    u_stripe/cumulative[3]_i_9_n_0
                         CARRY4 (Prop_carry4_S[1]_CO[3])
                                                      0.533     4.590 r  u_stripe/cumulative_reg[3]_i_2/CO[3]
                         net (fo=1, unplaced)         0.000     4.590    u_stripe/cumulative_reg[3]_i_2_n_0
                         CARRY4 (Prop_carry4_CI_CO[3])
                                                      0.117     4.707 r  u_stripe/cumulative_reg[7]_i_2/CO[3]
                         net (fo=1, unplaced)         0.000     4.707    u_stripe/cumulative_reg[7]_i_2_n_0
                         CARRY4 (Prop_carry4_CI_O[1])
                                                      0.337     5.044 r  u_stripe/cumulative_reg[11]_i_2/O[1]
                         net (fo=4, unplaced)         0.635     5.679    u_stripe/cumulative_next[9]
                         LUT2 (Prop_lut2_I0_O)        0.306     5.985 r  u_stripe/block_active[2][0]_i_28/O
                         net (fo=1, unplaced)         0.000     5.985    u_stripe/block_active[2][0]_i_28_n_0
                         CARRY4 (Prop_carry4_S[2]_CO[3])
                                                      0.380     6.365 r  u_stripe/block_active_reg[2][0]_i_24/CO[3]
                         net (fo=1, unplaced)         0.000     6.365    u_stripe/block_active_reg[2][0]_i_24_n_0
                         CARRY4 (Prop_carry4_CI_O[1])
                                                      0.337     6.702 r  u_stripe/block_active_reg[2][0]_i_23/O[1]
                         net (fo=2, unplaced)         0.622     7.324    u_stripe/u_step/five_cumulative[14]
                         LUT2 (Prop_lut2_I0_O)        0.331     7.655 r  u_stripe/block_active[2][0]_i_7/O
                         net (fo=1, unplaced)         0.000     7.655    u_stripe/block_active[2][0]_i_7_n_0
                         CARRY4 (Prop_carry4_DI[3]_CO[3])
                                                      0.429     8.084 r  u_stripe/block_active_reg[2][0]_i_5/CO[3]
                         net (fo=3, unplaced)         0.766     8.850    u_stripe/block_active_reg[2][0]_i_5_n_0
                         LUT6 (Prop_lut6_I4_O)        0.124     8.974 r  u_stripe/block_active[2][0]_i_2/O
                         net (fo=2, unplaced)         0.743     9.717    u_stripe/block_active[2][0]_i_2_n_0
                         LUT6 (Prop_lut6_I1_O)        0.124     9.841 r  u_stripe/selected_i_3/O
                         net (fo=31, unplaced)        0.519    10.360    u_stripe/selected_i_3_n_0
                         LUT6 (Prop_lut6_I0_O)        0.124    10.484 r  u_stripe/block_low[0][0][9]_i_1/O
                         net (fo=12, unplaced)        0.521    11.005    u_stripe/block_low[0][0][9]_i_1_n_0
                         FDCE                                         r  u_stripe/block_active_reg[0][0]/CE
  -------------------------------------------------------------------    -------------------

                         (clock clk rise edge)       10.000    10.000 r  <hidden>
                                                      0.000    10.000 r  clk
                         net (fo=0)                   0.000    10.000    clk
                         IBUF (Prop_ibuf_I_O)         0.838    10.838 r  clk_IBUF_inst/O
                         net (fo=1, unplaced)         0.763    11.600    clk_IBUF
                         BUFG (Prop_bufg_I_O)         0.091    11.691 r  clk_IBUF_BUFG_inst/O
                         net (fo=3341, unplaced)      0.439    12.130    u_stripe/clk_IBUF_BUFG
                         FDCE                                         r  u_stripe/block_active_reg[0][0]/C
                         clock pessimism              0.179    12.309    <hidden>
                         clock uncertainty           -0.035    12.274    <hidden>
                         FDCE (Setup_fdce_C_CE)      -0.202    12.072    u_stripe/block_active_reg[0][0]
  -------------------------------------------------------------------
                         required time                         12.072    <hidden>
                         arrival time                         -11.005    <hidden>
  -------------------------------------------------------------------
                         slack                                  1.067    <hidden>





Pulse Width Checks
--------------------------------------------------------------------------------------
Clock Name:         clk
Waveform(ns):       { 0.000 5.000 }
Period(ns):         10.000
Sources:            { clk }

Check Type        Corner  Lib Pin             Reference Pin  Required(ns)  Actual(ns)  Slack(ns)  Location  Pin
Min Period        n/a     RAMB36E1/CLKARDCLK  n/a            3.363         10.000      6.637                u_stripe/g_bank[0].stripe_reg_0_0/CLKARDCLK
Low Pulse Width   Slow    RAMD64E/CLK         n/a            1.250         5.000       3.750                u_stripe/g_bank[0].u_hist/hist_reg_r1_0_63_0_2/RAMA/CLK
High Pulse Width  Slow    RAMD64E/CLK         n/a            1.250         5.000       3.750                u_stripe/g_bank[0].u_hist/hist_reg_r1_0_63_0_2/RAMA/CLK



--------------------------------------------------------------------------------------
Path Group:  (none)
From Clock:  clk
  To Clock:  

Max Delay             4 Endpoints
Min Delay             0 Endpoints
--------------------------------------------------------------------------------------


Max Delay Paths
--------------------------------------------------------------------------------------
Slack:                    inf
  Source:                 u_local_3x3/doubleThreshold_href_d1_reg/C
                            (rising edge-triggered cell FDCE clocked by clk  {rise@0.000ns fall@5.000ns period=10.000ns})
  Destination:            post_frame_clken
                            (output port)
  Path Group:             (none)
  Path Type:              Max at Slow Process Corner
  Data Path Delay:        4.090ns  (logic 3.287ns (80.370%)  route 0.803ns (19.630%))
  Logic Levels:           1  (OBUF=1)
  Clock Uncertainty:      0.025ns  ((TSJ^2 + TIJ^2)^1/2 + DJ) / 2 + PE
    Total System Jitter     (TSJ):    0.050ns
    Total Input Jitter      (TIJ):    0.000ns
    Discrete Jitter          (DJ):    0.000ns
    Phase Error              (PE):    0.000ns

    Location             Delay type                Incr(ns)  Path(ns)    Netlist Resource(s)
  -------------------------------------------------------------------    -------------------
                         (clock clk rise edge)        0.000     0.000 r  <hidden>
                                                      0.000     0.000 r  clk
                         net (fo=0)                   0.000     0.000    clk
                         IBUF (Prop_ibuf_I_O)         0.971     0.971 r  clk_IBUF_inst/O
                         net (fo=1, unplaced)         0.803     1.774    clk_IBUF
                         BUFG (Prop_bufg_I_O)         0.096     1.870 r  clk_IBUF_BUFG_inst/O
                         net (fo=3341, unplaced)      0.584     2.454    u_local_3x3/clk_IBUF_BUFG
                         FDCE                                         r  u_local_3x3/doubleThreshold_href_d1_reg/C
  -------------------------------------------------------------------    -------------------
                         FDCE (Prop_fdce_C_Q)         0.478     2.932 r  u_local_3x3/doubleThreshold_href_d1_reg/Q
                         net (fo=2, unplaced)         0.803     3.735    post_frame_clken_OBUF
                         OBUF (Prop_obuf_I_O)         2.809     6.544 r  post_frame_clken_OBUF_inst/O
                         net (fo=0)                   0.000     6.544    post_frame_clken
                                                                      r  post_frame_clken
  -------------------------------------------------------------------    -------------------





--------------------------------------------------------------------------------------
Path Group:  (none)
From Clock:  
  To Clock:  clk

Max Delay          2284 Endpoints
Min Delay             0 Endpoints
--------------------------------------------------------------------------------------


Max Delay Paths
--------------------------------------------------------------------------------------
Slack:                    inf
  Source:                 per_frame_clken
                            (input port)
  Destination:            u_gaussian/u_matrix_generate_3x3_phase5b/u_one_column_ram/u_fifo_ram0/fifo_buffer_reg/RSTRAMB
                            (rising edge-triggered cell RAMB18E1 clocked by clk  {rise@0.000ns fall@5.000ns period=10.000ns})
  Path Group:             (none)
  Path Type:              Setup (Max at Slow Process Corner)
  Data Path Delay:        2.701ns  (logic 1.095ns (40.552%)  route 1.606ns (59.448%))
  Logic Levels:           2  (IBUF=1 LUT1=1)
  Clock Path Skew:        2.130ns (DCD - SCD + CPR)
    Destination Clock Delay (DCD):    2.130ns
    Source Clock Delay      (SCD):    0.000ns
    Clock Pessimism Removal (CPR):    0.000ns
  Clock Uncertainty:      0.025ns  ((TSJ^2 + TIJ^2)^1/2 + DJ) / 2 + PE
    Total System Jitter     (TSJ):    0.050ns
    Total Input Jitter      (TIJ):    0.000ns
    Discrete Jitter          (DJ):    0.000ns
    Phase Error              (PE):    0.000ns

    Location             Delay type                Incr(ns)  Path(ns)    Netlist Resource(s)
  -------------------------------------------------------------------    -------------------
                                                      0.000     0.000 f  per_frame_clken
                         net (fo=0)                   0.000     0.000    per_frame_clken
                         IBUF (Prop_ibuf_I_O)         0.971     0.971 f  per_frame_clken_IBUF_inst/O
                         net (fo=23, unplaced)        0.803     1.774    u_gaussian/u_matrix_generate_3x3_phase5b/u_one_column_ram/u_fifo_ram1/rd_pointer_reg[9]_0[0]
                         LUT1 (Prop_lut1_I0_O)        0.124     1.898 r  u_gaussian/u_matrix_generate_3x3_phase5b/u_one_column_ram/u_fifo_ram1/fifo_buffer_reg_i_1/O
                         net (fo=2, unplaced)         0.803     2.701    u_gaussian/u_matrix_generate_3x3_phase5b/u_one_column_ram/u_fifo_ram0/fifo_buffer_reg_0
                         RAMB18E1                                     r  u_gaussian/u_matrix_generate_3x3_phase5b/u_one_column_ram/u_fifo_ram0/fifo_buffer_reg/RSTRAMB
  -------------------------------------------------------------------    -------------------

                         (clock clk rise edge)        0.000     0.000 r  <hidden>
                                                      0.000     0.000 r  clk
                         net (fo=0)                   0.000     0.000    clk
                         IBUF (Prop_ibuf_I_O)         0.838     0.838 r  clk_IBUF_inst/O
                         net (fo=1, unplaced)         0.763     1.600    clk_IBUF
                         BUFG (Prop_bufg_I_O)         0.091     1.691 r  clk_IBUF_BUFG_inst/O
                         net (fo=3341, unplaced)      0.439     2.130    u_gaussian/u_matrix_generate_3x3_phase5b/u_one_column_ram/u_fifo_ram0/clk_IBUF_BUFG
                         RAMB18E1                                     r  u_gaussian/u_matrix_generate_3x3_phase5b/u_one_column_ram/u_fifo_ram0/fifo_buffer_reg/CLKBWRCLK





