Copyright 1986-2022 Xilinx, Inc. All Rights Reserved. Copyright 2022-2026 Advanced Micro Devices, Inc. All Rights Reserved.
---------------------------------------------------------------------------------------------------------------------------------------------
| Tool Version : Vivado v.2026.1 (win64) Build 6511674 Tue Jun 16 11:02:23 MDT 2026
| Date         : Tue Oct  6 04:16:41 2026
| Host         : Kiyopon running 64-bit major release  (build 9200)
| Command      : report_utilization -hierarchical -file reports/phase11v/utilization_hierarchical.rpt
| Design       : canny_nexys_a7_phase11_top
| Device       : xc7a100tcsg324-1
| Speed File   : -1
| Design State : Routed
---------------------------------------------------------------------------------------------------------------------------------------------

Utilization Design Information

Table of Contents
-----------------
1. Utilization by Hierarchy

1. Utilization by Hierarchy
---------------------------

+-----------------------------------------+---------------------------------------------+------------+------------+---------+------+------+--------+--------+------------+
|                 Instance                |                    Module                   | Total LUTs | Logic LUTs | LUTRAMs | SRLs |  FFs | RAMB36 | RAMB18 | DSP Blocks |
+-----------------------------------------+---------------------------------------------+------------+------------+---------+------+------+--------+--------+------------+
| canny_nexys_a7_phase11_top              |                                       (top) |       3965 |       3321 |     640 |    4 | 3299 |    118 |      8 |          0 |
|   (canny_nexys_a7_phase11_top)          |                                       (top) |        221 |        221 |       0 |    0 |  301 |     96 |      0 |          0 |
|   u_core                                |            canny_block_adaptive_phase10_top |       3635 |       2991 |     640 |    4 | 2974 |     22 |      8 |          0 |
|     u_nms                               |                  canny_nms_magnitude_phase8 |        121 |        121 |       0 |    0 |  221 |      0 |      2 |          0 |
|       u_matrix                          | matrix_generate_3x3_phase5b__parameterized0 |        115 |        115 |       0 |    0 |  199 |      0 |      2 |          0 |
|         (u_matrix)                      | matrix_generate_3x3_phase5b__parameterized0 |         81 |         81 |       0 |    0 |  112 |      0 |      0 |          0 |
|         u_one_column_ram                |              one_column_ram__parameterized0 |         34 |         34 |       0 |    0 |   87 |      0 |      2 |          0 |
|     g_engine[0].u_engine                |               block_adaptive_engine_phase10 |       2030 |       1390 |     640 |    0 | 1122 |     22 |      0 |          0 |
|       (g_engine[0].u_engine)            |               block_adaptive_engine_phase10 |        650 |        650 |       0 |    0 |  682 |     22 |      0 |          0 |
|       g_bank[0].u_hist                  |                       histogram_unit_phase9 |        677 |        357 |     320 |    0 |  220 |      0 |      0 |          0 |
|       g_bank[1].u_hist                  |                     histogram_unit_phase9_7 |        706 |        386 |     320 |    0 |  220 |      0 |      0 |          0 |
|     u_gaussian                          |               image_gaussian_filter_phase5b |         93 |         93 |       0 |    0 |  185 |      0 |      2 |          0 |
|       u_matrix_generate_3x3_phase5b     |               matrix_generate_3x3_phase5b_3 |         52 |         52 |       0 |    0 |  143 |      0 |      2 |          0 |
|         (u_matrix_generate_3x3_phase5b) |               matrix_generate_3x3_phase5b_3 |         12 |         12 |       0 |    0 |   77 |      0 |      0 |          0 |
|         u_one_column_ram                |                            one_column_ram_4 |         40 |         40 |       0 |    0 |   66 |      0 |      2 |          0 |
|     u_gradient                          |                   canny_gradient_raw_phase8 |       1318 |       1314 |       0 |    4 | 1356 |      0 |      2 |          0 |
|       (u_gradient)                      |                   canny_gradient_raw_phase8 |         30 |         30 |       0 |    0 |   83 |      0 |      0 |          0 |
|       u_cordic                          |                     cordic_gradient_phase4b |       1206 |       1202 |       0 |    4 | 1130 |      0 |      0 |          0 |
|       u_matrix                          |                 matrix_generate_3x3_phase5b |         82 |         82 |       0 |    0 |  143 |      0 |      2 |          0 |
|         (u_matrix)                      |                 matrix_generate_3x3_phase5b |         50 |         50 |       0 |    0 |   77 |      0 |      0 |          0 |
|         u_one_column_ram                |                              one_column_ram |         32 |         32 |       0 |    0 |   66 |      0 |      2 |          0 |
|     u_local_3x3                         |               canny_doubleThreshold_phase5b |         53 |         53 |       0 |    0 |   66 |      0 |      2 |          0 |
|   u_uart                                |                             uart_tx_phase11 |        109 |        109 |       0 |    0 |   24 |      0 |      0 |          0 |
+-----------------------------------------+---------------------------------------------+------------+------------+---------+------+------+--------+--------+------------+
* Note: The sum of lower-level cells may be larger than their parent cells total, due to cross-hierarchy LUT combining


