Copyright 1986-2022 Xilinx, Inc. All Rights Reserved. Copyright 2022-2026 Advanced Micro Devices, Inc. All Rights Reserved.
---------------------------------------------------------------------------------------------------------------------------------------------
| Tool Version : Vivado v.2026.1 (win64) Build 6511674 Tue Jun 16 11:02:23 MDT 2026
| Date         : Mon Oct  5 16:12:33 2026
| Host         : Kiyopon running 64-bit major release  (build 9200)
| Command      : report_utilization -hierarchical -file reports/phase10/e1_utilization_hierarchical.rpt
| Design       : canny_block_adaptive_phase10_top
| Device       : xc7a100tcsg324-1
| Speed File   : -1
| Design State : Synthesized
---------------------------------------------------------------------------------------------------------------------------------------------

Utilization Design Information

Table of Contents
-----------------
1. Utilization by Hierarchy

1. Utilization by Hierarchy
---------------------------

+---------------------------------------+---------------------------------------------+------------+------------+---------+------+------+--------+--------+------------+
|                Instance               |                    Module                   | Total LUTs | Logic LUTs | LUTRAMs | SRLs |  FFs | RAMB36 | RAMB18 | DSP Blocks |
+---------------------------------------+---------------------------------------------+------------+------------+---------+------+------+--------+--------+------------+
| canny_block_adaptive_phase10_top      |                                       (top) |       3834 |       3189 |     640 |    5 | 3059 |     22 |      8 |          0 |
|   (canny_block_adaptive_phase10_top)  |                                       (top) |         11 |         11 |       0 |    0 |   46 |      0 |      0 |          0 |
|   g_engine[0].u_engine                |               block_adaptive_engine_phase10 |       2146 |       1506 |     640 |    0 | 1173 |     22 |      0 |          0 |
|     (g_engine[0].u_engine)            |               block_adaptive_engine_phase10 |        741 |        741 |       0 |    0 |  733 |     22 |      0 |          0 |
|     g_bank[0].u_hist                  |                       histogram_unit_phase9 |        687 |        367 |     320 |    0 |  220 |      0 |      0 |          0 |
|     g_bank[1].u_hist                  |                     histogram_unit_phase9_7 |        718 |        398 |     320 |    0 |  220 |      0 |      0 |          0 |
|   u_gaussian                          |               image_gaussian_filter_phase5b |        110 |        110 |       0 |    0 |  189 |      0 |      2 |          0 |
|     u_matrix_generate_3x3_phase5b     |               matrix_generate_3x3_phase5b_3 |         98 |         98 |       0 |    0 |  145 |      0 |      2 |          0 |
|       (u_matrix_generate_3x3_phase5b) |               matrix_generate_3x3_phase5b_3 |         65 |         65 |       0 |    0 |   79 |      0 |      0 |          0 |
|       u_one_column_ram                |                            one_column_ram_4 |         33 |         33 |       0 |    0 |   66 |      0 |      2 |          0 |
|   u_gradient                          |                   canny_gradient_raw_phase8 |       1366 |       1361 |       0 |    5 | 1359 |      0 |      2 |          0 |
|     (u_gradient)                      |                   canny_gradient_raw_phase8 |         30 |         30 |       0 |    0 |   84 |      0 |      0 |          0 |
|     u_cordic                          |                     cordic_gradient_phase4b |       1228 |       1223 |       0 |    5 | 1131 |      0 |      0 |          0 |
|     u_matrix                          |                 matrix_generate_3x3_phase5b |        108 |        108 |       0 |    0 |  144 |      0 |      2 |          0 |
|       (u_matrix)                      |                 matrix_generate_3x3_phase5b |         75 |         75 |       0 |    0 |   78 |      0 |      0 |          0 |
|       u_one_column_ram                |                              one_column_ram |         33 |         33 |       0 |    0 |   66 |      0 |      2 |          0 |
|   u_local_3x3                         |               canny_doubleThreshold_phase5b |         39 |         39 |       0 |    0 |   68 |      0 |      2 |          0 |
|   u_nms                               |                  canny_nms_magnitude_phase8 |        162 |        162 |       0 |    0 |  224 |      0 |      2 |          0 |
|     u_matrix                          | matrix_generate_3x3_phase5b__parameterized0 |        153 |        153 |       0 |    0 |  201 |      0 |      2 |          0 |
|       (u_matrix)                      | matrix_generate_3x3_phase5b__parameterized0 |        105 |        105 |       0 |    0 |  114 |      0 |      0 |          0 |
|       u_one_column_ram                |              one_column_ram__parameterized0 |         48 |         48 |       0 |    0 |   87 |      0 |      2 |          0 |
+---------------------------------------+---------------------------------------------+------------+------------+---------+------+------+--------+--------+------------+


